<!doctype html public "-//w3c//dtd html 4.0 transitional//en">
<html><head>
<title>Static Call Graph - [..\OBJ\RESTART.axf]</title></head>
<body><HR>
<H1>Static Call Graph for image ..\OBJ\RESTART.axf</H1><HR>
<BR><P>#&#060CALLGRAPH&#062# ARM Linker, 5060960: Last Updated: Thu Sep 14 16:13:38 2023
<BR><P>
<H3>Maximum Stack Usage =        892 bytes + Unknown(Cycles, Untraceable Function Pointers)</H3><H3>
Call chain for Maximum Stack Depth:</H3>
UART4_IRQHandler &rArr; targetOffsetDataDeal &rArr; process_general_message &rArr; host_to_device__frame__unpack &rArr; protobuf_c_message_unpack &rArr; parse_member &rArr; parse_oneof_member &rArr; parse_required_member &rArr;  protobuf_c_message_unpack (Cycle)
<P>
<H3>
Mutually Recursive functions
</H3> <LI><a href="#[182]">prefixed_message_pack</a>&nbsp;&nbsp;&nbsp;&rArr;&nbsp;&nbsp;&nbsp;<a href="#[18c]">protobuf_c_message_pack</a><BR>
 <LI><a href="#[173]">required_field_get_packed_size</a>&nbsp;&nbsp;&nbsp;&rArr;&nbsp;&nbsp;&nbsp;<a href="#[16f]">protobuf_c_message_get_packed_size</a><BR>
 <LI><a href="#[169]">repeated_field_get_packed_size</a>&nbsp;&nbsp;&nbsp;&rArr;&nbsp;&nbsp;&nbsp;<a href="#[16f]">protobuf_c_message_get_packed_size</a><BR>
 <LI><a href="#[19e]">protobuf_c_message_free_unpacked</a>&nbsp;&nbsp;&nbsp;&rArr;&nbsp;&nbsp;&nbsp;<a href="#[19e]">protobuf_c_message_free_unpacked</a><BR>
 <LI><a href="#[1a0]">parse_required_member</a>&nbsp;&nbsp;&nbsp;&rArr;&nbsp;&nbsp;&nbsp;<a href="#[1ab]">protobuf_c_message_unpack</a><BR>
 <LI><a href="#[197]">merge_messages</a>&nbsp;&nbsp;&nbsp;&rArr;&nbsp;&nbsp;&nbsp;<a href="#[197]">merge_messages</a><BR>
 <LI><a href="#[25]">ADC_IRQHandler</a>&nbsp;&nbsp;&nbsp;&rArr;&nbsp;&nbsp;&nbsp;<a href="#[25]">ADC_IRQHandler</a><BR>
</UL>
<P>
<H3>
Function Pointers
</H3><UL>
 <LI><a href="#[25]">ADC_IRQHandler</a> from startup_stm32f4xx.o(.text) referenced from startup_stm32f4xx.o(RESET)
 <LI><a href="#[d]">BusFault_Handler</a> from stm32f4xx_it.o(.text) referenced from startup_stm32f4xx.o(RESET)
 <LI><a href="#[27]">CAN1_RX0_IRQHandler</a> from can1.o(.text) referenced from startup_stm32f4xx.o(RESET)
 <LI><a href="#[28]">CAN1_RX1_IRQHandler</a> from startup_stm32f4xx.o(.text) referenced from startup_stm32f4xx.o(RESET)
 <LI><a href="#[29]">CAN1_SCE_IRQHandler</a> from startup_stm32f4xx.o(.text) referenced from startup_stm32f4xx.o(RESET)
 <LI><a href="#[26]">CAN1_TX_IRQHandler</a> from can1.o(.text) referenced from startup_stm32f4xx.o(RESET)
 <LI><a href="#[53]">CAN2_RX0_IRQHandler</a> from can2.o(.text) referenced from startup_stm32f4xx.o(RESET)
 <LI><a href="#[54]">CAN2_RX1_IRQHandler</a> from startup_stm32f4xx.o(.text) referenced from startup_stm32f4xx.o(RESET)
 <LI><a href="#[55]">CAN2_SCE_IRQHandler</a> from startup_stm32f4xx.o(.text) referenced from startup_stm32f4xx.o(RESET)
 <LI><a href="#[52]">CAN2_TX_IRQHandler</a> from can2.o(.text) referenced from startup_stm32f4xx.o(RESET)
 <LI><a href="#[62]">CRYP_IRQHandler</a> from startup_stm32f4xx.o(.text) referenced from startup_stm32f4xx.o(RESET)
 <LI><a href="#[61]">DCMI_IRQHandler</a> from startup_stm32f4xx.o(.text) referenced from startup_stm32f4xx.o(RESET)
 <LI><a href="#[1e]">DMA1_Stream0_IRQHandler</a> from startup_stm32f4xx.o(.text) referenced from startup_stm32f4xx.o(RESET)
 <LI><a href="#[1f]">DMA1_Stream1_IRQHandler</a> from startup_stm32f4xx.o(.text) referenced from startup_stm32f4xx.o(RESET)
 <LI><a href="#[20]">DMA1_Stream2_IRQHandler</a> from startup_stm32f4xx.o(.text) referenced from startup_stm32f4xx.o(RESET)
 <LI><a href="#[21]">DMA1_Stream3_IRQHandler</a> from usart3.o(.text) referenced from startup_stm32f4xx.o(RESET)
 <LI><a href="#[22]">DMA1_Stream4_IRQHandler</a> from usart4.o(.text) referenced from startup_stm32f4xx.o(RESET)
 <LI><a href="#[23]">DMA1_Stream5_IRQHandler</a> from startup_stm32f4xx.o(.text) referenced from startup_stm32f4xx.o(RESET)
 <LI><a href="#[24]">DMA1_Stream6_IRQHandler</a> from usart2.o(.text) referenced from startup_stm32f4xx.o(RESET)
 <LI><a href="#[42]">DMA1_Stream7_IRQHandler</a> from startup_stm32f4xx.o(.text) referenced from startup_stm32f4xx.o(RESET)
 <LI><a href="#[4b]">DMA2_Stream0_IRQHandler</a> from startup_stm32f4xx.o(.text) referenced from startup_stm32f4xx.o(RESET)
 <LI><a href="#[4c]">DMA2_Stream1_IRQHandler</a> from startup_stm32f4xx.o(.text) referenced from startup_stm32f4xx.o(RESET)
 <LI><a href="#[4d]">DMA2_Stream2_IRQHandler</a> from startup_stm32f4xx.o(.text) referenced from startup_stm32f4xx.o(RESET)
 <LI><a href="#[4e]">DMA2_Stream3_IRQHandler</a> from startup_stm32f4xx.o(.text) referenced from startup_stm32f4xx.o(RESET)
 <LI><a href="#[4f]">DMA2_Stream4_IRQHandler</a> from startup_stm32f4xx.o(.text) referenced from startup_stm32f4xx.o(RESET)
 <LI><a href="#[57]">DMA2_Stream5_IRQHandler</a> from startup_stm32f4xx.o(.text) referenced from startup_stm32f4xx.o(RESET)
 <LI><a href="#[58]">DMA2_Stream6_IRQHandler</a> from startup_stm32f4xx.o(.text) referenced from startup_stm32f4xx.o(RESET)
 <LI><a href="#[59]">DMA2_Stream7_IRQHandler</a> from startup_stm32f4xx.o(.text) referenced from startup_stm32f4xx.o(RESET)
 <LI><a href="#[10]">DebugMon_Handler</a> from stm32f4xx_it.o(.text) referenced from startup_stm32f4xx.o(RESET)
 <LI><a href="#[50]">ETH_IRQHandler</a> from startup_stm32f4xx.o(.text) referenced from startup_stm32f4xx.o(RESET)
 <LI><a href="#[51]">ETH_WKUP_IRQHandler</a> from startup_stm32f4xx.o(.text) referenced from startup_stm32f4xx.o(RESET)
 <LI><a href="#[19]">EXTI0_IRQHandler</a> from startup_stm32f4xx.o(.text) referenced from startup_stm32f4xx.o(RESET)
 <LI><a href="#[3b]">EXTI15_10_IRQHandler</a> from startup_stm32f4xx.o(.text) referenced from startup_stm32f4xx.o(RESET)
 <LI><a href="#[1a]">EXTI1_IRQHandler</a> from startup_stm32f4xx.o(.text) referenced from startup_stm32f4xx.o(RESET)
 <LI><a href="#[1b]">EXTI2_IRQHandler</a> from startup_stm32f4xx.o(.text) referenced from startup_stm32f4xx.o(RESET)
 <LI><a href="#[1c]">EXTI3_IRQHandler</a> from startup_stm32f4xx.o(.text) referenced from startup_stm32f4xx.o(RESET)
 <LI><a href="#[1d]">EXTI4_IRQHandler</a> from startup_stm32f4xx.o(.text) referenced from startup_stm32f4xx.o(RESET)
 <LI><a href="#[2a]">EXTI9_5_IRQHandler</a> from startup_stm32f4xx.o(.text) referenced from startup_stm32f4xx.o(RESET)
 <LI><a href="#[17]">FLASH_IRQHandler</a> from startup_stm32f4xx.o(.text) referenced from startup_stm32f4xx.o(RESET)
 <LI><a href="#[64]">FPU_IRQHandler</a> from startup_stm32f4xx.o(.text) referenced from startup_stm32f4xx.o(RESET)
 <LI><a href="#[43]">FSMC_IRQHandler</a> from startup_stm32f4xx.o(.text) referenced from startup_stm32f4xx.o(RESET)
 <LI><a href="#[63]">HASH_RNG_IRQHandler</a> from startup_stm32f4xx.o(.text) referenced from startup_stm32f4xx.o(RESET)
 <LI><a href="#[b]">HardFault_Handler</a> from stm32f4xx_it.o(.text) referenced from startup_stm32f4xx.o(RESET)
 <LI><a href="#[33]">I2C1_ER_IRQHandler</a> from startup_stm32f4xx.o(.text) referenced from startup_stm32f4xx.o(RESET)
 <LI><a href="#[32]">I2C1_EV_IRQHandler</a> from startup_stm32f4xx.o(.text) referenced from startup_stm32f4xx.o(RESET)
 <LI><a href="#[35]">I2C2_ER_IRQHandler</a> from startup_stm32f4xx.o(.text) referenced from startup_stm32f4xx.o(RESET)
 <LI><a href="#[34]">I2C2_EV_IRQHandler</a> from startup_stm32f4xx.o(.text) referenced from startup_stm32f4xx.o(RESET)
 <LI><a href="#[5c]">I2C3_ER_IRQHandler</a> from startup_stm32f4xx.o(.text) referenced from startup_stm32f4xx.o(RESET)
 <LI><a href="#[5b]">I2C3_EV_IRQHandler</a> from startup_stm32f4xx.o(.text) referenced from startup_stm32f4xx.o(RESET)
 <LI><a href="#[c]">MemManage_Handler</a> from stm32f4xx_it.o(.text) referenced from startup_stm32f4xx.o(RESET)
 <LI><a href="#[a]">NMI_Handler</a> from stm32f4xx_it.o(.text) referenced from startup_stm32f4xx.o(RESET)
 <LI><a href="#[56]">OTG_FS_IRQHandler</a> from startup_stm32f4xx.o(.text) referenced from startup_stm32f4xx.o(RESET)
 <LI><a href="#[3d]">OTG_FS_WKUP_IRQHandler</a> from startup_stm32f4xx.o(.text) referenced from startup_stm32f4xx.o(RESET)
 <LI><a href="#[5e]">OTG_HS_EP1_IN_IRQHandler</a> from startup_stm32f4xx.o(.text) referenced from startup_stm32f4xx.o(RESET)
 <LI><a href="#[5d]">OTG_HS_EP1_OUT_IRQHandler</a> from startup_stm32f4xx.o(.text) referenced from startup_stm32f4xx.o(RESET)
 <LI><a href="#[60]">OTG_HS_IRQHandler</a> from startup_stm32f4xx.o(.text) referenced from startup_stm32f4xx.o(RESET)
 <LI><a href="#[5f]">OTG_HS_WKUP_IRQHandler</a> from startup_stm32f4xx.o(.text) referenced from startup_stm32f4xx.o(RESET)
 <LI><a href="#[14]">PVD_IRQHandler</a> from startup_stm32f4xx.o(.text) referenced from startup_stm32f4xx.o(RESET)
 <LI><a href="#[11]">PendSV_Handler</a> from stm32f4xx_it.o(.text) referenced from startup_stm32f4xx.o(RESET)
 <LI><a href="#[18]">RCC_IRQHandler</a> from startup_stm32f4xx.o(.text) referenced from startup_stm32f4xx.o(RESET)
 <LI><a href="#[3c]">RTC_Alarm_IRQHandler</a> from startup_stm32f4xx.o(.text) referenced from startup_stm32f4xx.o(RESET)
 <LI><a href="#[16]">RTC_WKUP_IRQHandler</a> from startup_stm32f4xx.o(.text) referenced from startup_stm32f4xx.o(RESET)
 <LI><a href="#[2]">RampCalc</a> from ramp.o(.text) referenced 16 times from main.o(.data)
 <LI><a href="#[1]">RampInit</a> from ramp.o(.text) referenced 16 times from main.o(.data)
 <LI><a href="#[6]">RampIsOverflow</a> from ramp.o(.text) referenced 16 times from main.o(.data)
 <LI><a href="#[4]">RampResetCounter</a> from ramp.o(.text) referenced 16 times from main.o(.data)
 <LI><a href="#[3]">RampSetCounter</a> from ramp.o(.text) referenced 16 times from main.o(.data)
 <LI><a href="#[5]">RampSetScale</a> from ramp.o(.text) referenced 16 times from main.o(.data)
 <LI><a href="#[9]">Reset_Handler</a> from startup_stm32f4xx.o(.text) referenced from startup_stm32f4xx.o(RESET)
 <LI><a href="#[44]">SDIO_IRQHandler</a> from startup_stm32f4xx.o(.text) referenced from startup_stm32f4xx.o(RESET)
 <LI><a href="#[36]">SPI1_IRQHandler</a> from startup_stm32f4xx.o(.text) referenced from startup_stm32f4xx.o(RESET)
 <LI><a href="#[37]">SPI2_IRQHandler</a> from startup_stm32f4xx.o(.text) referenced from startup_stm32f4xx.o(RESET)
 <LI><a href="#[46]">SPI3_IRQHandler</a> from startup_stm32f4xx.o(.text) referenced from startup_stm32f4xx.o(RESET)
 <LI><a href="#[f]">SVC_Handler</a> from stm32f4xx_it.o(.text) referenced from startup_stm32f4xx.o(RESET)
 <LI><a href="#[12]">SysTick_Handler</a> from stm32f4xx_it.o(.text) referenced from startup_stm32f4xx.o(RESET)
 <LI><a href="#[66]">SystemInit</a> from system_stm32f4xx.o(.text) referenced from startup_stm32f4xx.o(.text)
 <LI><a href="#[15]">TAMP_STAMP_IRQHandler</a> from startup_stm32f4xx.o(.text) referenced from startup_stm32f4xx.o(RESET)
 <LI><a href="#[2b]">TIM1_BRK_TIM9_IRQHandler</a> from startup_stm32f4xx.o(.text) referenced from startup_stm32f4xx.o(RESET)
 <LI><a href="#[2e]">TIM1_CC_IRQHandler</a> from startup_stm32f4xx.o(.text) referenced from startup_stm32f4xx.o(RESET)
 <LI><a href="#[2d]">TIM1_TRG_COM_TIM11_IRQHandler</a> from startup_stm32f4xx.o(.text) referenced from startup_stm32f4xx.o(RESET)
 <LI><a href="#[2c]">TIM1_UP_TIM10_IRQHandler</a> from startup_stm32f4xx.o(.text) referenced from startup_stm32f4xx.o(RESET)
 <LI><a href="#[2f]">TIM2_IRQHandler</a> from timer.o(.text) referenced from startup_stm32f4xx.o(RESET)
 <LI><a href="#[30]">TIM3_IRQHandler</a> from startup_stm32f4xx.o(.text) referenced from startup_stm32f4xx.o(RESET)
 <LI><a href="#[31]">TIM4_IRQHandler</a> from timer.o(.text) referenced from startup_stm32f4xx.o(RESET)
 <LI><a href="#[45]">TIM5_IRQHandler</a> from startup_stm32f4xx.o(.text) referenced from startup_stm32f4xx.o(RESET)
 <LI><a href="#[49]">TIM6_DAC_IRQHandler</a> from timer.o(.text) referenced from startup_stm32f4xx.o(RESET)
 <LI><a href="#[4a]">TIM7_IRQHandler</a> from startup_stm32f4xx.o(.text) referenced from startup_stm32f4xx.o(RESET)
 <LI><a href="#[3e]">TIM8_BRK_TIM12_IRQHandler</a> from startup_stm32f4xx.o(.text) referenced from startup_stm32f4xx.o(RESET)
 <LI><a href="#[41]">TIM8_CC_IRQHandler</a> from startup_stm32f4xx.o(.text) referenced from startup_stm32f4xx.o(RESET)
 <LI><a href="#[40]">TIM8_TRG_COM_TIM14_IRQHandler</a> from startup_stm32f4xx.o(.text) referenced from startup_stm32f4xx.o(RESET)
 <LI><a href="#[3f]">TIM8_UP_TIM13_IRQHandler</a> from startup_stm32f4xx.o(.text) referenced from startup_stm32f4xx.o(RESET)
 <LI><a href="#[47]">UART4_IRQHandler</a> from usart4.o(.text) referenced from startup_stm32f4xx.o(RESET)
 <LI><a href="#[48]">UART5_IRQHandler</a> from judge.o(.text) referenced from startup_stm32f4xx.o(RESET)
 <LI><a href="#[38]">USART1_IRQHandler</a> from usart.o(.text) referenced from startup_stm32f4xx.o(RESET)
 <LI><a href="#[39]">USART2_IRQHandler</a> from usart2.o(.text) referenced from startup_stm32f4xx.o(RESET)
 <LI><a href="#[3a]">USART3_IRQHandler</a> from usart3.o(.text) referenced from startup_stm32f4xx.o(RESET)
 <LI><a href="#[5a]">USART6_IRQHandler</a> from hi220.o(.text) referenced from startup_stm32f4xx.o(RESET)
 <LI><a href="#[e]">UsageFault_Handler</a> from stm32f4xx_it.o(.text) referenced from startup_stm32f4xx.o(RESET)
 <LI><a href="#[13]">WWDG_IRQHandler</a> from startup_stm32f4xx.o(.text) referenced from startup_stm32f4xx.o(RESET)
 <LI><a href="#[67]">__main</a> from entry.o(.ARM.Collect$$$$00000000) referenced from startup_stm32f4xx.o(.text)
 <LI><a href="#[6a]">_sputc</a> from printfa.o(i._sputc) referenced from printfa.o(i.__0sprintf)
 <LI><a href="#[6c]">device_to_host__frame__init</a> from recieve.pb-c.o(.text) referenced from recieve.pb-c.o(.constdata)
 <LI><a href="#[6d]">host_to_device__frame__init</a> from send.pb-c.o(.text) referenced from send.pb-c.o(.constdata)
 <LI><a href="#[65]">main</a> from main.o(.text) referenced from entry9a.o(.ARM.Collect$$$$0000000B)
 <LI><a href="#[68]">pid_param_init</a> from pid.o(.text) referenced from pid.o(.text)
 <LI><a href="#[69]">pid_reset</a> from pid.o(.text) referenced from pid.o(.text)
 <LI><a href="#[6b]">protobuf_c_buffer_simple_append</a> from protobuf-c.o(.text) referenced from protobuf-c.o(.constdata)
 <LI><a href="#[1b1]">protobuf_c_service_invoke_internal</a> from protobuf-c.o(.text) referenced from protobuf-c.o(.text)
 <LI><a href="#[7]">system_alloc</a> from protobuf-c.o(.text) referenced 2 times from protobuf-c.o(.data)
 <LI><a href="#[8]">system_free</a> from protobuf-c.o(.text) referenced 2 times from protobuf-c.o(.data)
</UL>
<P>
<H3>
Global Symbols
</H3>
<P><STRONG><a name="[67]"></a>__main</STRONG> (Thumb, 0 bytes, Stack size unknown bytes, entry.o(.ARM.Collect$$$$00000000))
<BR>[Address Reference Count : 1]<UL><LI> startup_stm32f4xx.o(.text)
</UL>
<P><STRONG><a name="[210]"></a>_main_stk</STRONG> (Thumb, 0 bytes, Stack size unknown bytes, entry2.o(.ARM.Collect$$$$00000001))

<P><STRONG><a name="[6e]"></a>_main_scatterload</STRONG> (Thumb, 0 bytes, Stack size unknown bytes, entry5.o(.ARM.Collect$$$$00000004))
<BR><BR>[Calls]<UL><LI><a href="#[6f]">&gt;&gt;</a>&nbsp;&nbsp;&nbsp;__scatterload
</UL>

<P><STRONG><a name="[1ff]"></a>__main_after_scatterload</STRONG> (Thumb, 0 bytes, Stack size unknown bytes, entry5.o(.ARM.Collect$$$$00000004))
<BR><BR>[Called By]<UL><LI><a href="#[6f]">&gt;&gt;</a>&nbsp;&nbsp;&nbsp;__scatterload
</UL>

<P><STRONG><a name="[211]"></a>_main_clock</STRONG> (Thumb, 0 bytes, Stack size unknown bytes, entry7b.o(.ARM.Collect$$$$00000008))

<P><STRONG><a name="[212]"></a>_main_cpp_init</STRONG> (Thumb, 0 bytes, Stack size unknown bytes, entry8b.o(.ARM.Collect$$$$0000000A))

<P><STRONG><a name="[213]"></a>_main_init</STRONG> (Thumb, 0 bytes, Stack size unknown bytes, entry9a.o(.ARM.Collect$$$$0000000B))

<P><STRONG><a name="[214]"></a>__rt_lib_shutdown_fini</STRONG> (Thumb, 0 bytes, Stack size unknown bytes, entry12b.o(.ARM.Collect$$$$0000000E))

<P><STRONG><a name="[215]"></a>__rt_final_cpp</STRONG> (Thumb, 0 bytes, Stack size unknown bytes, entry10a.o(.ARM.Collect$$$$0000000F))

<P><STRONG><a name="[216]"></a>__rt_final_exit</STRONG> (Thumb, 0 bytes, Stack size unknown bytes, entry11a.o(.ARM.Collect$$$$00000011))

<P><STRONG><a name="[65]"></a>main</STRONG> (Thumb, 114 bytes, Stack size 0 bytes, main.o(.text))
<BR><BR>[Stack]<UL><LI>Max Depth = 172<LI>Call Chain = main &rArr; BSP_Init &rArr; USART6_Configuration_For_Hi220 &rArr; USART_Init &rArr; RCC_GetClocksFreq
</UL>
<BR>[Calls]<UL><LI><a href="#[71]">&gt;&gt;</a>&nbsp;&nbsp;&nbsp;ddt_SetMotor
<LI><a href="#[72]">&gt;&gt;</a>&nbsp;&nbsp;&nbsp;OutPut_Data
<LI><a href="#[70]">&gt;&gt;</a>&nbsp;&nbsp;&nbsp;BSP_Init
</UL>
<BR>[Address Reference Count : 1]<UL><LI> entry9a.o(.ARM.Collect$$$$0000000B)
</UL>
<P><STRONG><a name="[73]"></a>Control_Task</STRONG> (Thumb, 302 bytes, Stack size 8 bytes, control_task.o(.text))
<BR><BR>[Stack]<UL><LI>Max Depth = 312<LI>Call Chain = Control_Task &rArr; chassis_task &rArr; rotate_handle &rArr; __hardfp_sin &rArr; __ieee754_rem_pio2 &rArr; __aeabi_dmul &rArr; _double_epilogue &rArr; _double_round
</UL>
<BR>[Calls]<UL><LI><a href="#[7c]">&gt;&gt;</a>&nbsp;&nbsp;&nbsp;shot_task
<LI><a href="#[7e]">&gt;&gt;</a>&nbsp;&nbsp;&nbsp;send_protocol
<LI><a href="#[83]">&gt;&gt;</a>&nbsp;&nbsp;&nbsp;power_send_handle2
<LI><a href="#[82]">&gt;&gt;</a>&nbsp;&nbsp;&nbsp;power_send_handle1
<LI><a href="#[78]">&gt;&gt;</a>&nbsp;&nbsp;&nbsp;mode_switch_task
<LI><a href="#[79]">&gt;&gt;</a>&nbsp;&nbsp;&nbsp;gimbal_task
<LI><a href="#[81]">&gt;&gt;</a>&nbsp;&nbsp;&nbsp;chassis_task
<LI><a href="#[7b]">&gt;&gt;</a>&nbsp;&nbsp;&nbsp;camera_gimbal_control
<LI><a href="#[7a]">&gt;&gt;</a>&nbsp;&nbsp;&nbsp;barriers_task
<LI><a href="#[7d]">&gt;&gt;</a>&nbsp;&nbsp;&nbsp;aim_scope_control
<LI><a href="#[80]">&gt;&gt;</a>&nbsp;&nbsp;&nbsp;SuperviseTask
<LI><a href="#[74]">&gt;&gt;</a>&nbsp;&nbsp;&nbsp;IWDG_ReloadCounter
<LI><a href="#[75]">&gt;&gt;</a>&nbsp;&nbsp;&nbsp;Hi220_getYawPitchRoll
<LI><a href="#[77]">&gt;&gt;</a>&nbsp;&nbsp;&nbsp;GPIO_SetBits
<LI><a href="#[76]">&gt;&gt;</a>&nbsp;&nbsp;&nbsp;GPIO_ResetBits
<LI><a href="#[7f]">&gt;&gt;</a>&nbsp;&nbsp;&nbsp;Client_send_handle
</UL>
<BR>[Called By]<UL><LI><a href="#[49]">&gt;&gt;</a>&nbsp;&nbsp;&nbsp;TIM6_DAC_IRQHandler
</UL>

<P><STRONG><a name="[84]"></a>ControtLoopTaskInit</STRONG> (Thumb, 220 bytes, Stack size 8 bytes, control_task.o(.text))
<BR><BR>[Stack]<UL><LI>Max Depth = 72<LI>Call Chain = ControtLoopTaskInit &rArr; shot_param_init &rArr; Set_GM_CM_Current &rArr; CAN_Transmit
</UL>
<BR>[Calls]<UL><LI><a href="#[89]">&gt;&gt;</a>&nbsp;&nbsp;&nbsp;shot_param_init
<LI><a href="#[86]">&gt;&gt;</a>&nbsp;&nbsp;&nbsp;gimbal_param_init
<LI><a href="#[88]">&gt;&gt;</a>&nbsp;&nbsp;&nbsp;chassis_param_init
<LI><a href="#[87]">&gt;&gt;</a>&nbsp;&nbsp;&nbsp;cam_gim_param_init
<LI><a href="#[8a]">&gt;&gt;</a>&nbsp;&nbsp;&nbsp;barriers_param_init
<LI><a href="#[85]">&gt;&gt;</a>&nbsp;&nbsp;&nbsp;SetWorkState
<LI><a href="#[8d]">&gt;&gt;</a>&nbsp;&nbsp;&nbsp;LostCounterFeed
<LI><a href="#[8b]">&gt;&gt;</a>&nbsp;&nbsp;&nbsp;LADRC_Init
<LI><a href="#[8c]">&gt;&gt;</a>&nbsp;&nbsp;&nbsp;GetLostCounter
</UL>
<BR>[Called By]<UL><LI><a href="#[70]">&gt;&gt;</a>&nbsp;&nbsp;&nbsp;BSP_Init
</UL>

<P><STRONG><a name="[94]"></a>get_max_power</STRONG> (Thumb, 102 bytes, Stack size 0 bytes, chassis_task.o(.text))
<BR><BR>[Called By]<UL><LI><a href="#[93]">&gt;&gt;</a>&nbsp;&nbsp;&nbsp;power_limit_handle
</UL>

<P><STRONG><a name="[93]"></a>power_limit_handle</STRONG> (Thumb, 200 bytes, Stack size 16 bytes, chassis_task.o(.text))
<BR><BR>[Stack]<UL><LI>Max Depth = 184<LI>Call Chain = power_limit_handle &rArr; get_the_limite_rate &rArr; __aeabi_dadd &rArr; _double_epilogue &rArr; _double_round
</UL>
<BR>[Calls]<UL><LI><a href="#[94]">&gt;&gt;</a>&nbsp;&nbsp;&nbsp;get_max_power
<LI><a href="#[8e]">&gt;&gt;</a>&nbsp;&nbsp;&nbsp;get_the_limite_rate
</UL>
<BR>[Called By]<UL><LI><a href="#[81]">&gt;&gt;</a>&nbsp;&nbsp;&nbsp;chassis_task
</UL>

<P><STRONG><a name="[a4]"></a>mecanum_calc</STRONG> (Thumb, 306 bytes, Stack size 12 bytes, chassis_task.o(.text))
<BR><BR>[Stack]<UL><LI>Max Depth = 12<LI>Call Chain = mecanum_calc
</UL>
<BR>[Called By]<UL><LI><a href="#[81]">&gt;&gt;</a>&nbsp;&nbsp;&nbsp;chassis_task
</UL>

<P><STRONG><a name="[95]"></a>chassis_stop_handle</STRONG> (Thumb, 84 bytes, Stack size 8 bytes, chassis_task.o(.text))
<BR><BR>[Stack]<UL><LI>Max Depth = 8<LI>Call Chain = chassis_stop_handle
</UL>
<BR>[Calls]<UL><LI><a href="#[96]">&gt;&gt;</a>&nbsp;&nbsp;&nbsp;pid_clr
</UL>
<BR>[Called By]<UL><LI><a href="#[81]">&gt;&gt;</a>&nbsp;&nbsp;&nbsp;chassis_task
</UL>

<P><STRONG><a name="[97]"></a>chassis_separate_handle</STRONG> (Thumb, 132 bytes, Stack size 16 bytes, chassis_task.o(.text))
<BR><BR>[Stack]<UL><LI>Max Depth = 104<LI>Call Chain = chassis_separate_handle &rArr; __aeabi_dmul &rArr; _double_epilogue &rArr; _double_round
</UL>
<BR>[Calls]<UL><LI><a href="#[98]">&gt;&gt;</a>&nbsp;&nbsp;&nbsp;__aeabi_i2d
<LI><a href="#[99]">&gt;&gt;</a>&nbsp;&nbsp;&nbsp;__aeabi_dmul
</UL>
<BR>[Called By]<UL><LI><a href="#[81]">&gt;&gt;</a>&nbsp;&nbsp;&nbsp;chassis_task
</UL>

<P><STRONG><a name="[9a]"></a>rotate_handle</STRONG> (Thumb, 1338 bytes, Stack size 32 bytes, chassis_task.o(.text))
<BR><BR>[Stack]<UL><LI>Max Depth = 272<LI>Call Chain = rotate_handle &rArr; __hardfp_sin &rArr; __ieee754_rem_pio2 &rArr; __aeabi_dmul &rArr; _double_epilogue &rArr; _double_round
</UL>
<BR>[Calls]<UL><LI><a href="#[9f]">&gt;&gt;</a>&nbsp;&nbsp;&nbsp;pid_calc
<LI><a href="#[98]">&gt;&gt;</a>&nbsp;&nbsp;&nbsp;__aeabi_i2d
<LI><a href="#[8f]">&gt;&gt;</a>&nbsp;&nbsp;&nbsp;__aeabi_f2d
<LI><a href="#[99]">&gt;&gt;</a>&nbsp;&nbsp;&nbsp;__aeabi_dmul
<LI><a href="#[9b]">&gt;&gt;</a>&nbsp;&nbsp;&nbsp;__aeabi_ddiv
<LI><a href="#[90]">&gt;&gt;</a>&nbsp;&nbsp;&nbsp;__aeabi_dadd
<LI><a href="#[9c]">&gt;&gt;</a>&nbsp;&nbsp;&nbsp;__aeabi_d2iz
<LI><a href="#[92]">&gt;&gt;</a>&nbsp;&nbsp;&nbsp;__aeabi_d2f
<LI><a href="#[a0]">&gt;&gt;</a>&nbsp;&nbsp;&nbsp;__aeabi_cdrcmple
<LI><a href="#[a1]">&gt;&gt;</a>&nbsp;&nbsp;&nbsp;__aeabi_cdcmple
<LI><a href="#[9d]">&gt;&gt;</a>&nbsp;&nbsp;&nbsp;__hardfp_sin
<LI><a href="#[9e]">&gt;&gt;</a>&nbsp;&nbsp;&nbsp;__hardfp_cos
</UL>
<BR>[Called By]<UL><LI><a href="#[81]">&gt;&gt;</a>&nbsp;&nbsp;&nbsp;chassis_task
</UL>

<P><STRONG><a name="[a2]"></a>reverse_follow_gimbal_handle</STRONG> (Thumb, 730 bytes, Stack size 32 bytes, chassis_task.o(.text))
<BR><BR>[Stack]<UL><LI>Max Depth = 120<LI>Call Chain = reverse_follow_gimbal_handle &rArr; __aeabi_dadd &rArr; _double_epilogue &rArr; _double_round
</UL>
<BR>[Calls]<UL><LI><a href="#[9f]">&gt;&gt;</a>&nbsp;&nbsp;&nbsp;pid_calc
<LI><a href="#[98]">&gt;&gt;</a>&nbsp;&nbsp;&nbsp;__aeabi_i2d
<LI><a href="#[8f]">&gt;&gt;</a>&nbsp;&nbsp;&nbsp;__aeabi_f2d
<LI><a href="#[9b]">&gt;&gt;</a>&nbsp;&nbsp;&nbsp;__aeabi_ddiv
<LI><a href="#[90]">&gt;&gt;</a>&nbsp;&nbsp;&nbsp;__aeabi_dadd
<LI><a href="#[9c]">&gt;&gt;</a>&nbsp;&nbsp;&nbsp;__aeabi_d2iz
<LI><a href="#[92]">&gt;&gt;</a>&nbsp;&nbsp;&nbsp;__aeabi_d2f
</UL>
<BR>[Called By]<UL><LI><a href="#[81]">&gt;&gt;</a>&nbsp;&nbsp;&nbsp;chassis_task
</UL>

<P><STRONG><a name="[a3]"></a>follow_gimbal_handle</STRONG> (Thumb, 424 bytes, Stack size 32 bytes, chassis_task.o(.text))
<BR><BR>[Stack]<UL><LI>Max Depth = 120<LI>Call Chain = follow_gimbal_handle &rArr; __aeabi_dadd &rArr; _double_epilogue &rArr; _double_round
</UL>
<BR>[Calls]<UL><LI><a href="#[9f]">&gt;&gt;</a>&nbsp;&nbsp;&nbsp;pid_calc
<LI><a href="#[98]">&gt;&gt;</a>&nbsp;&nbsp;&nbsp;__aeabi_i2d
<LI><a href="#[8f]">&gt;&gt;</a>&nbsp;&nbsp;&nbsp;__aeabi_f2d
<LI><a href="#[9b]">&gt;&gt;</a>&nbsp;&nbsp;&nbsp;__aeabi_ddiv
<LI><a href="#[90]">&gt;&gt;</a>&nbsp;&nbsp;&nbsp;__aeabi_dadd
<LI><a href="#[9c]">&gt;&gt;</a>&nbsp;&nbsp;&nbsp;__aeabi_d2iz
<LI><a href="#[92]">&gt;&gt;</a>&nbsp;&nbsp;&nbsp;__aeabi_d2f
</UL>
<BR>[Called By]<UL><LI><a href="#[81]">&gt;&gt;</a>&nbsp;&nbsp;&nbsp;chassis_task
</UL>

<P><STRONG><a name="[81]"></a>chassis_task</STRONG> (Thumb, 878 bytes, Stack size 32 bytes, chassis_task.o(.text))
<BR><BR>[Stack]<UL><LI>Max Depth = 304<LI>Call Chain = chassis_task &rArr; rotate_handle &rArr; __hardfp_sin &rArr; __ieee754_rem_pio2 &rArr; __aeabi_dmul &rArr; _double_epilogue &rArr; _double_round
</UL>
<BR>[Calls]<UL><LI><a href="#[9f]">&gt;&gt;</a>&nbsp;&nbsp;&nbsp;pid_calc
<LI><a href="#[92]">&gt;&gt;</a>&nbsp;&nbsp;&nbsp;__aeabi_d2f
<LI><a href="#[a1]">&gt;&gt;</a>&nbsp;&nbsp;&nbsp;__aeabi_cdcmple
<LI><a href="#[a7]">&gt;&gt;</a>&nbsp;&nbsp;&nbsp;Set_CM_Speed
<LI><a href="#[a5]">&gt;&gt;</a>&nbsp;&nbsp;&nbsp;PID_struct_init
<LI><a href="#[a6]">&gt;&gt;</a>&nbsp;&nbsp;&nbsp;GetInputMode
<LI><a href="#[a3]">&gt;&gt;</a>&nbsp;&nbsp;&nbsp;follow_gimbal_handle
<LI><a href="#[a2]">&gt;&gt;</a>&nbsp;&nbsp;&nbsp;reverse_follow_gimbal_handle
<LI><a href="#[9a]">&gt;&gt;</a>&nbsp;&nbsp;&nbsp;rotate_handle
<LI><a href="#[97]">&gt;&gt;</a>&nbsp;&nbsp;&nbsp;chassis_separate_handle
<LI><a href="#[95]">&gt;&gt;</a>&nbsp;&nbsp;&nbsp;chassis_stop_handle
<LI><a href="#[a4]">&gt;&gt;</a>&nbsp;&nbsp;&nbsp;mecanum_calc
<LI><a href="#[93]">&gt;&gt;</a>&nbsp;&nbsp;&nbsp;power_limit_handle
</UL>
<BR>[Called By]<UL><LI><a href="#[73]">&gt;&gt;</a>&nbsp;&nbsp;&nbsp;Control_Task
</UL>

<P><STRONG><a name="[217]"></a>power_limit2</STRONG> (Thumb, 110 bytes, Stack size 0 bytes, chassis_task.o(.text), UNUSED)

<P><STRONG><a name="[83]"></a>power_send_handle2</STRONG> (Thumb, 36 bytes, Stack size 8 bytes, chassis_task.o(.text))
<BR><BR>[Stack]<UL><LI>Max Depth = 48<LI>Call Chain = power_send_handle2 &rArr; POWER_Control2 &rArr; CAN_Transmit
</UL>
<BR>[Calls]<UL><LI><a href="#[a9]">&gt;&gt;</a>&nbsp;&nbsp;&nbsp;POWER_Control2
</UL>
<BR>[Called By]<UL><LI><a href="#[73]">&gt;&gt;</a>&nbsp;&nbsp;&nbsp;Control_Task
</UL>

<P><STRONG><a name="[aa]"></a>buffer_power</STRONG> (Thumb, 100 bytes, Stack size 16 bytes, chassis_task.o(.text))
<BR><BR>[Stack]<UL><LI>Max Depth = 16<LI>Call Chain = buffer_power
</UL>
<BR>[Calls]<UL><LI><a href="#[8f]">&gt;&gt;</a>&nbsp;&nbsp;&nbsp;__aeabi_f2d
<LI><a href="#[a1]">&gt;&gt;</a>&nbsp;&nbsp;&nbsp;__aeabi_cdcmple
</UL>
<BR>[Called By]<UL><LI><a href="#[82]">&gt;&gt;</a>&nbsp;&nbsp;&nbsp;power_send_handle1
</UL>

<P><STRONG><a name="[82]"></a>power_send_handle1</STRONG> (Thumb, 70 bytes, Stack size 8 bytes, chassis_task.o(.text))
<BR><BR>[Stack]<UL><LI>Max Depth = 48<LI>Call Chain = power_send_handle1 &rArr; POWER_Control1 &rArr; CAN_Transmit
</UL>
<BR>[Calls]<UL><LI><a href="#[ab]">&gt;&gt;</a>&nbsp;&nbsp;&nbsp;POWER_Control1
<LI><a href="#[aa]">&gt;&gt;</a>&nbsp;&nbsp;&nbsp;buffer_power
</UL>
<BR>[Called By]<UL><LI><a href="#[73]">&gt;&gt;</a>&nbsp;&nbsp;&nbsp;Control_Task
</UL>

<P><STRONG><a name="[218]"></a>VoltageCalc</STRONG> (Thumb, 136 bytes, Stack size 0 bytes, chassis_task.o(.text), UNUSED)

<P><STRONG><a name="[219]"></a>Check_Vcap_recieve</STRONG> (Thumb, 40 bytes, Stack size 0 bytes, chassis_task.o(.text), UNUSED)

<P><STRONG><a name="[88]"></a>chassis_param_init</STRONG> (Thumb, 142 bytes, Stack size 8 bytes, chassis_task.o(.text))
<BR><BR>[Stack]<UL><LI>Max Depth = 48<LI>Call Chain = chassis_param_init &rArr; PID_struct_init
</UL>
<BR>[Calls]<UL><LI><a href="#[a5]">&gt;&gt;</a>&nbsp;&nbsp;&nbsp;PID_struct_init
<LI><a href="#[ac]">&gt;&gt;</a>&nbsp;&nbsp;&nbsp;__aeabi_memclr
</UL>
<BR>[Called By]<UL><LI><a href="#[84]">&gt;&gt;</a>&nbsp;&nbsp;&nbsp;ControtLoopTaskInit
</UL>

<P><STRONG><a name="[85]"></a>SetWorkState</STRONG> (Thumb, 6 bytes, Stack size 0 bytes, remote_task.o(.text))
<BR><BR>[Called By]<UL><LI><a href="#[84]">&gt;&gt;</a>&nbsp;&nbsp;&nbsp;ControtLoopTaskInit
<LI><a href="#[b8]">&gt;&gt;</a>&nbsp;&nbsp;&nbsp;RemoteDataPrcess
</UL>

<P><STRONG><a name="[c7]"></a>GetWorkState</STRONG> (Thumb, 6 bytes, Stack size 0 bytes, remote_task.o(.text))
<BR><BR>[Called By]<UL><LI><a href="#[c6]">&gt;&gt;</a>&nbsp;&nbsp;&nbsp;Can2ReceiveMsgProcess
</UL>

<P><STRONG><a name="[b6]"></a>GetRemoteSwitchAction</STRONG> (Thumb, 120 bytes, Stack size 8 bytes, remote_task.o(.text))
<BR><BR>[Stack]<UL><LI>Max Depth = 8<LI>Call Chain = GetRemoteSwitchAction
</UL>
<BR>[Called By]<UL><LI><a href="#[bc]">&gt;&gt;</a>&nbsp;&nbsp;&nbsp;remote_self_rotate
<LI><a href="#[bb]">&gt;&gt;</a>&nbsp;&nbsp;&nbsp;Remote_Auto_Shoot_Control
<LI><a href="#[ba]">&gt;&gt;</a>&nbsp;&nbsp;&nbsp;Remote_Remove_Barrier
<LI><a href="#[b5]">&gt;&gt;</a>&nbsp;&nbsp;&nbsp;RemoteShootControl
</UL>

<P><STRONG><a name="[b9]"></a>SetInputMode</STRONG> (Thumb, 36 bytes, Stack size 0 bytes, remote_task.o(.text))
<BR><BR>[Called By]<UL><LI><a href="#[b8]">&gt;&gt;</a>&nbsp;&nbsp;&nbsp;RemoteDataPrcess
</UL>

<P><STRONG><a name="[a6]"></a>GetInputMode</STRONG> (Thumb, 6 bytes, Stack size 0 bytes, remote_task.o(.text))
<BR><BR>[Called By]<UL><LI><a href="#[81]">&gt;&gt;</a>&nbsp;&nbsp;&nbsp;chassis_task
<LI><a href="#[e3]">&gt;&gt;</a>&nbsp;&nbsp;&nbsp;shoot_bullet_handle
<LI><a href="#[e2]">&gt;&gt;</a>&nbsp;&nbsp;&nbsp;shoot_friction_handle
<LI><a href="#[e1]">&gt;&gt;</a>&nbsp;&nbsp;&nbsp;chassis_is_controllable
<LI><a href="#[df]">&gt;&gt;</a>&nbsp;&nbsp;&nbsp;get_gimbal_mode
<LI><a href="#[de]">&gt;&gt;</a>&nbsp;&nbsp;&nbsp;get_chassis_mode
<LI><a href="#[d9]">&gt;&gt;</a>&nbsp;&nbsp;&nbsp;gimbal_is_controllable
<LI><a href="#[b2]">&gt;&gt;</a>&nbsp;&nbsp;&nbsp;friction_lock
<LI><a href="#[b8]">&gt;&gt;</a>&nbsp;&nbsp;&nbsp;RemoteDataPrcess
</UL>

<P><STRONG><a name="[ae]"></a>SetShootState</STRONG> (Thumb, 6 bytes, Stack size 0 bytes, remote_task.o(.text))
<BR><BR>[Called By]<UL><LI><a href="#[b5]">&gt;&gt;</a>&nbsp;&nbsp;&nbsp;RemoteShootControl
<LI><a href="#[ad]">&gt;&gt;</a>&nbsp;&nbsp;&nbsp;MouseShootControl
</UL>

<P><STRONG><a name="[ad]"></a>MouseShootControl</STRONG> (Thumb, 402 bytes, Stack size 8 bytes, remote_task.o(.text))
<BR><BR>[Stack]<UL><LI>Max Depth = 8<LI>Call Chain = MouseShootControl
</UL>
<BR>[Calls]<UL><LI><a href="#[77]">&gt;&gt;</a>&nbsp;&nbsp;&nbsp;GPIO_SetBits
<LI><a href="#[76]">&gt;&gt;</a>&nbsp;&nbsp;&nbsp;GPIO_ResetBits
<LI><a href="#[ae]">&gt;&gt;</a>&nbsp;&nbsp;&nbsp;SetShootState
</UL>
<BR>[Called By]<UL><LI><a href="#[af]">&gt;&gt;</a>&nbsp;&nbsp;&nbsp;MouseKeyControlProcess
</UL>

<P><STRONG><a name="[b4]"></a>GimbalAngleLimit</STRONG> (Thumb, 894 bytes, Stack size 0 bytes, remote_task.o(.text))
<BR><BR>[Called By]<UL><LI><a href="#[b1]">&gt;&gt;</a>&nbsp;&nbsp;&nbsp;auto_angle_control
<LI><a href="#[b7]">&gt;&gt;</a>&nbsp;&nbsp;&nbsp;RemoteControlProcess
<LI><a href="#[af]">&gt;&gt;</a>&nbsp;&nbsp;&nbsp;MouseKeyControlProcess
</UL>

<P><STRONG><a name="[b3]"></a>SoftReset</STRONG> (Thumb, 44 bytes, Stack size 0 bytes, remote_task.o(.text))
<BR><BR>[Called By]<UL><LI><a href="#[af]">&gt;&gt;</a>&nbsp;&nbsp;&nbsp;MouseKeyControlProcess
</UL>

<P><STRONG><a name="[b0]"></a>Mouse_Key_Rotate_Reverse_Control</STRONG> (Thumb, 442 bytes, Stack size 0 bytes, remote_task.o(.text))
<BR><BR>[Called By]<UL><LI><a href="#[af]">&gt;&gt;</a>&nbsp;&nbsp;&nbsp;MouseKeyControlProcess
</UL>

<P><STRONG><a name="[af]"></a>MouseKeyControlProcess</STRONG> (Thumb, 1764 bytes, Stack size 16 bytes, remote_task.o(.text))
<BR><BR>[Stack]<UL><LI>Max Depth = 80<LI>Call Chain = MouseKeyControlProcess &rArr; friction_lock &rArr; Set_GM_CM_Current &rArr; CAN_Transmit
</UL>
<BR>[Calls]<UL><LI><a href="#[b2]">&gt;&gt;</a>&nbsp;&nbsp;&nbsp;friction_lock
<LI><a href="#[b1]">&gt;&gt;</a>&nbsp;&nbsp;&nbsp;auto_angle_control
<LI><a href="#[b0]">&gt;&gt;</a>&nbsp;&nbsp;&nbsp;Mouse_Key_Rotate_Reverse_Control
<LI><a href="#[b3]">&gt;&gt;</a>&nbsp;&nbsp;&nbsp;SoftReset
<LI><a href="#[b4]">&gt;&gt;</a>&nbsp;&nbsp;&nbsp;GimbalAngleLimit
<LI><a href="#[ad]">&gt;&gt;</a>&nbsp;&nbsp;&nbsp;MouseShootControl
</UL>
<BR>[Called By]<UL><LI><a href="#[b8]">&gt;&gt;</a>&nbsp;&nbsp;&nbsp;RemoteDataPrcess
</UL>

<P><STRONG><a name="[b5]"></a>RemoteShootControl</STRONG> (Thumb, 280 bytes, Stack size 16 bytes, remote_task.o(.text))
<BR><BR>[Stack]<UL><LI>Max Depth = 24<LI>Call Chain = RemoteShootControl &rArr; GetRemoteSwitchAction
</UL>
<BR>[Calls]<UL><LI><a href="#[77]">&gt;&gt;</a>&nbsp;&nbsp;&nbsp;GPIO_SetBits
<LI><a href="#[76]">&gt;&gt;</a>&nbsp;&nbsp;&nbsp;GPIO_ResetBits
<LI><a href="#[ae]">&gt;&gt;</a>&nbsp;&nbsp;&nbsp;SetShootState
<LI><a href="#[b6]">&gt;&gt;</a>&nbsp;&nbsp;&nbsp;GetRemoteSwitchAction
</UL>
<BR>[Called By]<UL><LI><a href="#[b7]">&gt;&gt;</a>&nbsp;&nbsp;&nbsp;RemoteControlProcess
</UL>

<P><STRONG><a name="[b7]"></a>RemoteControlProcess</STRONG> (Thumb, 234 bytes, Stack size 8 bytes, remote_task.o(.text))
<BR><BR>[Stack]<UL><LI>Max Depth = 32<LI>Call Chain = RemoteControlProcess &rArr; RemoteShootControl &rArr; GetRemoteSwitchAction
</UL>
<BR>[Calls]<UL><LI><a href="#[b5]">&gt;&gt;</a>&nbsp;&nbsp;&nbsp;RemoteShootControl
<LI><a href="#[b4]">&gt;&gt;</a>&nbsp;&nbsp;&nbsp;GimbalAngleLimit
</UL>
<BR>[Called By]<UL><LI><a href="#[b8]">&gt;&gt;</a>&nbsp;&nbsp;&nbsp;RemoteDataPrcess
</UL>

<P><STRONG><a name="[b8]"></a>RemoteDataPrcess</STRONG> (Thumb, 354 bytes, Stack size 8 bytes, remote_task.o(.text))
<BR><BR>[Stack]<UL><LI>Max Depth = 88<LI>Call Chain = RemoteDataPrcess &rArr; MouseKeyControlProcess &rArr; friction_lock &rArr; Set_GM_CM_Current &rArr; CAN_Transmit
</UL>
<BR>[Calls]<UL><LI><a href="#[96]">&gt;&gt;</a>&nbsp;&nbsp;&nbsp;pid_clr
<LI><a href="#[a6]">&gt;&gt;</a>&nbsp;&nbsp;&nbsp;GetInputMode
<LI><a href="#[85]">&gt;&gt;</a>&nbsp;&nbsp;&nbsp;SetWorkState
<LI><a href="#[b7]">&gt;&gt;</a>&nbsp;&nbsp;&nbsp;RemoteControlProcess
<LI><a href="#[af]">&gt;&gt;</a>&nbsp;&nbsp;&nbsp;MouseKeyControlProcess
<LI><a href="#[b9]">&gt;&gt;</a>&nbsp;&nbsp;&nbsp;SetInputMode
</UL>
<BR>[Called By]<UL><LI><a href="#[38]">&gt;&gt;</a>&nbsp;&nbsp;&nbsp;USART1_IRQHandler
</UL>

<P><STRONG><a name="[ba]"></a>Remote_Remove_Barrier</STRONG> (Thumb, 110 bytes, Stack size 12 bytes, remote_task.o(.text), UNUSED)
<BR><BR>[Calls]<UL><LI><a href="#[b6]">&gt;&gt;</a>&nbsp;&nbsp;&nbsp;GetRemoteSwitchAction
</UL>

<P><STRONG><a name="[bb]"></a>Remote_Auto_Shoot_Control</STRONG> (Thumb, 362 bytes, Stack size 16 bytes, remote_task.o(.text), UNUSED)
<BR><BR>[Calls]<UL><LI><a href="#[96]">&gt;&gt;</a>&nbsp;&nbsp;&nbsp;pid_clr
<LI><a href="#[b6]">&gt;&gt;</a>&nbsp;&nbsp;&nbsp;GetRemoteSwitchAction
</UL>

<P><STRONG><a name="[21a]"></a>GetFrictionState</STRONG> (Thumb, 6 bytes, Stack size 0 bytes, remote_task.o(.text), UNUSED)

<P><STRONG><a name="[be]"></a>SetFrictionState</STRONG> (Thumb, 6 bytes, Stack size 0 bytes, remote_task.o(.text), UNUSED)
<BR><BR>[Called By]<UL><LI><a href="#[bd]">&gt;&gt;</a>&nbsp;&nbsp;&nbsp;RemoteTaskInit
</UL>

<P><STRONG><a name="[bc]"></a>remote_self_rotate</STRONG> (Thumb, 210 bytes, Stack size 24 bytes, remote_task.o(.text), UNUSED)
<BR><BR>[Calls]<UL><LI><a href="#[9b]">&gt;&gt;</a>&nbsp;&nbsp;&nbsp;__aeabi_ddiv
<LI><a href="#[9c]">&gt;&gt;</a>&nbsp;&nbsp;&nbsp;__aeabi_d2iz
<LI><a href="#[b6]">&gt;&gt;</a>&nbsp;&nbsp;&nbsp;GetRemoteSwitchAction
</UL>

<P><STRONG><a name="[bd]"></a>RemoteTaskInit</STRONG> (Thumb, 96 bytes, Stack size 8 bytes, remote_task.o(.text), UNUSED)
<BR><BR>[Calls]<UL><LI><a href="#[be]">&gt;&gt;</a>&nbsp;&nbsp;&nbsp;SetFrictionState
</UL>

<P><STRONG><a name="[21b]"></a>GetTFDistance</STRONG> (Thumb, 12 bytes, Stack size 0 bytes, canbustask.o(.text), UNUSED)

<P><STRONG><a name="[21c]"></a>CapacitanceProcess1</STRONG> (Thumb, 134 bytes, Stack size 8 bytes, canbustask.o(.text), UNUSED)

<P><STRONG><a name="[21d]"></a>CapacitanceProcess2</STRONG> (Thumb, 30 bytes, Stack size 0 bytes, canbustask.o(.text), UNUSED)

<P><STRONG><a name="[bf]"></a>Encoder_M2006_ammo</STRONG> (Thumb, 346 bytes, Stack size 48 bytes, canbustask.o(.text))
<BR><BR>[Stack]<UL><LI>Max Depth = 136<LI>Call Chain = Encoder_M2006_ammo &rArr; __aeabi_dmul &rArr; _double_epilogue &rArr; _double_round
</UL>
<BR>[Calls]<UL><LI><a href="#[8f]">&gt;&gt;</a>&nbsp;&nbsp;&nbsp;__aeabi_f2d
<LI><a href="#[99]">&gt;&gt;</a>&nbsp;&nbsp;&nbsp;__aeabi_dmul
<LI><a href="#[90]">&gt;&gt;</a>&nbsp;&nbsp;&nbsp;__aeabi_dadd
<LI><a href="#[92]">&gt;&gt;</a>&nbsp;&nbsp;&nbsp;__aeabi_d2f
</UL>
<BR>[Called By]<UL><LI><a href="#[c4]">&gt;&gt;</a>&nbsp;&nbsp;&nbsp;Can1ReceiveMsgProcess
</UL>

<P><STRONG><a name="[c5]"></a>GetEncoderBias</STRONG> (Thumb, 26 bytes, Stack size 0 bytes, canbustask.o(.text))
<BR><BR>[Called By]<UL><LI><a href="#[c6]">&gt;&gt;</a>&nbsp;&nbsp;&nbsp;Can2ReceiveMsgProcess
<LI><a href="#[c4]">&gt;&gt;</a>&nbsp;&nbsp;&nbsp;Can1ReceiveMsgProcess
</UL>

<P><STRONG><a name="[c0]"></a>EncoderProcess</STRONG> (Thumb, 262 bytes, Stack size 24 bytes, canbustask.o(.text))
<BR><BR>[Stack]<UL><LI>Max Depth = 24<LI>Call Chain = EncoderProcess
</UL>
<BR>[Calls]<UL><LI><a href="#[8f]">&gt;&gt;</a>&nbsp;&nbsp;&nbsp;__aeabi_f2d
</UL>
<BR>[Called By]<UL><LI><a href="#[c6]">&gt;&gt;</a>&nbsp;&nbsp;&nbsp;Can2ReceiveMsgProcess
<LI><a href="#[c4]">&gt;&gt;</a>&nbsp;&nbsp;&nbsp;Can1ReceiveMsgProcess
</UL>

<P><STRONG><a name="[c1]"></a>YawEncoderProcess</STRONG> (Thumb, 380 bytes, Stack size 56 bytes, canbustask.o(.text))
<BR><BR>[Stack]<UL><LI>Max Depth = 144<LI>Call Chain = YawEncoderProcess &rArr; __aeabi_dmul &rArr; _double_epilogue &rArr; _double_round
</UL>
<BR>[Calls]<UL><LI><a href="#[98]">&gt;&gt;</a>&nbsp;&nbsp;&nbsp;__aeabi_i2d
<LI><a href="#[8f]">&gt;&gt;</a>&nbsp;&nbsp;&nbsp;__aeabi_f2d
<LI><a href="#[99]">&gt;&gt;</a>&nbsp;&nbsp;&nbsp;__aeabi_dmul
<LI><a href="#[9b]">&gt;&gt;</a>&nbsp;&nbsp;&nbsp;__aeabi_ddiv
<LI><a href="#[9c]">&gt;&gt;</a>&nbsp;&nbsp;&nbsp;__aeabi_d2iz
</UL>
<BR>[Called By]<UL><LI><a href="#[c6]">&gt;&gt;</a>&nbsp;&nbsp;&nbsp;Can2ReceiveMsgProcess
<LI><a href="#[c4]">&gt;&gt;</a>&nbsp;&nbsp;&nbsp;Can1ReceiveMsgProcess
</UL>

<P><STRONG><a name="[c2]"></a>CAN_9015angleControl</STRONG> (Thumb, 88 bytes, Stack size 40 bytes, canbustask.o(.text), UNUSED)
<BR><BR>[Calls]<UL><LI><a href="#[c3]">&gt;&gt;</a>&nbsp;&nbsp;&nbsp;CAN_Transmit
</UL>

<P><STRONG><a name="[c4]"></a>Can1ReceiveMsgProcess</STRONG> (Thumb, 376 bytes, Stack size 16 bytes, canbustask.o(.text))
<BR><BR>[Stack]<UL><LI>Max Depth = 160<LI>Call Chain = Can1ReceiveMsgProcess &rArr; YawEncoderProcess &rArr; __aeabi_dmul &rArr; _double_epilogue &rArr; _double_round
</UL>
<BR>[Calls]<UL><LI><a href="#[8d]">&gt;&gt;</a>&nbsp;&nbsp;&nbsp;LostCounterFeed
<LI><a href="#[8c]">&gt;&gt;</a>&nbsp;&nbsp;&nbsp;GetLostCounter
<LI><a href="#[c1]">&gt;&gt;</a>&nbsp;&nbsp;&nbsp;YawEncoderProcess
<LI><a href="#[c0]">&gt;&gt;</a>&nbsp;&nbsp;&nbsp;EncoderProcess
<LI><a href="#[c5]">&gt;&gt;</a>&nbsp;&nbsp;&nbsp;GetEncoderBias
<LI><a href="#[bf]">&gt;&gt;</a>&nbsp;&nbsp;&nbsp;Encoder_M2006_ammo
</UL>
<BR>[Called By]<UL><LI><a href="#[27]">&gt;&gt;</a>&nbsp;&nbsp;&nbsp;CAN1_RX0_IRQHandler
</UL>

<P><STRONG><a name="[c6]"></a>Can2ReceiveMsgProcess</STRONG> (Thumb, 636 bytes, Stack size 16 bytes, canbustask.o(.text))
<BR><BR>[Stack]<UL><LI>Max Depth = 160<LI>Call Chain = Can2ReceiveMsgProcess &rArr; YawEncoderProcess &rArr; __aeabi_dmul &rArr; _double_epilogue &rArr; _double_round
</UL>
<BR>[Calls]<UL><LI><a href="#[8d]">&gt;&gt;</a>&nbsp;&nbsp;&nbsp;LostCounterFeed
<LI><a href="#[8c]">&gt;&gt;</a>&nbsp;&nbsp;&nbsp;GetLostCounter
<LI><a href="#[c1]">&gt;&gt;</a>&nbsp;&nbsp;&nbsp;YawEncoderProcess
<LI><a href="#[c0]">&gt;&gt;</a>&nbsp;&nbsp;&nbsp;EncoderProcess
<LI><a href="#[c5]">&gt;&gt;</a>&nbsp;&nbsp;&nbsp;GetEncoderBias
<LI><a href="#[c7]">&gt;&gt;</a>&nbsp;&nbsp;&nbsp;GetWorkState
</UL>
<BR>[Called By]<UL><LI><a href="#[53]">&gt;&gt;</a>&nbsp;&nbsp;&nbsp;CAN2_RX0_IRQHandler
</UL>

<P><STRONG><a name="[ab]"></a>POWER_Control1</STRONG> (Thumb, 76 bytes, Stack size 32 bytes, canbustask.o(.text))
<BR><BR>[Stack]<UL><LI>Max Depth = 40<LI>Call Chain = POWER_Control1 &rArr; CAN_Transmit
</UL>
<BR>[Calls]<UL><LI><a href="#[c3]">&gt;&gt;</a>&nbsp;&nbsp;&nbsp;CAN_Transmit
</UL>
<BR>[Called By]<UL><LI><a href="#[82]">&gt;&gt;</a>&nbsp;&nbsp;&nbsp;power_send_handle1
</UL>

<P><STRONG><a name="[a9]"></a>POWER_Control2</STRONG> (Thumb, 66 bytes, Stack size 32 bytes, canbustask.o(.text))
<BR><BR>[Stack]<UL><LI>Max Depth = 40<LI>Call Chain = POWER_Control2 &rArr; CAN_Transmit
</UL>
<BR>[Calls]<UL><LI><a href="#[c3]">&gt;&gt;</a>&nbsp;&nbsp;&nbsp;CAN_Transmit
</UL>
<BR>[Called By]<UL><LI><a href="#[83]">&gt;&gt;</a>&nbsp;&nbsp;&nbsp;power_send_handle2
</UL>

<P><STRONG><a name="[a7]"></a>Set_CM_Speed</STRONG> (Thumb, 92 bytes, Stack size 48 bytes, canbustask.o(.text))
<BR><BR>[Stack]<UL><LI>Max Depth = 56<LI>Call Chain = Set_CM_Speed &rArr; CAN_Transmit
</UL>
<BR>[Calls]<UL><LI><a href="#[c3]">&gt;&gt;</a>&nbsp;&nbsp;&nbsp;CAN_Transmit
</UL>
<BR>[Called By]<UL><LI><a href="#[81]">&gt;&gt;</a>&nbsp;&nbsp;&nbsp;chassis_task
<LI><a href="#[e2]">&gt;&gt;</a>&nbsp;&nbsp;&nbsp;shoot_friction_handle
</UL>

<P><STRONG><a name="[c8]"></a>Set_GM_CM_Current</STRONG> (Thumb, 92 bytes, Stack size 48 bytes, canbustask.o(.text))
<BR><BR>[Stack]<UL><LI>Max Depth = 56<LI>Call Chain = Set_GM_CM_Current &rArr; CAN_Transmit
</UL>
<BR>[Calls]<UL><LI><a href="#[c3]">&gt;&gt;</a>&nbsp;&nbsp;&nbsp;CAN_Transmit
</UL>
<BR>[Called By]<UL><LI><a href="#[89]">&gt;&gt;</a>&nbsp;&nbsp;&nbsp;shot_param_init
<LI><a href="#[e3]">&gt;&gt;</a>&nbsp;&nbsp;&nbsp;shoot_bullet_handle
<LI><a href="#[ce]">&gt;&gt;</a>&nbsp;&nbsp;&nbsp;cam_gim_stop
<LI><a href="#[cd]">&gt;&gt;</a>&nbsp;&nbsp;&nbsp;aim_scope_init
<LI><a href="#[b2]">&gt;&gt;</a>&nbsp;&nbsp;&nbsp;friction_lock
</UL>

<P><STRONG><a name="[c9]"></a>Set_GM_Current</STRONG> (Thumb, 92 bytes, Stack size 40 bytes, canbustask.o(.text))
<BR><BR>[Stack]<UL><LI>Max Depth = 48<LI>Call Chain = Set_GM_Current &rArr; CAN_Transmit
</UL>
<BR>[Calls]<UL><LI><a href="#[c3]">&gt;&gt;</a>&nbsp;&nbsp;&nbsp;CAN_Transmit
</UL>
<BR>[Called By]<UL><LI><a href="#[87]">&gt;&gt;</a>&nbsp;&nbsp;&nbsp;cam_gim_param_init
<LI><a href="#[d1]">&gt;&gt;</a>&nbsp;&nbsp;&nbsp;cam_gim_init
<LI><a href="#[d0]">&gt;&gt;</a>&nbsp;&nbsp;&nbsp;cam_gim_normal
<LI><a href="#[cf]">&gt;&gt;</a>&nbsp;&nbsp;&nbsp;cam_gim_auto_angle
<LI><a href="#[ce]">&gt;&gt;</a>&nbsp;&nbsp;&nbsp;cam_gim_stop
</UL>

<P><STRONG><a name="[ca]"></a>Set_Pitch_Current</STRONG> (Thumb, 86 bytes, Stack size 40 bytes, canbustask.o(.text))
<BR><BR>[Stack]<UL><LI>Max Depth = 48<LI>Call Chain = Set_Pitch_Current &rArr; CAN_Transmit
</UL>
<BR>[Calls]<UL><LI><a href="#[c3]">&gt;&gt;</a>&nbsp;&nbsp;&nbsp;CAN_Transmit
</UL>
<BR>[Called By]<UL><LI><a href="#[79]">&gt;&gt;</a>&nbsp;&nbsp;&nbsp;gimbal_task
</UL>

<P><STRONG><a name="[cb]"></a>Set_Yaw_Current</STRONG> (Thumb, 84 bytes, Stack size 32 bytes, canbustask.o(.text))
<BR><BR>[Stack]<UL><LI>Max Depth = 40<LI>Call Chain = Set_Yaw_Current &rArr; CAN_Transmit
</UL>
<BR>[Calls]<UL><LI><a href="#[c3]">&gt;&gt;</a>&nbsp;&nbsp;&nbsp;CAN_Transmit
</UL>
<BR>[Called By]<UL><LI><a href="#[79]">&gt;&gt;</a>&nbsp;&nbsp;&nbsp;gimbal_task
</UL>

<P><STRONG><a name="[cc]"></a>Set_EncodeOffset</STRONG> (Thumb, 76 bytes, Stack size 32 bytes, canbustask.o(.text), UNUSED)
<BR><BR>[Calls]<UL><LI><a href="#[c3]">&gt;&gt;</a>&nbsp;&nbsp;&nbsp;CAN_Transmit
</UL>

<P><STRONG><a name="[cd]"></a>aim_scope_init</STRONG> (Thumb, 152 bytes, Stack size 8 bytes, camera_gimbal_task.o(.text))
<BR><BR>[Stack]<UL><LI>Max Depth = 64<LI>Call Chain = aim_scope_init &rArr; Set_GM_CM_Current &rArr; CAN_Transmit
</UL>
<BR>[Calls]<UL><LI><a href="#[9f]">&gt;&gt;</a>&nbsp;&nbsp;&nbsp;pid_calc
<LI><a href="#[92]">&gt;&gt;</a>&nbsp;&nbsp;&nbsp;__aeabi_d2f
<LI><a href="#[c8]">&gt;&gt;</a>&nbsp;&nbsp;&nbsp;Set_GM_CM_Current
</UL>
<BR>[Called By]<UL><LI><a href="#[7d]">&gt;&gt;</a>&nbsp;&nbsp;&nbsp;aim_scope_control
</UL>

<P><STRONG><a name="[7d]"></a>aim_scope_control</STRONG> (Thumb, 230 bytes, Stack size 8 bytes, camera_gimbal_task.o(.text))
<BR><BR>[Stack]<UL><LI>Max Depth = 72<LI>Call Chain = aim_scope_control &rArr; aim_scope_init &rArr; Set_GM_CM_Current &rArr; CAN_Transmit
</UL>
<BR>[Calls]<UL><LI><a href="#[96]">&gt;&gt;</a>&nbsp;&nbsp;&nbsp;pid_clr
<LI><a href="#[9f]">&gt;&gt;</a>&nbsp;&nbsp;&nbsp;pid_calc
<LI><a href="#[92]">&gt;&gt;</a>&nbsp;&nbsp;&nbsp;__aeabi_d2f
<LI><a href="#[cd]">&gt;&gt;</a>&nbsp;&nbsp;&nbsp;aim_scope_init
</UL>
<BR>[Called By]<UL><LI><a href="#[73]">&gt;&gt;</a>&nbsp;&nbsp;&nbsp;Control_Task
</UL>

<P><STRONG><a name="[ce]"></a>cam_gim_stop</STRONG> (Thumb, 56 bytes, Stack size 8 bytes, camera_gimbal_task.o(.text))
<BR><BR>[Stack]<UL><LI>Max Depth = 64<LI>Call Chain = cam_gim_stop &rArr; Set_GM_CM_Current &rArr; CAN_Transmit
</UL>
<BR>[Calls]<UL><LI><a href="#[96]">&gt;&gt;</a>&nbsp;&nbsp;&nbsp;pid_clr
<LI><a href="#[c9]">&gt;&gt;</a>&nbsp;&nbsp;&nbsp;Set_GM_Current
<LI><a href="#[c8]">&gt;&gt;</a>&nbsp;&nbsp;&nbsp;Set_GM_CM_Current
</UL>
<BR>[Called By]<UL><LI><a href="#[79]">&gt;&gt;</a>&nbsp;&nbsp;&nbsp;gimbal_task
<LI><a href="#[7b]">&gt;&gt;</a>&nbsp;&nbsp;&nbsp;camera_gimbal_control
</UL>

<P><STRONG><a name="[cf]"></a>cam_gim_auto_angle</STRONG> (Thumb, 242 bytes, Stack size 8 bytes, camera_gimbal_task.o(.text))
<BR><BR>[Stack]<UL><LI>Max Depth = 56<LI>Call Chain = cam_gim_auto_angle &rArr; pid_calc &rArr; __hardfp_fabs
</UL>
<BR>[Calls]<UL><LI><a href="#[9f]">&gt;&gt;</a>&nbsp;&nbsp;&nbsp;pid_calc
<LI><a href="#[92]">&gt;&gt;</a>&nbsp;&nbsp;&nbsp;__aeabi_d2f
<LI><a href="#[c9]">&gt;&gt;</a>&nbsp;&nbsp;&nbsp;Set_GM_Current
</UL>
<BR>[Called By]<UL><LI><a href="#[7b]">&gt;&gt;</a>&nbsp;&nbsp;&nbsp;camera_gimbal_control
</UL>

<P><STRONG><a name="[d0]"></a>cam_gim_normal</STRONG> (Thumb, 220 bytes, Stack size 8 bytes, camera_gimbal_task.o(.text))
<BR><BR>[Stack]<UL><LI>Max Depth = 56<LI>Call Chain = cam_gim_normal &rArr; pid_calc &rArr; __hardfp_fabs
</UL>
<BR>[Calls]<UL><LI><a href="#[9f]">&gt;&gt;</a>&nbsp;&nbsp;&nbsp;pid_calc
<LI><a href="#[92]">&gt;&gt;</a>&nbsp;&nbsp;&nbsp;__aeabi_d2f
<LI><a href="#[c9]">&gt;&gt;</a>&nbsp;&nbsp;&nbsp;Set_GM_Current
</UL>
<BR>[Called By]<UL><LI><a href="#[7b]">&gt;&gt;</a>&nbsp;&nbsp;&nbsp;camera_gimbal_control
</UL>

<P><STRONG><a name="[d1]"></a>cam_gim_init</STRONG> (Thumb, 308 bytes, Stack size 8 bytes, camera_gimbal_task.o(.text))
<BR><BR>[Stack]<UL><LI>Max Depth = 56<LI>Call Chain = cam_gim_init &rArr; pid_calc &rArr; __hardfp_fabs
</UL>
<BR>[Calls]<UL><LI><a href="#[9f]">&gt;&gt;</a>&nbsp;&nbsp;&nbsp;pid_calc
<LI><a href="#[92]">&gt;&gt;</a>&nbsp;&nbsp;&nbsp;__aeabi_d2f
<LI><a href="#[c9]">&gt;&gt;</a>&nbsp;&nbsp;&nbsp;Set_GM_Current
</UL>
<BR>[Called By]<UL><LI><a href="#[7b]">&gt;&gt;</a>&nbsp;&nbsp;&nbsp;camera_gimbal_control
</UL>

<P><STRONG><a name="[7b]"></a>camera_gimbal_control</STRONG> (Thumb, 48 bytes, Stack size 8 bytes, camera_gimbal_task.o(.text))
<BR><BR>[Stack]<UL><LI>Max Depth = 72<LI>Call Chain = camera_gimbal_control &rArr; cam_gim_stop &rArr; Set_GM_CM_Current &rArr; CAN_Transmit
</UL>
<BR>[Calls]<UL><LI><a href="#[d1]">&gt;&gt;</a>&nbsp;&nbsp;&nbsp;cam_gim_init
<LI><a href="#[d0]">&gt;&gt;</a>&nbsp;&nbsp;&nbsp;cam_gim_normal
<LI><a href="#[cf]">&gt;&gt;</a>&nbsp;&nbsp;&nbsp;cam_gim_auto_angle
<LI><a href="#[ce]">&gt;&gt;</a>&nbsp;&nbsp;&nbsp;cam_gim_stop
</UL>
<BR>[Called By]<UL><LI><a href="#[73]">&gt;&gt;</a>&nbsp;&nbsp;&nbsp;Control_Task
</UL>

<P><STRONG><a name="[87]"></a>cam_gim_param_init</STRONG> (Thumb, 174 bytes, Stack size 8 bytes, camera_gimbal_task.o(.text))
<BR><BR>[Stack]<UL><LI>Max Depth = 56<LI>Call Chain = cam_gim_param_init &rArr; Set_GM_Current &rArr; CAN_Transmit
</UL>
<BR>[Calls]<UL><LI><a href="#[a5]">&gt;&gt;</a>&nbsp;&nbsp;&nbsp;PID_struct_init
<LI><a href="#[c9]">&gt;&gt;</a>&nbsp;&nbsp;&nbsp;Set_GM_Current
</UL>
<BR>[Called By]<UL><LI><a href="#[84]">&gt;&gt;</a>&nbsp;&nbsp;&nbsp;ControtLoopTaskInit
</UL>

<P><STRONG><a name="[d3]"></a>gimbal_back_param</STRONG> (Thumb, 58 bytes, Stack size 8 bytes, gimbal_task.o(.text))
<BR><BR>[Stack]<UL><LI>Max Depth = 8<LI>Call Chain = gimbal_back_param
</UL>
<BR>[Called By]<UL><LI><a href="#[df]">&gt;&gt;</a>&nbsp;&nbsp;&nbsp;get_gimbal_mode
<LI><a href="#[d2]">&gt;&gt;</a>&nbsp;&nbsp;&nbsp;gimbal_stop
</UL>

<P><STRONG><a name="[d2]"></a>gimbal_stop</STRONG> (Thumb, 62 bytes, Stack size 8 bytes, gimbal_task.o(.text))
<BR><BR>[Stack]<UL><LI>Max Depth = 16<LI>Call Chain = gimbal_stop &rArr; gimbal_back_param
</UL>
<BR>[Calls]<UL><LI><a href="#[96]">&gt;&gt;</a>&nbsp;&nbsp;&nbsp;pid_clr
<LI><a href="#[d3]">&gt;&gt;</a>&nbsp;&nbsp;&nbsp;gimbal_back_param
</UL>
<BR>[Called By]<UL><LI><a href="#[79]">&gt;&gt;</a>&nbsp;&nbsp;&nbsp;gimbal_task
</UL>

<P><STRONG><a name="[da]"></a>cascade_pid_ctrl</STRONG> (Thumb, 36 bytes, Stack size 0 bytes, gimbal_task.o(.text))
<BR><BR>[Called By]<UL><LI><a href="#[79]">&gt;&gt;</a>&nbsp;&nbsp;&nbsp;gimbal_task
</UL>

<P><STRONG><a name="[d4]"></a>auto_angle_handle</STRONG> (Thumb, 490 bytes, Stack size 24 bytes, gimbal_task.o(.text))
<BR><BR>[Stack]<UL><LI>Max Depth = 112<LI>Call Chain = auto_angle_handle &rArr; __aeabi_drsub &rArr; __aeabi_dadd &rArr; _double_epilogue &rArr; _double_round
</UL>
<BR>[Calls]<UL><LI><a href="#[9f]">&gt;&gt;</a>&nbsp;&nbsp;&nbsp;pid_calc
<LI><a href="#[8f]">&gt;&gt;</a>&nbsp;&nbsp;&nbsp;__aeabi_f2d
<LI><a href="#[92]">&gt;&gt;</a>&nbsp;&nbsp;&nbsp;__aeabi_d2f
<LI><a href="#[a1]">&gt;&gt;</a>&nbsp;&nbsp;&nbsp;__aeabi_cdcmple
<LI><a href="#[a5]">&gt;&gt;</a>&nbsp;&nbsp;&nbsp;PID_struct_init
<LI><a href="#[d5]">&gt;&gt;</a>&nbsp;&nbsp;&nbsp;__aeabi_drsub
<LI><a href="#[d6]">&gt;&gt;</a>&nbsp;&nbsp;&nbsp;__hardfp_fabs
</UL>
<BR>[Called By]<UL><LI><a href="#[79]">&gt;&gt;</a>&nbsp;&nbsp;&nbsp;gimbal_task
</UL>

<P><STRONG><a name="[d7]"></a>close_loop_handle</STRONG> (Thumb, 254 bytes, Stack size 8 bytes, gimbal_task.o(.text))
<BR><BR>[Stack]<UL><LI>Max Depth = 16<LI>Call Chain = close_loop_handle &rArr; __aeabi_d2f
</UL>
<BR>[Calls]<UL><LI><a href="#[92]">&gt;&gt;</a>&nbsp;&nbsp;&nbsp;__aeabi_d2f
</UL>
<BR>[Called By]<UL><LI><a href="#[79]">&gt;&gt;</a>&nbsp;&nbsp;&nbsp;gimbal_task
</UL>

<P><STRONG><a name="[d8]"></a>init_mode_handle</STRONG> (Thumb, 890 bytes, Stack size 16 bytes, gimbal_task.o(.text))
<BR><BR>[Stack]<UL><LI>Max Depth = 56<LI>Call Chain = init_mode_handle &rArr; __aeabi_ddiv &rArr; _double_round
</UL>
<BR>[Calls]<UL><LI><a href="#[9b]">&gt;&gt;</a>&nbsp;&nbsp;&nbsp;__aeabi_ddiv
<LI><a href="#[9c]">&gt;&gt;</a>&nbsp;&nbsp;&nbsp;__aeabi_d2iz
<LI><a href="#[92]">&gt;&gt;</a>&nbsp;&nbsp;&nbsp;__aeabi_d2f
<LI><a href="#[a5]">&gt;&gt;</a>&nbsp;&nbsp;&nbsp;PID_struct_init
</UL>
<BR>[Called By]<UL><LI><a href="#[79]">&gt;&gt;</a>&nbsp;&nbsp;&nbsp;gimbal_task
</UL>

<P><STRONG><a name="[79]"></a>gimbal_task</STRONG> (Thumb, 1148 bytes, Stack size 8 bytes, gimbal_task.o(.text))
<BR><BR>[Stack]<UL><LI>Max Depth = 120<LI>Call Chain = gimbal_task &rArr; auto_angle_handle &rArr; __aeabi_drsub &rArr; __aeabi_dadd &rArr; _double_epilogue &rArr; _double_round
</UL>
<BR>[Calls]<UL><LI><a href="#[9f]">&gt;&gt;</a>&nbsp;&nbsp;&nbsp;pid_calc
<LI><a href="#[71]">&gt;&gt;</a>&nbsp;&nbsp;&nbsp;ddt_SetMotor
<LI><a href="#[d9]">&gt;&gt;</a>&nbsp;&nbsp;&nbsp;gimbal_is_controllable
<LI><a href="#[d8]">&gt;&gt;</a>&nbsp;&nbsp;&nbsp;init_mode_handle
<LI><a href="#[d7]">&gt;&gt;</a>&nbsp;&nbsp;&nbsp;close_loop_handle
<LI><a href="#[d4]">&gt;&gt;</a>&nbsp;&nbsp;&nbsp;auto_angle_handle
<LI><a href="#[da]">&gt;&gt;</a>&nbsp;&nbsp;&nbsp;cascade_pid_ctrl
<LI><a href="#[d2]">&gt;&gt;</a>&nbsp;&nbsp;&nbsp;gimbal_stop
<LI><a href="#[ce]">&gt;&gt;</a>&nbsp;&nbsp;&nbsp;cam_gim_stop
<LI><a href="#[cb]">&gt;&gt;</a>&nbsp;&nbsp;&nbsp;Set_Yaw_Current
<LI><a href="#[ca]">&gt;&gt;</a>&nbsp;&nbsp;&nbsp;Set_Pitch_Current
</UL>
<BR>[Called By]<UL><LI><a href="#[73]">&gt;&gt;</a>&nbsp;&nbsp;&nbsp;Control_Task
</UL>

<P><STRONG><a name="[21e]"></a>AvgFilter</STRONG> (Thumb, 90 bytes, Stack size 0 bytes, gimbal_task.o(.text), UNUSED)

<P><STRONG><a name="[db]"></a>lab_shoot_task</STRONG> (Thumb, 552 bytes, Stack size 96 bytes, gimbal_task.o(.text), UNUSED)
<BR><BR>[Calls]<UL><LI><a href="#[8f]">&gt;&gt;</a>&nbsp;&nbsp;&nbsp;__aeabi_f2d
<LI><a href="#[99]">&gt;&gt;</a>&nbsp;&nbsp;&nbsp;__aeabi_dmul
<LI><a href="#[92]">&gt;&gt;</a>&nbsp;&nbsp;&nbsp;__aeabi_d2f
<LI><a href="#[dc]">&gt;&gt;</a>&nbsp;&nbsp;&nbsp;__hardfp_atan
<LI><a href="#[91]">&gt;&gt;</a>&nbsp;&nbsp;&nbsp;__hardfp_sqrt
<LI><a href="#[9d]">&gt;&gt;</a>&nbsp;&nbsp;&nbsp;__hardfp_sin
<LI><a href="#[9e]">&gt;&gt;</a>&nbsp;&nbsp;&nbsp;__hardfp_cos
</UL>

<P><STRONG><a name="[86]"></a>gimbal_param_init</STRONG> (Thumb, 520 bytes, Stack size 8 bytes, gimbal_task.o(.text))
<BR><BR>[Stack]<UL><LI>Max Depth = 48<LI>Call Chain = gimbal_param_init &rArr; PID_struct_init
</UL>
<BR>[Calls]<UL><LI><a href="#[a5]">&gt;&gt;</a>&nbsp;&nbsp;&nbsp;PID_struct_init
<LI><a href="#[dd]">&gt;&gt;</a>&nbsp;&nbsp;&nbsp;__aeabi_memclr4
</UL>
<BR>[Called By]<UL><LI><a href="#[84]">&gt;&gt;</a>&nbsp;&nbsp;&nbsp;ControtLoopTaskInit
</UL>

<P><STRONG><a name="[78]"></a>mode_switch_task</STRONG> (Thumb, 12 bytes, Stack size 8 bytes, modeswitch.o(.text))
<BR><BR>[Stack]<UL><LI>Max Depth = 24<LI>Call Chain = mode_switch_task &rArr; get_gimbal_mode &rArr; gimbal_back_param
</UL>
<BR>[Calls]<UL><LI><a href="#[df]">&gt;&gt;</a>&nbsp;&nbsp;&nbsp;get_gimbal_mode
<LI><a href="#[de]">&gt;&gt;</a>&nbsp;&nbsp;&nbsp;get_chassis_mode
</UL>
<BR>[Called By]<UL><LI><a href="#[73]">&gt;&gt;</a>&nbsp;&nbsp;&nbsp;Control_Task
</UL>

<P><STRONG><a name="[d9]"></a>gimbal_is_controllable</STRONG> (Thumb, 32 bytes, Stack size 8 bytes, modeswitch.o(.text))
<BR><BR>[Stack]<UL><LI>Max Depth = 12<LI>Call Chain = gimbal_is_controllable &rArr; Is_Lost_Error_Set
</UL>
<BR>[Calls]<UL><LI><a href="#[a6]">&gt;&gt;</a>&nbsp;&nbsp;&nbsp;GetInputMode
<LI><a href="#[e0]">&gt;&gt;</a>&nbsp;&nbsp;&nbsp;Is_Lost_Error_Set
</UL>
<BR>[Called By]<UL><LI><a href="#[79]">&gt;&gt;</a>&nbsp;&nbsp;&nbsp;gimbal_task
</UL>

<P><STRONG><a name="[e1]"></a>chassis_is_controllable</STRONG> (Thumb, 32 bytes, Stack size 8 bytes, modeswitch.o(.text), UNUSED)
<BR><BR>[Calls]<UL><LI><a href="#[a6]">&gt;&gt;</a>&nbsp;&nbsp;&nbsp;GetInputMode
<LI><a href="#[e0]">&gt;&gt;</a>&nbsp;&nbsp;&nbsp;Is_Lost_Error_Set
</UL>

<P><STRONG><a name="[e2]"></a>shoot_friction_handle</STRONG> (Thumb, 836 bytes, Stack size 16 bytes, shoot_task.o(.text))
<BR><BR>[Stack]<UL><LI>Max Depth = 72<LI>Call Chain = shoot_friction_handle &rArr; Set_CM_Speed &rArr; CAN_Transmit
</UL>
<BR>[Calls]<UL><LI><a href="#[9f]">&gt;&gt;</a>&nbsp;&nbsp;&nbsp;pid_calc
<LI><a href="#[a7]">&gt;&gt;</a>&nbsp;&nbsp;&nbsp;Set_CM_Speed
<LI><a href="#[a6]">&gt;&gt;</a>&nbsp;&nbsp;&nbsp;GetInputMode
</UL>
<BR>[Called By]<UL><LI><a href="#[7c]">&gt;&gt;</a>&nbsp;&nbsp;&nbsp;shot_task
</UL>

<P><STRONG><a name="[e3]"></a>shoot_bullet_handle</STRONG> (Thumb, 1048 bytes, Stack size 8 bytes, shoot_task.o(.text))
<BR><BR>[Stack]<UL><LI>Max Depth = 64<LI>Call Chain = shoot_bullet_handle &rArr; Set_GM_CM_Current &rArr; CAN_Transmit
</UL>
<BR>[Calls]<UL><LI><a href="#[96]">&gt;&gt;</a>&nbsp;&nbsp;&nbsp;pid_clr
<LI><a href="#[9f]">&gt;&gt;</a>&nbsp;&nbsp;&nbsp;pid_calc
<LI><a href="#[a6]">&gt;&gt;</a>&nbsp;&nbsp;&nbsp;GetInputMode
<LI><a href="#[c8]">&gt;&gt;</a>&nbsp;&nbsp;&nbsp;Set_GM_CM_Current
</UL>
<BR>[Called By]<UL><LI><a href="#[7c]">&gt;&gt;</a>&nbsp;&nbsp;&nbsp;shot_task
</UL>

<P><STRONG><a name="[e6]"></a>heat1_limit</STRONG> (Thumb, 66 bytes, Stack size 0 bytes, shoot_task.o(.text))
<BR><BR>[Called By]<UL><LI><a href="#[7c]">&gt;&gt;</a>&nbsp;&nbsp;&nbsp;shot_task
</UL>

<P><STRONG><a name="[e4]"></a>test_mode_task</STRONG> (Thumb, 368 bytes, Stack size 0 bytes, shoot_task.o(.text))
<BR><BR>[Called By]<UL><LI><a href="#[7c]">&gt;&gt;</a>&nbsp;&nbsp;&nbsp;shot_task
</UL>

<P><STRONG><a name="[7c]"></a>shot_task</STRONG> (Thumb, 24 bytes, Stack size 8 bytes, shoot_task.o(.text))
<BR><BR>[Stack]<UL><LI>Max Depth = 80<LI>Call Chain = shot_task &rArr; shoot_friction_handle &rArr; Set_CM_Speed &rArr; CAN_Transmit
</UL>
<BR>[Calls]<UL><LI><a href="#[e4]">&gt;&gt;</a>&nbsp;&nbsp;&nbsp;test_mode_task
<LI><a href="#[e6]">&gt;&gt;</a>&nbsp;&nbsp;&nbsp;heat1_limit
<LI><a href="#[e3]">&gt;&gt;</a>&nbsp;&nbsp;&nbsp;shoot_bullet_handle
<LI><a href="#[e2]">&gt;&gt;</a>&nbsp;&nbsp;&nbsp;shoot_friction_handle
<LI><a href="#[e5]">&gt;&gt;</a>&nbsp;&nbsp;&nbsp;SwitchModeShoot
</UL>
<BR>[Called By]<UL><LI><a href="#[73]">&gt;&gt;</a>&nbsp;&nbsp;&nbsp;Control_Task
</UL>

<P><STRONG><a name="[b2]"></a>friction_lock</STRONG> (Thumb, 254 bytes, Stack size 8 bytes, shoot_task.o(.text))
<BR><BR>[Stack]<UL><LI>Max Depth = 64<LI>Call Chain = friction_lock &rArr; Set_GM_CM_Current &rArr; CAN_Transmit
</UL>
<BR>[Calls]<UL><LI><a href="#[9f]">&gt;&gt;</a>&nbsp;&nbsp;&nbsp;pid_calc
<LI><a href="#[a6]">&gt;&gt;</a>&nbsp;&nbsp;&nbsp;GetInputMode
<LI><a href="#[c8]">&gt;&gt;</a>&nbsp;&nbsp;&nbsp;Set_GM_CM_Current
</UL>
<BR>[Called By]<UL><LI><a href="#[af]">&gt;&gt;</a>&nbsp;&nbsp;&nbsp;MouseKeyControlProcess
</UL>

<P><STRONG><a name="[89]"></a>shot_param_init</STRONG> (Thumb, 204 bytes, Stack size 8 bytes, shoot_task.o(.text))
<BR><BR>[Stack]<UL><LI>Max Depth = 64<LI>Call Chain = shot_param_init &rArr; Set_GM_CM_Current &rArr; CAN_Transmit
</UL>
<BR>[Calls]<UL><LI><a href="#[a5]">&gt;&gt;</a>&nbsp;&nbsp;&nbsp;PID_struct_init
<LI><a href="#[c8]">&gt;&gt;</a>&nbsp;&nbsp;&nbsp;Set_GM_CM_Current
</UL>
<BR>[Called By]<UL><LI><a href="#[84]">&gt;&gt;</a>&nbsp;&nbsp;&nbsp;ControtLoopTaskInit
</UL>

<P><STRONG><a name="[21f]"></a>chip_task</STRONG> (Thumb, 2 bytes, Stack size 0 bytes, autoangle_shoot.o(.text), UNUSED)

<P><STRONG><a name="[b1]"></a>auto_angle_control</STRONG> (Thumb, 1620 bytes, Stack size 16 bytes, autoangle_shoot.o(.text))
<BR><BR>[Stack]<UL><LI>Max Depth = 24<LI>Call Chain = auto_angle_control &rArr; __aeabi_d2f
</UL>
<BR>[Calls]<UL><LI><a href="#[96]">&gt;&gt;</a>&nbsp;&nbsp;&nbsp;pid_clr
<LI><a href="#[8f]">&gt;&gt;</a>&nbsp;&nbsp;&nbsp;__aeabi_f2d
<LI><a href="#[92]">&gt;&gt;</a>&nbsp;&nbsp;&nbsp;__aeabi_d2f
<LI><a href="#[a0]">&gt;&gt;</a>&nbsp;&nbsp;&nbsp;__aeabi_cdrcmple
<LI><a href="#[b4]">&gt;&gt;</a>&nbsp;&nbsp;&nbsp;GimbalAngleLimit
</UL>
<BR>[Called By]<UL><LI><a href="#[af]">&gt;&gt;</a>&nbsp;&nbsp;&nbsp;MouseKeyControlProcess
</UL>

<P><STRONG><a name="[114]"></a>avg</STRONG> (Thumb, 124 bytes, Stack size 0 bytes, autoangle_shoot.o(.text))
<BR><BR>[Called By]<UL><LI><a href="#[111]">&gt;&gt;</a>&nbsp;&nbsp;&nbsp;judgement_data_handle
</UL>

<P><STRONG><a name="[e7]"></a>LED_TOGGLE</STRONG> (Thumb, 214 bytes, Stack size 32 bytes, supervise.o(.text))
<BR><BR>[Stack]<UL><LI>Max Depth = 32<LI>Call Chain = LED_TOGGLE
</UL>
<BR>[Calls]<UL><LI><a href="#[77]">&gt;&gt;</a>&nbsp;&nbsp;&nbsp;GPIO_SetBits
<LI><a href="#[76]">&gt;&gt;</a>&nbsp;&nbsp;&nbsp;GPIO_ResetBits
<LI><a href="#[e8]">&gt;&gt;</a>&nbsp;&nbsp;&nbsp;GPIO_ToggleBits
</UL>
<BR>[Called By]<UL><LI><a href="#[80]">&gt;&gt;</a>&nbsp;&nbsp;&nbsp;SuperviseTask
</UL>

<P><STRONG><a name="[eb]"></a>Get_Lost_Error</STRONG> (Thumb, 10 bytes, Stack size 0 bytes, supervise.o(.text))
<BR><BR>[Called By]<UL><LI><a href="#[80]">&gt;&gt;</a>&nbsp;&nbsp;&nbsp;SuperviseTask
<LI><a href="#[e0]">&gt;&gt;</a>&nbsp;&nbsp;&nbsp;Is_Lost_Error_Set
</UL>

<P><STRONG><a name="[8c]"></a>GetLostCounter</STRONG> (Thumb, 18 bytes, Stack size 0 bytes, supervise.o(.text))
<BR><BR>[Called By]<UL><LI><a href="#[80]">&gt;&gt;</a>&nbsp;&nbsp;&nbsp;SuperviseTask
<LI><a href="#[75]">&gt;&gt;</a>&nbsp;&nbsp;&nbsp;Hi220_getYawPitchRoll
<LI><a href="#[84]">&gt;&gt;</a>&nbsp;&nbsp;&nbsp;ControtLoopTaskInit
<LI><a href="#[c6]">&gt;&gt;</a>&nbsp;&nbsp;&nbsp;Can2ReceiveMsgProcess
<LI><a href="#[c4]">&gt;&gt;</a>&nbsp;&nbsp;&nbsp;Can1ReceiveMsgProcess
<LI><a href="#[38]">&gt;&gt;</a>&nbsp;&nbsp;&nbsp;USART1_IRQHandler
</UL>

<P><STRONG><a name="[80]"></a>SuperviseTask</STRONG> (Thumb, 432 bytes, Stack size 16 bytes, supervise.o(.text))
<BR><BR>[Stack]<UL><LI>Max Depth = 48<LI>Call Chain = SuperviseTask &rArr; LED_TOGGLE
</UL>
<BR>[Calls]<UL><LI><a href="#[8d]">&gt;&gt;</a>&nbsp;&nbsp;&nbsp;LostCounterFeed
<LI><a href="#[8c]">&gt;&gt;</a>&nbsp;&nbsp;&nbsp;GetLostCounter
<LI><a href="#[e9]">&gt;&gt;</a>&nbsp;&nbsp;&nbsp;LostCounterOverflowCheck
<LI><a href="#[ea]">&gt;&gt;</a>&nbsp;&nbsp;&nbsp;LostCounterCount
<LI><a href="#[eb]">&gt;&gt;</a>&nbsp;&nbsp;&nbsp;Get_Lost_Error
<LI><a href="#[e7]">&gt;&gt;</a>&nbsp;&nbsp;&nbsp;LED_TOGGLE
</UL>
<BR>[Called By]<UL><LI><a href="#[73]">&gt;&gt;</a>&nbsp;&nbsp;&nbsp;Control_Task
</UL>

<P><STRONG><a name="[220]"></a>Set_Error_Flag</STRONG> (Thumb, 2 bytes, Stack size 0 bytes, supervise.o(.text), UNUSED)

<P><STRONG><a name="[e0]"></a>Is_Lost_Error_Set</STRONG> (Thumb, 22 bytes, Stack size 4 bytes, supervise.o(.text))
<BR><BR>[Stack]<UL><LI>Max Depth = 4<LI>Call Chain = Is_Lost_Error_Set
</UL>
<BR>[Calls]<UL><LI><a href="#[eb]">&gt;&gt;</a>&nbsp;&nbsp;&nbsp;Get_Lost_Error
</UL>
<BR>[Called By]<UL><LI><a href="#[ec]">&gt;&gt;</a>&nbsp;&nbsp;&nbsp;Is_Serious_Error
<LI><a href="#[e1]">&gt;&gt;</a>&nbsp;&nbsp;&nbsp;chassis_is_controllable
<LI><a href="#[d9]">&gt;&gt;</a>&nbsp;&nbsp;&nbsp;gimbal_is_controllable
</UL>

<P><STRONG><a name="[ec]"></a>Is_Serious_Error</STRONG> (Thumb, 36 bytes, Stack size 4 bytes, supervise.o(.text), UNUSED)
<BR><BR>[Calls]<UL><LI><a href="#[e0]">&gt;&gt;</a>&nbsp;&nbsp;&nbsp;Is_Lost_Error_Set
</UL>

<P><STRONG><a name="[ed]"></a>process_general_message</STRONG> (Thumb, 464 bytes, Stack size 24 bytes, autoshoot_control_task.o(.text))
<BR><BR>[Stack]<UL><LI>Max Depth = 868<LI>Call Chain = process_general_message &rArr; host_to_device__frame__unpack &rArr; protobuf_c_message_unpack &rArr; parse_member &rArr; parse_oneof_member &rArr; parse_required_member &rArr;  protobuf_c_message_unpack (Cycle)
</UL>
<BR>[Calls]<UL><LI><a href="#[77]">&gt;&gt;</a>&nbsp;&nbsp;&nbsp;GPIO_SetBits
<LI><a href="#[76]">&gt;&gt;</a>&nbsp;&nbsp;&nbsp;GPIO_ResetBits
<LI><a href="#[ef]">&gt;&gt;</a>&nbsp;&nbsp;&nbsp;host_to_device__frame__unpack
<LI><a href="#[f0]">&gt;&gt;</a>&nbsp;&nbsp;&nbsp;host_to_device__frame__free_unpacked
<LI><a href="#[ee]">&gt;&gt;</a>&nbsp;&nbsp;&nbsp;get_crc8
</UL>
<BR>[Called By]<UL><LI><a href="#[f1]">&gt;&gt;</a>&nbsp;&nbsp;&nbsp;targetOffsetDataDeal
</UL>

<P><STRONG><a name="[f1]"></a>targetOffsetDataDeal</STRONG> (Thumb, 26 bytes, Stack size 16 bytes, autoshoot_control_task.o(.text))
<BR><BR>[Stack]<UL><LI>Max Depth = 884<LI>Call Chain = targetOffsetDataDeal &rArr; process_general_message &rArr; host_to_device__frame__unpack &rArr; protobuf_c_message_unpack &rArr; parse_member &rArr; parse_oneof_member &rArr; parse_required_member &rArr;  protobuf_c_message_unpack (Cycle)
</UL>
<BR>[Calls]<UL><LI><a href="#[ed]">&gt;&gt;</a>&nbsp;&nbsp;&nbsp;process_general_message
</UL>
<BR>[Called By]<UL><LI><a href="#[47]">&gt;&gt;</a>&nbsp;&nbsp;&nbsp;UART4_IRQHandler
</UL>

<P><STRONG><a name="[7e]"></a>send_protocol</STRONG> (Thumb, 152 bytes, Stack size 16 bytes, autoshoot_control_task.o(.text))
<BR><BR>[Stack]<UL><LI>Max Depth = 252<LI>Call Chain = send_protocol &rArr; device_to_host__frame__pack &rArr; protobuf_c_message_pack &rArr; repeated_field_pack &rArr; required_field_pack &rArr; sint64_pack &rArr; uint64_pack &rArr; uint32_pack
</UL>
<BR>[Calls]<UL><LI><a href="#[f2]">&gt;&gt;</a>&nbsp;&nbsp;&nbsp;device_to_host__frame__pack
<LI><a href="#[6c]">&gt;&gt;</a>&nbsp;&nbsp;&nbsp;device_to_host__frame__init
<LI><a href="#[f3]">&gt;&gt;</a>&nbsp;&nbsp;&nbsp;device_to_host__frame__get_packed_size
<LI><a href="#[f5]">&gt;&gt;</a>&nbsp;&nbsp;&nbsp;Uart4SendBytesInfoProc
<LI><a href="#[f4]">&gt;&gt;</a>&nbsp;&nbsp;&nbsp;Append_CRC8_Check_Sum
</UL>
<BR>[Called By]<UL><LI><a href="#[73]">&gt;&gt;</a>&nbsp;&nbsp;&nbsp;Control_Task
</UL>

<P><STRONG><a name="[f7]"></a>Get_CRC8_Check_Sum</STRONG> (Thumb, 30 bytes, Stack size 12 bytes, judge.o(.text))
<BR><BR>[Stack]<UL><LI>Max Depth = 12<LI>Call Chain = Get_CRC8_Check_Sum
</UL>
<BR>[Called By]<UL><LI><a href="#[f6]">&gt;&gt;</a>&nbsp;&nbsp;&nbsp;Verify_CRC8_Check_Sum
<LI><a href="#[ee]">&gt;&gt;</a>&nbsp;&nbsp;&nbsp;get_crc8
<LI><a href="#[f4]">&gt;&gt;</a>&nbsp;&nbsp;&nbsp;Append_CRC8_Check_Sum
</UL>

<P><STRONG><a name="[f6]"></a>Verify_CRC8_Check_Sum</STRONG> (Thumb, 46 bytes, Stack size 16 bytes, judge.o(.text))
<BR><BR>[Stack]<UL><LI>Max Depth = 28<LI>Call Chain = Verify_CRC8_Check_Sum &rArr; Get_CRC8_Check_Sum
</UL>
<BR>[Calls]<UL><LI><a href="#[f7]">&gt;&gt;</a>&nbsp;&nbsp;&nbsp;Get_CRC8_Check_Sum
</UL>
<BR>[Called By]<UL><LI><a href="#[115]">&gt;&gt;</a>&nbsp;&nbsp;&nbsp;unpack_fifo_data
</UL>

<P><STRONG><a name="[ee]"></a>get_crc8</STRONG> (Thumb, 30 bytes, Stack size 16 bytes, judge.o(.text))
<BR><BR>[Stack]<UL><LI>Max Depth = 28<LI>Call Chain = get_crc8 &rArr; Get_CRC8_Check_Sum
</UL>
<BR>[Calls]<UL><LI><a href="#[f7]">&gt;&gt;</a>&nbsp;&nbsp;&nbsp;Get_CRC8_Check_Sum
</UL>
<BR>[Called By]<UL><LI><a href="#[ed]">&gt;&gt;</a>&nbsp;&nbsp;&nbsp;process_general_message
</UL>

<P><STRONG><a name="[f4]"></a>Append_CRC8_Check_Sum</STRONG> (Thumb, 36 bytes, Stack size 16 bytes, judge.o(.text))
<BR><BR>[Stack]<UL><LI>Max Depth = 28<LI>Call Chain = Append_CRC8_Check_Sum &rArr; Get_CRC8_Check_Sum
</UL>
<BR>[Calls]<UL><LI><a href="#[f7]">&gt;&gt;</a>&nbsp;&nbsp;&nbsp;Get_CRC8_Check_Sum
</UL>
<BR>[Called By]<UL><LI><a href="#[7e]">&gt;&gt;</a>&nbsp;&nbsp;&nbsp;send_protocol
<LI><a href="#[11f]">&gt;&gt;</a>&nbsp;&nbsp;&nbsp;protocol_packet_pack
</UL>

<P><STRONG><a name="[f9]"></a>Get_CRC16_Check_Sum</STRONG> (Thumb, 46 bytes, Stack size 12 bytes, judge.o(.text))
<BR><BR>[Stack]<UL><LI>Max Depth = 12<LI>Call Chain = Get_CRC16_Check_Sum
</UL>
<BR>[Called By]<UL><LI><a href="#[fa]">&gt;&gt;</a>&nbsp;&nbsp;&nbsp;Append_CRC16_Check_Sum
<LI><a href="#[f8]">&gt;&gt;</a>&nbsp;&nbsp;&nbsp;Verify_CRC16_Check_Sum
</UL>

<P><STRONG><a name="[f8]"></a>Verify_CRC16_Check_Sum</STRONG> (Thumb, 60 bytes, Stack size 16 bytes, judge.o(.text))
<BR><BR>[Stack]<UL><LI>Max Depth = 28<LI>Call Chain = Verify_CRC16_Check_Sum &rArr; Get_CRC16_Check_Sum
</UL>
<BR>[Calls]<UL><LI><a href="#[f9]">&gt;&gt;</a>&nbsp;&nbsp;&nbsp;Get_CRC16_Check_Sum
</UL>
<BR>[Called By]<UL><LI><a href="#[115]">&gt;&gt;</a>&nbsp;&nbsp;&nbsp;unpack_fifo_data
</UL>

<P><STRONG><a name="[fa]"></a>Append_CRC16_Check_Sum</STRONG> (Thumb, 44 bytes, Stack size 16 bytes, judge.o(.text))
<BR><BR>[Stack]<UL><LI>Max Depth = 28<LI>Call Chain = Append_CRC16_Check_Sum &rArr; Get_CRC16_Check_Sum
</UL>
<BR>[Calls]<UL><LI><a href="#[f9]">&gt;&gt;</a>&nbsp;&nbsp;&nbsp;Get_CRC16_Check_Sum
</UL>
<BR>[Called By]<UL><LI><a href="#[11f]">&gt;&gt;</a>&nbsp;&nbsp;&nbsp;protocol_packet_pack
</UL>

<P><STRONG><a name="[fb]"></a>BSP_UART5_InitConfig</STRONG> (Thumb, 488 bytes, Stack size 96 bytes, judge.o(.text))
<BR><BR>[Stack]<UL><LI>Max Depth = 164<LI>Call Chain = BSP_UART5_InitConfig &rArr; USART_Init &rArr; RCC_GetClocksFreq
</UL>
<BR>[Calls]<UL><LI><a href="#[100]">&gt;&gt;</a>&nbsp;&nbsp;&nbsp;USART_Init
<LI><a href="#[10b]">&gt;&gt;</a>&nbsp;&nbsp;&nbsp;USART_ITConfig
<LI><a href="#[102]">&gt;&gt;</a>&nbsp;&nbsp;&nbsp;USART_DMACmd
<LI><a href="#[101]">&gt;&gt;</a>&nbsp;&nbsp;&nbsp;USART_Cmd
<LI><a href="#[fd]">&gt;&gt;</a>&nbsp;&nbsp;&nbsp;RCC_APB1PeriphClockCmd
<LI><a href="#[fc]">&gt;&gt;</a>&nbsp;&nbsp;&nbsp;RCC_AHB1PeriphClockCmd
<LI><a href="#[108]">&gt;&gt;</a>&nbsp;&nbsp;&nbsp;NVIC_Init
<LI><a href="#[ff]">&gt;&gt;</a>&nbsp;&nbsp;&nbsp;GPIO_PinAFConfig
<LI><a href="#[fe]">&gt;&gt;</a>&nbsp;&nbsp;&nbsp;GPIO_Init
<LI><a href="#[10c]">&gt;&gt;</a>&nbsp;&nbsp;&nbsp;FIFO_S_Create
<LI><a href="#[103]">&gt;&gt;</a>&nbsp;&nbsp;&nbsp;DMA_StructInit
<LI><a href="#[104]">&gt;&gt;</a>&nbsp;&nbsp;&nbsp;DMA_Init
<LI><a href="#[107]">&gt;&gt;</a>&nbsp;&nbsp;&nbsp;DMA_GetCmdStatus
<LI><a href="#[109]">&gt;&gt;</a>&nbsp;&nbsp;&nbsp;DMA_DoubleBufferModeConfig
<LI><a href="#[10a]">&gt;&gt;</a>&nbsp;&nbsp;&nbsp;DMA_DoubleBufferModeCmd
<LI><a href="#[106]">&gt;&gt;</a>&nbsp;&nbsp;&nbsp;DMA_DeInit
<LI><a href="#[105]">&gt;&gt;</a>&nbsp;&nbsp;&nbsp;DMA_Cmd
</UL>
<BR>[Called By]<UL><LI><a href="#[70]">&gt;&gt;</a>&nbsp;&nbsp;&nbsp;BSP_Init
</UL>

<P><STRONG><a name="[10d]"></a>UART5_PrintBlock</STRONG> (Thumb, 44 bytes, Stack size 16 bytes, judge.o(.text), UNUSED)
<BR><BR>[Calls]<UL><LI><a href="#[10b]">&gt;&gt;</a>&nbsp;&nbsp;&nbsp;USART_ITConfig
<LI><a href="#[10e]">&gt;&gt;</a>&nbsp;&nbsp;&nbsp;FIFO_S_Put
</UL>

<P><STRONG><a name="[221]"></a>UART5_GetRxBuf</STRONG> (Thumb, 4 bytes, Stack size 0 bytes, judge.o(.text), UNUSED)

<P><STRONG><a name="[10f]"></a>MYDMA_Enable</STRONG> (Thumb, 44 bytes, Stack size 16 bytes, judge.o(.text))
<BR><BR>[Stack]<UL><LI>Max Depth = 16<LI>Call Chain = MYDMA_Enable
</UL>
<BR>[Calls]<UL><LI><a href="#[110]">&gt;&gt;</a>&nbsp;&nbsp;&nbsp;DMA_SetCurrDataCounter
<LI><a href="#[107]">&gt;&gt;</a>&nbsp;&nbsp;&nbsp;DMA_GetCmdStatus
<LI><a href="#[105]">&gt;&gt;</a>&nbsp;&nbsp;&nbsp;DMA_Cmd
</UL>
<BR>[Called By]<UL><LI><a href="#[120]">&gt;&gt;</a>&nbsp;&nbsp;&nbsp;data_upload_handle
</UL>

<P><STRONG><a name="[111]"></a>judgement_data_handle</STRONG> (Thumb, 654 bytes, Stack size 24 bytes, judge.o(.text))
<BR><BR>[Stack]<UL><LI>Max Depth = 140<LI>Call Chain = judgement_data_handle &rArr; Vehicle_Send_Data &rArr; data_upload_handle &rArr; protocol_packet_pack &rArr; Append_CRC16_Check_Sum &rArr; Get_CRC16_Check_Sum
</UL>
<BR>[Calls]<UL><LI><a href="#[113]">&gt;&gt;</a>&nbsp;&nbsp;&nbsp;Vehicle_Send_Data
<LI><a href="#[114]">&gt;&gt;</a>&nbsp;&nbsp;&nbsp;avg
<LI><a href="#[112]">&gt;&gt;</a>&nbsp;&nbsp;&nbsp;__aeabi_memcpy
</UL>
<BR>[Called By]<UL><LI><a href="#[115]">&gt;&gt;</a>&nbsp;&nbsp;&nbsp;unpack_fifo_data
</UL>

<P><STRONG><a name="[115]"></a>unpack_fifo_data</STRONG> (Thumb, 340 bytes, Stack size 16 bytes, judge.o(.text))
<BR><BR>[Stack]<UL><LI>Max Depth = 156<LI>Call Chain = unpack_fifo_data &rArr; judgement_data_handle &rArr; Vehicle_Send_Data &rArr; data_upload_handle &rArr; protocol_packet_pack &rArr; Append_CRC16_Check_Sum &rArr; Get_CRC16_Check_Sum
</UL>
<BR>[Calls]<UL><LI><a href="#[116]">&gt;&gt;</a>&nbsp;&nbsp;&nbsp;FIFO_S_Get
<LI><a href="#[117]">&gt;&gt;</a>&nbsp;&nbsp;&nbsp;FIFO_S_CountUsed
<LI><a href="#[111]">&gt;&gt;</a>&nbsp;&nbsp;&nbsp;judgement_data_handle
<LI><a href="#[f8]">&gt;&gt;</a>&nbsp;&nbsp;&nbsp;Verify_CRC16_Check_Sum
<LI><a href="#[f6]">&gt;&gt;</a>&nbsp;&nbsp;&nbsp;Verify_CRC8_Check_Sum
</UL>
<BR>[Called By]<UL><LI><a href="#[48]">&gt;&gt;</a>&nbsp;&nbsp;&nbsp;UART5_IRQHandler
</UL>

<P><STRONG><a name="[48]"></a>UART5_IRQHandler</STRONG> (Thumb, 268 bytes, Stack size 8 bytes, judge.o(.text))
<BR><BR>[Stack]<UL><LI>Max Depth = 164<LI>Call Chain = UART5_IRQHandler &rArr; unpack_fifo_data &rArr; judgement_data_handle &rArr; Vehicle_Send_Data &rArr; data_upload_handle &rArr; protocol_packet_pack &rArr; Append_CRC16_Check_Sum &rArr; Get_CRC16_Check_Sum
</UL>
<BR>[Calls]<UL><LI><a href="#[118]">&gt;&gt;</a>&nbsp;&nbsp;&nbsp;USART_GetITStatus
<LI><a href="#[11b]">&gt;&gt;</a>&nbsp;&nbsp;&nbsp;FIFO_S_Puts
<LI><a href="#[119]">&gt;&gt;</a>&nbsp;&nbsp;&nbsp;DMA_GetCurrentMemoryTarget
<LI><a href="#[11a]">&gt;&gt;</a>&nbsp;&nbsp;&nbsp;DMA_GetCurrDataCounter
<LI><a href="#[105]">&gt;&gt;</a>&nbsp;&nbsp;&nbsp;DMA_Cmd
<LI><a href="#[115]">&gt;&gt;</a>&nbsp;&nbsp;&nbsp;unpack_fifo_data
</UL>
<BR>[Address Reference Count : 1]<UL><LI> startup_stm32f4xx.o(RESET)
</UL>
<P><STRONG><a name="[11c]"></a>get_dma_memory_msg</STRONG> (Thumb, 26 bytes, Stack size 16 bytes, judge.o(.text), UNUSED)
<BR><BR>[Calls]<UL><LI><a href="#[119]">&gt;&gt;</a>&nbsp;&nbsp;&nbsp;DMA_GetCurrentMemoryTarget
<LI><a href="#[11a]">&gt;&gt;</a>&nbsp;&nbsp;&nbsp;DMA_GetCurrDataCounter
</UL>
<BR>[Called By]<UL><LI><a href="#[11d]">&gt;&gt;</a>&nbsp;&nbsp;&nbsp;dma_buffer_to_unpack_buffer
</UL>

<P><STRONG><a name="[11d]"></a>dma_buffer_to_unpack_buffer</STRONG> (Thumb, 140 bytes, Stack size 32 bytes, judge.o(.text), UNUSED)
<BR><BR>[Calls]<UL><LI><a href="#[11b]">&gt;&gt;</a>&nbsp;&nbsp;&nbsp;FIFO_S_Puts
<LI><a href="#[11e]">&gt;&gt;</a>&nbsp;&nbsp;&nbsp;FIFO_S_CountFree
<LI><a href="#[11c]">&gt;&gt;</a>&nbsp;&nbsp;&nbsp;get_dma_memory_msg
</UL>

<P><STRONG><a name="[11f]"></a>protocol_packet_pack</STRONG> (Thumb, 74 bytes, Stack size 48 bytes, judge.o(.text))
<BR><BR>[Stack]<UL><LI>Max Depth = 76<LI>Call Chain = protocol_packet_pack &rArr; Append_CRC16_Check_Sum &rArr; Get_CRC16_Check_Sum
</UL>
<BR>[Calls]<UL><LI><a href="#[fa]">&gt;&gt;</a>&nbsp;&nbsp;&nbsp;Append_CRC16_Check_Sum
<LI><a href="#[f4]">&gt;&gt;</a>&nbsp;&nbsp;&nbsp;Append_CRC8_Check_Sum
<LI><a href="#[112]">&gt;&gt;</a>&nbsp;&nbsp;&nbsp;__aeabi_memcpy
</UL>
<BR>[Called By]<UL><LI><a href="#[120]">&gt;&gt;</a>&nbsp;&nbsp;&nbsp;data_upload_handle
</UL>

<P><STRONG><a name="[120]"></a>data_upload_handle</STRONG> (Thumb, 82 bytes, Stack size 32 bytes, judge.o(.text))
<BR><BR>[Stack]<UL><LI>Max Depth = 108<LI>Call Chain = data_upload_handle &rArr; protocol_packet_pack &rArr; Append_CRC16_Check_Sum &rArr; Get_CRC16_Check_Sum
</UL>
<BR>[Calls]<UL><LI><a href="#[102]">&gt;&gt;</a>&nbsp;&nbsp;&nbsp;USART_DMACmd
<LI><a href="#[121]">&gt;&gt;</a>&nbsp;&nbsp;&nbsp;DMA_ClearFlag
<LI><a href="#[11f]">&gt;&gt;</a>&nbsp;&nbsp;&nbsp;protocol_packet_pack
<LI><a href="#[10f]">&gt;&gt;</a>&nbsp;&nbsp;&nbsp;MYDMA_Enable
</UL>
<BR>[Called By]<UL><LI><a href="#[7f]">&gt;&gt;</a>&nbsp;&nbsp;&nbsp;Client_send_handle
<LI><a href="#[113]">&gt;&gt;</a>&nbsp;&nbsp;&nbsp;Vehicle_Send_Data
</UL>

<P><STRONG><a name="[122]"></a>communicate_param_init</STRONG> (Thumb, 74 bytes, Stack size 8 bytes, judge.o(.text))
<BR><BR>[Stack]<UL><LI>Max Depth = 8<LI>Call Chain = communicate_param_init
</UL>
<BR>[Calls]<UL><LI><a href="#[123]">&gt;&gt;</a>&nbsp;&nbsp;&nbsp;FIFO_S_Init
</UL>
<BR>[Called By]<UL><LI><a href="#[70]">&gt;&gt;</a>&nbsp;&nbsp;&nbsp;BSP_Init
</UL>

<P><STRONG><a name="[124]"></a>Usart5DmaSendDataProc</STRONG> (Thumb, 24 bytes, Stack size 16 bytes, judge.o(.text), UNUSED)
<BR><BR>[Calls]<UL><LI><a href="#[110]">&gt;&gt;</a>&nbsp;&nbsp;&nbsp;DMA_SetCurrDataCounter
<LI><a href="#[105]">&gt;&gt;</a>&nbsp;&nbsp;&nbsp;DMA_Cmd
</UL>
<BR>[Called By]<UL><LI><a href="#[125]">&gt;&gt;</a>&nbsp;&nbsp;&nbsp;Usart5SendBytesInfoProc
</UL>

<P><STRONG><a name="[125]"></a>Usart5SendBytesInfoProc</STRONG> (Thumb, 44 bytes, Stack size 24 bytes, judge.o(.text), UNUSED)
<BR><BR>[Calls]<UL><LI><a href="#[124]">&gt;&gt;</a>&nbsp;&nbsp;&nbsp;Usart5DmaSendDataProc
</UL>

<P><STRONG><a name="[113]"></a>Vehicle_Send_Data</STRONG> (Thumb, 104 bytes, Stack size 8 bytes, vehicle_com_task.o(.text))
<BR><BR>[Stack]<UL><LI>Max Depth = 116<LI>Call Chain = Vehicle_Send_Data &rArr; data_upload_handle &rArr; protocol_packet_pack &rArr; Append_CRC16_Check_Sum &rArr; Get_CRC16_Check_Sum
</UL>
<BR>[Calls]<UL><LI><a href="#[120]">&gt;&gt;</a>&nbsp;&nbsp;&nbsp;data_upload_handle
</UL>
<BR>[Called By]<UL><LI><a href="#[126]">&gt;&gt;</a>&nbsp;&nbsp;&nbsp;Vehicle_Com_Task
<LI><a href="#[111]">&gt;&gt;</a>&nbsp;&nbsp;&nbsp;judgement_data_handle
</UL>

<P><STRONG><a name="[127]"></a>Vehicle_Receive</STRONG> (Thumb, 174 bytes, Stack size 0 bytes, vehicle_com_task.o(.text), UNUSED)
<BR><BR>[Called By]<UL><LI><a href="#[126]">&gt;&gt;</a>&nbsp;&nbsp;&nbsp;Vehicle_Com_Task
</UL>

<P><STRONG><a name="[126]"></a>Vehicle_Com_Task</STRONG> (Thumb, 12 bytes, Stack size 8 bytes, vehicle_com_task.o(.text), UNUSED)
<BR><BR>[Calls]<UL><LI><a href="#[127]">&gt;&gt;</a>&nbsp;&nbsp;&nbsp;Vehicle_Receive
<LI><a href="#[113]">&gt;&gt;</a>&nbsp;&nbsp;&nbsp;Vehicle_Send_Data
</UL>

<P><STRONG><a name="[129]"></a>barriers_moving_calc</STRONG> (Thumb, 172 bytes, Stack size 0 bytes, barriers_task.o(.text))
<BR><BR>[Called By]<UL><LI><a href="#[7a]">&gt;&gt;</a>&nbsp;&nbsp;&nbsp;barriers_task
</UL>

<P><STRONG><a name="[128]"></a>return_zero</STRONG> (Thumb, 208 bytes, Stack size 0 bytes, barriers_task.o(.text))
<BR><BR>[Called By]<UL><LI><a href="#[7a]">&gt;&gt;</a>&nbsp;&nbsp;&nbsp;barriers_task
</UL>

<P><STRONG><a name="[7a]"></a>barriers_task</STRONG> (Thumb, 220 bytes, Stack size 4 bytes, barriers_task.o(.text))
<BR><BR>[Stack]<UL><LI>Max Depth = 4<LI>Call Chain = barriers_task
</UL>
<BR>[Calls]<UL><LI><a href="#[128]">&gt;&gt;</a>&nbsp;&nbsp;&nbsp;return_zero
<LI><a href="#[129]">&gt;&gt;</a>&nbsp;&nbsp;&nbsp;barriers_moving_calc
</UL>
<BR>[Called By]<UL><LI><a href="#[73]">&gt;&gt;</a>&nbsp;&nbsp;&nbsp;Control_Task
</UL>

<P><STRONG><a name="[8a]"></a>barriers_param_init</STRONG> (Thumb, 128 bytes, Stack size 8 bytes, barriers_task.o(.text))
<BR><BR>[Stack]<UL><LI>Max Depth = 48<LI>Call Chain = barriers_param_init &rArr; PID_struct_init
</UL>
<BR>[Calls]<UL><LI><a href="#[a5]">&gt;&gt;</a>&nbsp;&nbsp;&nbsp;PID_struct_init
</UL>
<BR>[Called By]<UL><LI><a href="#[84]">&gt;&gt;</a>&nbsp;&nbsp;&nbsp;ControtLoopTaskInit
</UL>

<P><STRONG><a name="[8b]"></a>LADRC_Init</STRONG> (Thumb, 86 bytes, Stack size 0 bytes, ladrc.o(.text))
<BR><BR>[Called By]<UL><LI><a href="#[84]">&gt;&gt;</a>&nbsp;&nbsp;&nbsp;ControtLoopTaskInit
</UL>

<P><STRONG><a name="[12b]"></a>LADRC_extend_observer</STRONG> (Thumb, 118 bytes, Stack size 0 bytes, ladrc.o(.text), UNUSED)
<BR><BR>[Called By]<UL><LI><a href="#[12a]">&gt;&gt;</a>&nbsp;&nbsp;&nbsp;LADRC_control_task
</UL>

<P><STRONG><a name="[12c]"></a>LADRC_pdcontroler</STRONG> (Thumb, 116 bytes, Stack size 0 bytes, ladrc.o(.text), UNUSED)
<BR><BR>[Called By]<UL><LI><a href="#[12a]">&gt;&gt;</a>&nbsp;&nbsp;&nbsp;LADRC_control_task
</UL>

<P><STRONG><a name="[222]"></a>LADRC_TD</STRONG> (Thumb, 96 bytes, Stack size 0 bytes, ladrc.o(.text), UNUSED)

<P><STRONG><a name="[12a]"></a>LADRC_control_task</STRONG> (Thumb, 38 bytes, Stack size 4 bytes, ladrc.o(.text), UNUSED)
<BR><BR>[Calls]<UL><LI><a href="#[12c]">&gt;&gt;</a>&nbsp;&nbsp;&nbsp;LADRC_pdcontroler
<LI><a href="#[12b]">&gt;&gt;</a>&nbsp;&nbsp;&nbsp;LADRC_extend_observer
</UL>

<P><STRONG><a name="[70]"></a>BSP_Init</STRONG> (Thumb, 106 bytes, Stack size 8 bytes, bsp.o(.text))
<BR><BR>[Stack]<UL><LI>Max Depth = 172<LI>Call Chain = BSP_Init &rArr; USART6_Configuration_For_Hi220 &rArr; USART_Init &rArr; RCC_GetClocksFreq
</UL>
<BR>[Calls]<UL><LI><a href="#[84]">&gt;&gt;</a>&nbsp;&nbsp;&nbsp;ControtLoopTaskInit
<LI><a href="#[138]">&gt;&gt;</a>&nbsp;&nbsp;&nbsp;ddt_SetMode
<LI><a href="#[137]">&gt;&gt;</a>&nbsp;&nbsp;&nbsp;USART6_Configuration_For_Hi220
<LI><a href="#[136]">&gt;&gt;</a>&nbsp;&nbsp;&nbsp;USART3_Configuration
<LI><a href="#[134]">&gt;&gt;</a>&nbsp;&nbsp;&nbsp;USART2_Configuration
<LI><a href="#[13b]">&gt;&gt;</a>&nbsp;&nbsp;&nbsp;USART1_Configuration
<LI><a href="#[135]">&gt;&gt;</a>&nbsp;&nbsp;&nbsp;UART4_Configuration
<LI><a href="#[12f]">&gt;&gt;</a>&nbsp;&nbsp;&nbsp;TIM8_Configuration
<LI><a href="#[130]">&gt;&gt;</a>&nbsp;&nbsp;&nbsp;TIM6_Configuration
<LI><a href="#[131]">&gt;&gt;</a>&nbsp;&nbsp;&nbsp;TIM4_Configuration
<LI><a href="#[132]">&gt;&gt;</a>&nbsp;&nbsp;&nbsp;TIM2_Configuration
<LI><a href="#[12e]">&gt;&gt;</a>&nbsp;&nbsp;&nbsp;Led_Configuration
<LI><a href="#[133]">&gt;&gt;</a>&nbsp;&nbsp;&nbsp;Laser_Configuration
<LI><a href="#[13a]">&gt;&gt;</a>&nbsp;&nbsp;&nbsp;CAN2_Configuration
<LI><a href="#[139]">&gt;&gt;</a>&nbsp;&nbsp;&nbsp;CAN1_Configuration
<LI><a href="#[122]">&gt;&gt;</a>&nbsp;&nbsp;&nbsp;communicate_param_init
<LI><a href="#[fb]">&gt;&gt;</a>&nbsp;&nbsp;&nbsp;BSP_UART5_InitConfig
<LI><a href="#[12d]">&gt;&gt;</a>&nbsp;&nbsp;&nbsp;delay_ms
</UL>
<BR>[Called By]<UL><LI><a href="#[65]">&gt;&gt;</a>&nbsp;&nbsp;&nbsp;main
</UL>

<P><STRONG><a name="[12d]"></a>delay_ms</STRONG> (Thumb, 28 bytes, Stack size 8 bytes, delay.o(.text))
<BR><BR>[Stack]<UL><LI>Max Depth = 8<LI>Call Chain = delay_ms
</UL>
<BR>[Called By]<UL><LI><a href="#[70]">&gt;&gt;</a>&nbsp;&nbsp;&nbsp;BSP_Init
</UL>

<P><STRONG><a name="[223]"></a>delay_us</STRONG> (Thumb, 26 bytes, Stack size 8 bytes, delay.o(.text), UNUSED)

<P><STRONG><a name="[224]"></a>Delay_ms</STRONG> (Thumb, 28 bytes, Stack size 8 bytes, delay.o(.text), UNUSED)

<P><STRONG><a name="[225]"></a>Delay_us</STRONG> (Thumb, 26 bytes, Stack size 8 bytes, delay.o(.text), UNUSED)

<P><STRONG><a name="[12f]"></a>TIM8_Configuration</STRONG> (Thumb, 84 bytes, Stack size 16 bytes, timer.o(.text))
<BR><BR>[Stack]<UL><LI>Max Depth = 16<LI>Call Chain = TIM8_Configuration
</UL>
<BR>[Calls]<UL><LI><a href="#[140]">&gt;&gt;</a>&nbsp;&nbsp;&nbsp;TIM_UpdateDisableConfig
<LI><a href="#[13e]">&gt;&gt;</a>&nbsp;&nbsp;&nbsp;TIM_TimeBaseInit
<LI><a href="#[13f]">&gt;&gt;</a>&nbsp;&nbsp;&nbsp;TIM_PrescalerConfig
[...]
<LI>Call Chain = merge_messages &rArr;  merge_messages (Cycle)
</UL>
<BR>[Calls]<UL><LI><a href="#[166]">&gt;&gt;</a>&nbsp;&nbsp;&nbsp;do_free
<LI><a href="#[165]">&gt;&gt;</a>&nbsp;&nbsp;&nbsp;do_alloc
<LI><a href="#[197]">&gt;&gt;</a>&nbsp;&nbsp;&nbsp;merge_messages
<LI><a href="#[198]">&gt;&gt;</a>&nbsp;&nbsp;&nbsp;int_range_lookup
<LI><a href="#[183]">&gt;&gt;</a>&nbsp;&nbsp;&nbsp;sizeof_elt_in_repeated_array
<LI><a href="#[ac]">&gt;&gt;</a>&nbsp;&nbsp;&nbsp;__aeabi_memclr
<LI><a href="#[112]">&gt;&gt;</a>&nbsp;&nbsp;&nbsp;__aeabi_memcpy
</UL>
<BR>[Called By]<UL><LI><a href="#[1a0]">&gt;&gt;</a>&nbsp;&nbsp;&nbsp;parse_required_member
<LI><a href="#[197]">&gt;&gt;</a>&nbsp;&nbsp;&nbsp;merge_messages
</UL>

<P><STRONG><a name="[199]"></a>count_packed_elements</STRONG> (Thumb, 126 bytes, Stack size 24 bytes, protobuf-c.o(.text))
<BR><BR>[Stack]<UL><LI>Max Depth = 32<LI>Call Chain = count_packed_elements &rArr; max_b128_numbers
</UL>
<BR>[Calls]<UL><LI><a href="#[19a]">&gt;&gt;</a>&nbsp;&nbsp;&nbsp;max_b128_numbers
</UL>
<BR>[Called By]<UL><LI><a href="#[1ab]">&gt;&gt;</a>&nbsp;&nbsp;&nbsp;protobuf_c_message_unpack
</UL>

<P><STRONG><a name="[19c]"></a>parse_uint32</STRONG> (Thumb, 62 bytes, Stack size 0 bytes, protobuf-c.o(.text))
<BR><BR>[Called By]<UL><LI><a href="#[1a3]">&gt;&gt;</a>&nbsp;&nbsp;&nbsp;parse_int32
<LI><a href="#[1a0]">&gt;&gt;</a>&nbsp;&nbsp;&nbsp;parse_required_member
<LI><a href="#[1a1]">&gt;&gt;</a>&nbsp;&nbsp;&nbsp;parse_packed_repeated_member
<LI><a href="#[19b]">&gt;&gt;</a>&nbsp;&nbsp;&nbsp;parse_uint64
</UL>

<P><STRONG><a name="[19b]"></a>parse_uint64</STRONG> (Thumb, 158 bytes, Stack size 40 bytes, protobuf-c.o(.text))
<BR><BR>[Stack]<UL><LI>Max Depth = 40<LI>Call Chain = parse_uint64
</UL>
<BR>[Calls]<UL><LI><a href="#[19c]">&gt;&gt;</a>&nbsp;&nbsp;&nbsp;parse_uint32
<LI><a href="#[19d]">&gt;&gt;</a>&nbsp;&nbsp;&nbsp;__aeabi_llsl
</UL>
<BR>[Called By]<UL><LI><a href="#[1a0]">&gt;&gt;</a>&nbsp;&nbsp;&nbsp;parse_required_member
<LI><a href="#[1a1]">&gt;&gt;</a>&nbsp;&nbsp;&nbsp;parse_packed_repeated_member
</UL>

<P><STRONG><a name="[1af]"></a>parse_boolean</STRONG> (Thumb, 30 bytes, Stack size 0 bytes, protobuf-c.o(.text))
<BR><BR>[Called By]<UL><LI><a href="#[1a0]">&gt;&gt;</a>&nbsp;&nbsp;&nbsp;parse_required_member
</UL>

<P><STRONG><a name="[19f]"></a>parse_repeated_member</STRONG> (Thumb, 70 bytes, Stack size 40 bytes, protobuf-c.o(.text))
<BR><BR>[Stack]<UL><LI>Max Depth = 236<LI>Call Chain = parse_repeated_member &rArr; parse_required_member &rArr;  protobuf_c_message_unpack (Cycle)
</UL>
<BR>[Calls]<UL><LI><a href="#[1a0]">&gt;&gt;</a>&nbsp;&nbsp;&nbsp;parse_required_member
<LI><a href="#[183]">&gt;&gt;</a>&nbsp;&nbsp;&nbsp;sizeof_elt_in_repeated_array
</UL>
<BR>[Called By]<UL><LI><a href="#[1a8]">&gt;&gt;</a>&nbsp;&nbsp;&nbsp;parse_member
</UL>

<P><STRONG><a name="[1a2]"></a>scan_varint</STRONG> (Thumb, 44 bytes, Stack size 0 bytes, protobuf-c.o(.text))
<BR><BR>[Called By]<UL><LI><a href="#[1a1]">&gt;&gt;</a>&nbsp;&nbsp;&nbsp;parse_packed_repeated_member
</UL>

<P><STRONG><a name="[1a1]"></a>parse_packed_repeated_member</STRONG> (Thumb, 512 bytes, Stack size 64 bytes, protobuf-c.o(.text))
<BR><BR>[Stack]<UL><LI>Max Depth = 124<LI>Call Chain = parse_packed_repeated_member &rArr; sizeof_elt_in_repeated_array &rArr; __aeabi_assert &rArr; fputs &rArr; fputc &rArr; stderr_putchar
</UL>
<BR>[Calls]<UL><LI><a href="#[176]">&gt;&gt;</a>&nbsp;&nbsp;&nbsp;__aeabi_assert
<LI><a href="#[1a5]">&gt;&gt;</a>&nbsp;&nbsp;&nbsp;unzigzag64
<LI><a href="#[1a4]">&gt;&gt;</a>&nbsp;&nbsp;&nbsp;unzigzag32
<LI><a href="#[1a3]">&gt;&gt;</a>&nbsp;&nbsp;&nbsp;parse_int32
<LI><a href="#[1a2]">&gt;&gt;</a>&nbsp;&nbsp;&nbsp;scan_varint
<LI><a href="#[19b]">&gt;&gt;</a>&nbsp;&nbsp;&nbsp;parse_uint64
<LI><a href="#[19c]">&gt;&gt;</a>&nbsp;&nbsp;&nbsp;parse_uint32
<LI><a href="#[183]">&gt;&gt;</a>&nbsp;&nbsp;&nbsp;sizeof_elt_in_repeated_array
<LI><a href="#[112]">&gt;&gt;</a>&nbsp;&nbsp;&nbsp;__aeabi_memcpy
</UL>
<BR>[Called By]<UL><LI><a href="#[1a8]">&gt;&gt;</a>&nbsp;&nbsp;&nbsp;parse_member
</UL>

<P><STRONG><a name="[1a9]"></a>is_packable_type</STRONG> (Thumb, 22 bytes, Stack size 0 bytes, protobuf-c.o(.text))
<BR><BR>[Called By]<UL><LI><a href="#[1ab]">&gt;&gt;</a>&nbsp;&nbsp;&nbsp;protobuf_c_message_unpack
<LI><a href="#[1a8]">&gt;&gt;</a>&nbsp;&nbsp;&nbsp;parse_member
</UL>

<P><STRONG><a name="[1a6]"></a>parse_optional_member</STRONG> (Thumb, 50 bytes, Stack size 24 bytes, protobuf-c.o(.text))
<BR><BR>[Stack]<UL><LI>Max Depth = 220<LI>Call Chain = parse_optional_member &rArr; parse_required_member &rArr;  protobuf_c_message_unpack (Cycle)
</UL>
<BR>[Calls]<UL><LI><a href="#[1a0]">&gt;&gt;</a>&nbsp;&nbsp;&nbsp;parse_required_member
</UL>
<BR>[Called By]<UL><LI><a href="#[1a8]">&gt;&gt;</a>&nbsp;&nbsp;&nbsp;parse_member
</UL>

<P><STRONG><a name="[1a7]"></a>parse_oneof_member</STRONG> (Thumb, 250 bytes, Stack size 48 bytes, protobuf-c.o(.text))
<BR><BR>[Stack]<UL><LI>Max Depth = 244<LI>Call Chain = parse_oneof_member &rArr; parse_required_member &rArr;  protobuf_c_message_unpack (Cycle)
</UL>
<BR>[Calls]<UL><LI><a href="#[19e]">&gt;&gt;</a>&nbsp;&nbsp;&nbsp;protobuf_c_message_free_unpacked
<LI><a href="#[166]">&gt;&gt;</a>&nbsp;&nbsp;&nbsp;do_free
<LI><a href="#[1a0]">&gt;&gt;</a>&nbsp;&nbsp;&nbsp;parse_required_member
<LI><a href="#[198]">&gt;&gt;</a>&nbsp;&nbsp;&nbsp;int_range_lookup
<LI><a href="#[183]">&gt;&gt;</a>&nbsp;&nbsp;&nbsp;sizeof_elt_in_repeated_array
<LI><a href="#[ac]">&gt;&gt;</a>&nbsp;&nbsp;&nbsp;__aeabi_memclr
</UL>
<BR>[Called By]<UL><LI><a href="#[1a8]">&gt;&gt;</a>&nbsp;&nbsp;&nbsp;parse_member
</UL>

<P><STRONG><a name="[1a8]"></a>parse_member</STRONG> (Thumb, 208 bytes, Stack size 32 bytes, protobuf-c.o(.text))
<BR><BR>[Stack]<UL><LI>Max Depth = 276<LI>Call Chain = parse_member &rArr; parse_oneof_member &rArr; parse_required_member &rArr;  protobuf_c_message_unpack (Cycle)
</UL>
<BR>[Calls]<UL><LI><a href="#[176]">&gt;&gt;</a>&nbsp;&nbsp;&nbsp;__aeabi_assert
<LI><a href="#[165]">&gt;&gt;</a>&nbsp;&nbsp;&nbsp;do_alloc
<LI><a href="#[1a0]">&gt;&gt;</a>&nbsp;&nbsp;&nbsp;parse_required_member
<LI><a href="#[1a7]">&gt;&gt;</a>&nbsp;&nbsp;&nbsp;parse_oneof_member
<LI><a href="#[1a6]">&gt;&gt;</a>&nbsp;&nbsp;&nbsp;parse_optional_member
<LI><a href="#[1a9]">&gt;&gt;</a>&nbsp;&nbsp;&nbsp;is_packable_type
<LI><a href="#[1a1]">&gt;&gt;</a>&nbsp;&nbsp;&nbsp;parse_packed_repeated_member
<LI><a href="#[19f]">&gt;&gt;</a>&nbsp;&nbsp;&nbsp;parse_repeated_member
<LI><a href="#[112]">&gt;&gt;</a>&nbsp;&nbsp;&nbsp;__aeabi_memcpy
</UL>
<BR>[Called By]<UL><LI><a href="#[1ab]">&gt;&gt;</a>&nbsp;&nbsp;&nbsp;protobuf_c_message_unpack
</UL>

<P><STRONG><a name="[1aa]"></a>message_init_generic</STRONG> (Thumb, 210 bytes, Stack size 16 bytes, protobuf-c.o(.text))
<BR><BR>[Stack]<UL><LI>Max Depth = 16<LI>Call Chain = message_init_generic
</UL>
<BR>[Calls]<UL><LI><a href="#[dd]">&gt;&gt;</a>&nbsp;&nbsp;&nbsp;__aeabi_memclr4
</UL>
<BR>[Called By]<UL><LI><a href="#[1ab]">&gt;&gt;</a>&nbsp;&nbsp;&nbsp;protobuf_c_message_unpack
</UL>

<P><STRONG><a name="[1a0]"></a>parse_required_member</STRONG> (Thumb, 648 bytes, Stack size 64 bytes, protobuf-c.o(.text))
<BR><BR>[Stack]<UL><LI>Max Depth = 196 + In Cycle
<LI>Call Chain = parse_required_member &rArr;  protobuf_c_message_unpack (Cycle)
</UL>
<BR>[Calls]<UL><LI><a href="#[1ab]">&gt;&gt;</a>&nbsp;&nbsp;&nbsp;protobuf_c_message_unpack
<LI><a href="#[19e]">&gt;&gt;</a>&nbsp;&nbsp;&nbsp;protobuf_c_message_free_unpacked
<LI><a href="#[1a5]">&gt;&gt;</a>&nbsp;&nbsp;&nbsp;unzigzag64
<LI><a href="#[1a4]">&gt;&gt;</a>&nbsp;&nbsp;&nbsp;unzigzag32
<LI><a href="#[1a3]">&gt;&gt;</a>&nbsp;&nbsp;&nbsp;parse_int32
<LI><a href="#[166]">&gt;&gt;</a>&nbsp;&nbsp;&nbsp;do_free
<LI><a href="#[165]">&gt;&gt;</a>&nbsp;&nbsp;&nbsp;do_alloc
<LI><a href="#[1af]">&gt;&gt;</a>&nbsp;&nbsp;&nbsp;parse_boolean
<LI><a href="#[19b]">&gt;&gt;</a>&nbsp;&nbsp;&nbsp;parse_uint64
<LI><a href="#[19c]">&gt;&gt;</a>&nbsp;&nbsp;&nbsp;parse_uint32
<LI><a href="#[197]">&gt;&gt;</a>&nbsp;&nbsp;&nbsp;merge_messages
<LI><a href="#[112]">&gt;&gt;</a>&nbsp;&nbsp;&nbsp;__aeabi_memcpy
</UL>
<BR>[Called By]<UL><LI><a href="#[1a8]">&gt;&gt;</a>&nbsp;&nbsp;&nbsp;parse_member
<LI><a href="#[1a7]">&gt;&gt;</a>&nbsp;&nbsp;&nbsp;parse_oneof_member
<LI><a href="#[1a6]">&gt;&gt;</a>&nbsp;&nbsp;&nbsp;parse_optional_member
<LI><a href="#[19f]">&gt;&gt;</a>&nbsp;&nbsp;&nbsp;parse_repeated_member
</UL>

<P><STRONG><a name="[165]"></a>do_alloc</STRONG> (Thumb, 16 bytes, Stack size 16 bytes, protobuf-c.o(.text))
<BR><BR>[Stack]<UL><LI>Max Depth = 16<LI>Call Chain = do_alloc
</UL>
<BR>[Called By]<UL><LI><a href="#[1ab]">&gt;&gt;</a>&nbsp;&nbsp;&nbsp;protobuf_c_message_unpack
<LI><a href="#[6b]">&gt;&gt;</a>&nbsp;&nbsp;&nbsp;protobuf_c_buffer_simple_append
<LI><a href="#[1a0]">&gt;&gt;</a>&nbsp;&nbsp;&nbsp;parse_required_member
<LI><a href="#[1a8]">&gt;&gt;</a>&nbsp;&nbsp;&nbsp;parse_member
<LI><a href="#[197]">&gt;&gt;</a>&nbsp;&nbsp;&nbsp;merge_messages
</UL>

<P><STRONG><a name="[166]"></a>do_free</STRONG> (Thumb, 140 bytes, Stack size 16 bytes, protobuf-c.o(.text))
<BR><BR>[Stack]<UL><LI>Max Depth = 16<LI>Call Chain = do_free
</UL>
<BR>[Called By]<UL><LI><a href="#[1ab]">&gt;&gt;</a>&nbsp;&nbsp;&nbsp;protobuf_c_message_unpack
<LI><a href="#[19e]">&gt;&gt;</a>&nbsp;&nbsp;&nbsp;protobuf_c_message_free_unpacked
<LI><a href="#[6b]">&gt;&gt;</a>&nbsp;&nbsp;&nbsp;protobuf_c_buffer_simple_append
<LI><a href="#[1a0]">&gt;&gt;</a>&nbsp;&nbsp;&nbsp;parse_required_member
<LI><a href="#[1a7]">&gt;&gt;</a>&nbsp;&nbsp;&nbsp;parse_oneof_member
<LI><a href="#[197]">&gt;&gt;</a>&nbsp;&nbsp;&nbsp;merge_messages
</UL>

<P><STRONG><a name="[16b]"></a>sint32_size</STRONG> (Thumb, 18 bytes, Stack size 16 bytes, protobuf-c.o(.text))
<BR><BR>[Stack]<UL><LI>Max Depth = 16<LI>Call Chain = sint32_size
</UL>
<BR>[Calls]<UL><LI><a href="#[1b9]">&gt;&gt;</a>&nbsp;&nbsp;&nbsp;zigzag32
<LI><a href="#[168]">&gt;&gt;</a>&nbsp;&nbsp;&nbsp;uint32_size
</UL>
<BR>[Called By]<UL><LI><a href="#[18f]">&gt;&gt;</a>&nbsp;&nbsp;&nbsp;get_packed_payload_length
<LI><a href="#[173]">&gt;&gt;</a>&nbsp;&nbsp;&nbsp;required_field_get_packed_size
<LI><a href="#[169]">&gt;&gt;</a>&nbsp;&nbsp;&nbsp;repeated_field_get_packed_size
</UL>

<P><STRONG><a name="[16d]"></a>sint64_size</STRONG> (Thumb, 26 bytes, Stack size 24 bytes, protobuf-c.o(.text))
<BR><BR>[Stack]<UL><LI>Max Depth = 40<LI>Call Chain = sint64_size &rArr; uint64_size
</UL>
<BR>[Calls]<UL><LI><a href="#[1ba]">&gt;&gt;</a>&nbsp;&nbsp;&nbsp;zigzag64
<LI><a href="#[167]">&gt;&gt;</a>&nbsp;&nbsp;&nbsp;uint64_size
</UL>
<BR>[Called By]<UL><LI><a href="#[18f]">&gt;&gt;</a>&nbsp;&nbsp;&nbsp;get_packed_payload_length
<LI><a href="#[173]">&gt;&gt;</a>&nbsp;&nbsp;&nbsp;required_field_get_packed_size
<LI><a href="#[169]">&gt;&gt;</a>&nbsp;&nbsp;&nbsp;repeated_field_get_packed_size
</UL>

<P><STRONG><a name="[17d]"></a>sint32_pack</STRONG> (Thumb, 22 bytes, Stack size 16 bytes, protobuf-c.o(.text))
<BR><BR>[Stack]<UL><LI>Max Depth = 28<LI>Call Chain = sint32_pack &rArr; uint32_pack
</UL>
<BR>[Calls]<UL><LI><a href="#[1b9]">&gt;&gt;</a>&nbsp;&nbsp;&nbsp;zigzag32
<LI><a href="#[178]">&gt;&gt;</a>&nbsp;&nbsp;&nbsp;uint32_pack
</UL>
<BR>[Called By]<UL><LI><a href="#[191]">&gt;&gt;</a>&nbsp;&nbsp;&nbsp;required_field_pack_to_buffer
<LI><a href="#[18e]">&gt;&gt;</a>&nbsp;&nbsp;&nbsp;pack_buffer_packed_payload
<LI><a href="#[186]">&gt;&gt;</a>&nbsp;&nbsp;&nbsp;repeated_field_pack
<LI><a href="#[17c]">&gt;&gt;</a>&nbsp;&nbsp;&nbsp;required_field_pack
</UL>

<P><STRONG><a name="[17e]"></a>sint64_pack</STRONG> (Thumb, 30 bytes, Stack size 24 bytes, protobuf-c.o(.text))
<BR><BR>[Stack]<UL><LI>Max Depth = 68<LI>Call Chain = sint64_pack &rArr; uint64_pack &rArr; uint32_pack
</UL>
<BR>[Calls]<UL><LI><a href="#[1ba]">&gt;&gt;</a>&nbsp;&nbsp;&nbsp;zigzag64
<LI><a href="#[179]">&gt;&gt;</a>&nbsp;&nbsp;&nbsp;uint64_pack
</UL>
<BR>[Called By]<UL><LI><a href="#[191]">&gt;&gt;</a>&nbsp;&nbsp;&nbsp;required_field_pack_to_buffer
<LI><a href="#[18e]">&gt;&gt;</a>&nbsp;&nbsp;&nbsp;pack_buffer_packed_payload
<LI><a href="#[186]">&gt;&gt;</a>&nbsp;&nbsp;&nbsp;repeated_field_pack
<LI><a href="#[17c]">&gt;&gt;</a>&nbsp;&nbsp;&nbsp;required_field_pack
</UL>

<P><STRONG><a name="[17f]"></a>fixed32_pack</STRONG> (Thumb, 8 bytes, Stack size 0 bytes, protobuf-c.o(.text))
<BR><BR>[Called By]<UL><LI><a href="#[191]">&gt;&gt;</a>&nbsp;&nbsp;&nbsp;required_field_pack_to_buffer
<LI><a href="#[17c]">&gt;&gt;</a>&nbsp;&nbsp;&nbsp;required_field_pack
</UL>

<P><STRONG><a name="[180]"></a>fixed64_pack</STRONG> (Thumb, 14 bytes, Stack size 16 bytes, protobuf-c.o(.text))
<BR><BR>[Stack]<UL><LI>Max Depth = 16<LI>Call Chain = fixed64_pack
</UL>
<BR>[Called By]<UL><LI><a href="#[191]">&gt;&gt;</a>&nbsp;&nbsp;&nbsp;required_field_pack_to_buffer
<LI><a href="#[17c]">&gt;&gt;</a>&nbsp;&nbsp;&nbsp;required_field_pack
</UL>

<P><STRONG><a name="[181]"></a>boolean_pack</STRONG> (Thumb, 16 bytes, Stack size 0 bytes, protobuf-c.o(.text))
<BR><BR>[Called By]<UL><LI><a href="#[191]">&gt;&gt;</a>&nbsp;&nbsp;&nbsp;required_field_pack_to_buffer
<LI><a href="#[18e]">&gt;&gt;</a>&nbsp;&nbsp;&nbsp;pack_buffer_packed_payload
<LI><a href="#[186]">&gt;&gt;</a>&nbsp;&nbsp;&nbsp;repeated_field_pack
<LI><a href="#[17c]">&gt;&gt;</a>&nbsp;&nbsp;&nbsp;required_field_pack
</UL>

<P><STRONG><a name="[1ae]"></a>scan_length_prefixed_data</STRONG> (Thumb, 94 bytes, Stack size 20 bytes, protobuf-c.o(.text))
<BR><BR>[Stack]<UL><LI>Max Depth = 20<LI>Call Chain = scan_length_prefixed_data
</UL>
<BR>[Called By]<UL><LI><a href="#[1ab]">&gt;&gt;</a>&nbsp;&nbsp;&nbsp;protobuf_c_message_unpack
</UL>

<P><STRONG><a name="[1a3]"></a>parse_int32</STRONG> (Thumb, 16 bytes, Stack size 16 bytes, protobuf-c.o(.text))
<BR><BR>[Stack]<UL><LI>Max Depth = 16<LI>Call Chain = parse_int32
</UL>
<BR>[Calls]<UL><LI><a href="#[19c]">&gt;&gt;</a>&nbsp;&nbsp;&nbsp;parse_uint32
</UL>
<BR>[Called By]<UL><LI><a href="#[1a0]">&gt;&gt;</a>&nbsp;&nbsp;&nbsp;parse_required_member
<LI><a href="#[1a1]">&gt;&gt;</a>&nbsp;&nbsp;&nbsp;parse_packed_repeated_member
</UL>

<P><STRONG><a name="[1a4]"></a>unzigzag32</STRONG> (Thumb, 16 bytes, Stack size 0 bytes, protobuf-c.o(.text))
<BR><BR>[Called By]<UL><LI><a href="#[1a0]">&gt;&gt;</a>&nbsp;&nbsp;&nbsp;parse_required_member
<LI><a href="#[1a1]">&gt;&gt;</a>&nbsp;&nbsp;&nbsp;parse_packed_repeated_member
</UL>

<P><STRONG><a name="[1a5]"></a>unzigzag64</STRONG> (Thumb, 54 bytes, Stack size 20 bytes, protobuf-c.o(.text))
<BR><BR>[Stack]<UL><LI>Max Depth = 20<LI>Call Chain = unzigzag64
</UL>
<BR>[Called By]<UL><LI><a href="#[1a0]">&gt;&gt;</a>&nbsp;&nbsp;&nbsp;parse_required_member
<LI><a href="#[1a1]">&gt;&gt;</a>&nbsp;&nbsp;&nbsp;parse_packed_repeated_member
</UL>

<P><STRONG><a name="[1b9]"></a>zigzag32</STRONG> (Thumb, 10 bytes, Stack size 0 bytes, protobuf-c.o(.text))
<BR><BR>[Called By]<UL><LI><a href="#[17d]">&gt;&gt;</a>&nbsp;&nbsp;&nbsp;sint32_pack
<LI><a href="#[16b]">&gt;&gt;</a>&nbsp;&nbsp;&nbsp;sint32_size
</UL>

<P><STRONG><a name="[1ba]"></a>zigzag64</STRONG> (Thumb, 24 bytes, Stack size 12 bytes, protobuf-c.o(.text))
<BR><BR>[Stack]<UL><LI>Max Depth = 12<LI>Call Chain = zigzag64
</UL>
<BR>[Called By]<UL><LI><a href="#[17e]">&gt;&gt;</a>&nbsp;&nbsp;&nbsp;sint64_pack
<LI><a href="#[16d]">&gt;&gt;</a>&nbsp;&nbsp;&nbsp;sint64_size
</UL>

<P><STRONG><a name="[1c0]"></a>crc16_update</STRONG> (Thumb, 60 bytes, Stack size 20 bytes, hi220.o(.text))
<BR><BR>[Stack]<UL><LI>Max Depth = 20<LI>Call Chain = crc16_update
</UL>
<BR>[Called By]<UL><LI><a href="#[5a]">&gt;&gt;</a>&nbsp;&nbsp;&nbsp;USART6_IRQHandler
</UL>

<P><STRONG><a name="[1ca]"></a>SetSysClock</STRONG> (Thumb, 220 bytes, Stack size 12 bytes, system_stm32f4xx.o(.text))
<BR><BR>[Stack]<UL><LI>Max Depth = 12<LI>Call Chain = SetSysClock
</UL>
<BR>[Called By]<UL><LI><a href="#[66]">&gt;&gt;</a>&nbsp;&nbsp;&nbsp;SystemInit
</UL>

<P><STRONG><a name="[1cc]"></a>CheckITStatus</STRONG> (Thumb, 18 bytes, Stack size 0 bytes, stm32f4xx_can.o(.text))
<BR><BR>[Called By]<UL><LI><a href="#[14b]">&gt;&gt;</a>&nbsp;&nbsp;&nbsp;CAN_GetITStatus
</UL>

<P><STRONG><a name="[1da]"></a>TI4_Config</STRONG> (Thumb, 80 bytes, Stack size 20 bytes, stm32f4xx_tim.o(.text), UNUSED)
<BR><BR>[Called By]<UL><LI><a href="#[1d3]">&gt;&gt;</a>&nbsp;&nbsp;&nbsp;TIM_ICInit
</UL>

<P><STRONG><a name="[1d8]"></a>TI3_Config</STRONG> (Thumb, 72 bytes, Stack size 20 bytes, stm32f4xx_tim.o(.text), UNUSED)
<BR><BR>[Called By]<UL><LI><a href="#[1d3]">&gt;&gt;</a>&nbsp;&nbsp;&nbsp;TIM_ICInit
</UL>

<P><STRONG><a name="[1d6]"></a>TI2_Config</STRONG> (Thumb, 90 bytes, Stack size 20 bytes, stm32f4xx_tim.o(.text), UNUSED)
<BR><BR>[Called By]<UL><LI><a href="#[1df]">&gt;&gt;</a>&nbsp;&nbsp;&nbsp;TIM_TIxExternalClockConfig
<LI><a href="#[1dc]">&gt;&gt;</a>&nbsp;&nbsp;&nbsp;TIM_PWMIConfig
<LI><a href="#[1d3]">&gt;&gt;</a>&nbsp;&nbsp;&nbsp;TIM_ICInit
</UL>

<P><STRONG><a name="[1d4]"></a>TI1_Config</STRONG> (Thumb, 58 bytes, Stack size 20 bytes, stm32f4xx_tim.o(.text), UNUSED)
<BR><BR>[Called By]<UL><LI><a href="#[1df]">&gt;&gt;</a>&nbsp;&nbsp;&nbsp;TIM_TIxExternalClockConfig
<LI><a href="#[1dc]">&gt;&gt;</a>&nbsp;&nbsp;&nbsp;TIM_PWMIConfig
<LI><a href="#[1d3]">&gt;&gt;</a>&nbsp;&nbsp;&nbsp;TIM_ICInit
</UL>

<P><STRONG><a name="[68]"></a>pid_param_init</STRONG> (Thumb, 20 bytes, Stack size 0 bytes, pid.o(.text))
<BR>[Address Reference Count : 1]<UL><LI> pid.o(.text)
</UL>
<P><STRONG><a name="[69]"></a>pid_reset</STRONG> (Thumb, 46 bytes, Stack size 0 bytes, pid.o(.text))
<BR>[Address Reference Count : 1]<UL><LI> pid.o(.text)
</UL>
<P><STRONG><a name="[1ec]"></a>stderr_putchar</STRONG> (Thumb, 12 bytes, Stack size 4 bytes, retarget_io.o(.text))
<BR><BR>[Stack]<UL><LI>Max Depth = 4<LI>Call Chain = stderr_putchar
</UL>
<BR>[Calls]<UL><LI><a href="#[1ed]">&gt;&gt;</a>&nbsp;&nbsp;&nbsp;ITM_SendChar
</UL>
<BR>[Called By]<UL><LI><a href="#[1ee]">&gt;&gt;</a>&nbsp;&nbsp;&nbsp;fputc
</UL>

<P><STRONG><a name="[20c]"></a>_fp_digits</STRONG> (Thumb, 366 bytes, Stack size 64 bytes, printfa.o(i._fp_digits), UNUSED)
<BR><BR>[Calls]<UL><LI><a href="#[99]">&gt;&gt;</a>&nbsp;&nbsp;&nbsp;__aeabi_dmul
<LI><a href="#[9b]">&gt;&gt;</a>&nbsp;&nbsp;&nbsp;__aeabi_ddiv
<LI><a href="#[90]">&gt;&gt;</a>&nbsp;&nbsp;&nbsp;__aeabi_dadd
<LI><a href="#[a0]">&gt;&gt;</a>&nbsp;&nbsp;&nbsp;__aeabi_cdrcmple
<LI><a href="#[1fe]">&gt;&gt;</a>&nbsp;&nbsp;&nbsp;__aeabi_d2ulz
<LI><a href="#[1f4]">&gt;&gt;</a>&nbsp;&nbsp;&nbsp;__aeabi_uldivmod
</UL>
<BR>[Called By]<UL><LI><a href="#[201]">&gt;&gt;</a>&nbsp;&nbsp;&nbsp;_printf_core
</UL>

<P><STRONG><a name="[201]"></a>_printf_core</STRONG> (Thumb, 1704 bytes, Stack size 136 bytes, printfa.o(i._printf_core), UNUSED)
<BR><BR>[Calls]<UL><LI><a href="#[20d]">&gt;&gt;</a>&nbsp;&nbsp;&nbsp;_printf_pre_padding
<LI><a href="#[20e]">&gt;&gt;</a>&nbsp;&nbsp;&nbsp;_printf_post_padding
<LI><a href="#[20c]">&gt;&gt;</a>&nbsp;&nbsp;&nbsp;_fp_digits
<LI><a href="#[1f4]">&gt;&gt;</a>&nbsp;&nbsp;&nbsp;__aeabi_uldivmod
<LI><a href="#[20f]">&gt;&gt;</a>&nbsp;&nbsp;&nbsp;__aeabi_uidivmod
</UL>
<BR>[Called By]<UL><LI><a href="#[200]">&gt;&gt;</a>&nbsp;&nbsp;&nbsp;__0sprintf
</UL>

<P><STRONG><a name="[20e]"></a>_printf_post_padding</STRONG> (Thumb, 36 bytes, Stack size 24 bytes, printfa.o(i._printf_post_padding), UNUSED)
<BR><BR>[Called By]<UL><LI><a href="#[201]">&gt;&gt;</a>&nbsp;&nbsp;&nbsp;_printf_core
</UL>

<P><STRONG><a name="[20d]"></a>_printf_pre_padding</STRONG> (Thumb, 46 bytes, Stack size 24 bytes, printfa.o(i._printf_pre_padding), UNUSED)
<BR><BR>[Called By]<UL><LI><a href="#[201]">&gt;&gt;</a>&nbsp;&nbsp;&nbsp;_printf_core
</UL>

<P><STRONG><a name="[6a]"></a>_sputc</STRONG> (Thumb, 10 bytes, Stack size 0 bytes, printfa.o(i._sputc))
<BR><BR>[Called By]<UL><LI><a href="#[200]">&gt;&gt;</a>&nbsp;&nbsp;&nbsp;__0sprintf
</UL>
<BR>[Address Reference Count : 1]<UL><LI> printfa.o(i.__0sprintf)
</UL><P>
<H3>
Undefined Global Symbols
</H3><HR></body></html>
