Component: ARM Compiler 5.06 update 7 (build 960) Tool: armlink [4d3601]

==============================================================================

Section Cross References

    main.o(.text) refers to bsp.o(.text) for BSP_Init
    main.o(.text) refers to ddt_motor.o(.text) for ddt_SetMotor
    main.o(.text) refers to output2vs.o(.text) for OutPut_Data
    main.o(.text) refers to main.o(.data) for qweRamp
    main.o(.text) refers to remote_task.o(.bss) for RC_CtrlData
    main.o(.text) refers to main.o(.bss) for OutData
    main.o(.data) refers to ramp.o(.text) for RampInit
    control_task.o(.text) refers to stm32f4xx_iwdg.o(.text) for IWDG_ReloadCounter
    control_task.o(.text) refers to hi220.o(.text) for Hi220_getYawPitchRoll
    control_task.o(.text) refers to stm32f4xx_gpio.o(.text) for GPIO_ResetBits
    control_task.o(.text) refers to modeswitch.o(.text) for mode_switch_task
    control_task.o(.text) refers to gimbal_task.o(.text) for gimbal_task
    control_task.o(.text) refers to barriers_task.o(.text) for barriers_task
    control_task.o(.text) refers to camera_gimbal_task.o(.text) for camera_gimbal_control
    control_task.o(.text) refers to shoot_task.o(.text) for shot_task
    control_task.o(.text) refers to autoshoot_control_task.o(.text) for send_protocol
    control_task.o(.text) refers to client.o(.text) for Client_send_handle
    control_task.o(.text) refers to supervise.o(.text) for SuperviseTask
    control_task.o(.text) refers to chassis_task.o(.text) for chassis_task
    control_task.o(.text) refers to remote_task.o(.text) for SetWorkState
    control_task.o(.text) refers to ladrc.o(.text) for LADRC_Init
    control_task.o(.text) refers to lostcounter.o(.text) for LostCounterFeed
    control_task.o(.text) refers to control_task.o(.data) for time_tick_1ms
    control_task.o(.text) refers to canbustask.o(.bss) for BUS1_CM1Encoder
    control_task.o(.text) refers to hi220.o(.data) for roll_Angle
    control_task.o(.data) refers to ramp.o(.text) for RampInit
    chassis_task.o(.text) refers to f2d.o(.text) for __aeabi_f2d
    chassis_task.o(.text) refers to dadd.o(.text) for __aeabi_dadd
    chassis_task.o(.text) refers to sqrt.o(i.__hardfp_sqrt) for __hardfp_sqrt
    chassis_task.o(.text) refers to d2f.o(.text) for __aeabi_d2f
    chassis_task.o(.text) refers to chassis_task.o(.data) for max_power
    chassis_task.o(.text) refers to pid.o(.bss) for pid_spd
    chassis_task.o(.text) refers to chassis_task.o(.bss) for chassis
    chassis_task.o(.text) refers to canbustask.o(.bss) for capacitance_message3
    chassis_task.o(.text) refers to pid.o(.text) for pid_clr
    chassis_task.o(.text) refers to dflti.o(.text) for __aeabi_i2d
    chassis_task.o(.text) refers to dmul.o(.text) for __aeabi_dmul
    chassis_task.o(.text) refers to ddiv.o(.text) for __aeabi_ddiv
    chassis_task.o(.text) refers to dfixi.o(.text) for __aeabi_d2iz
    chassis_task.o(.text) refers to remote_task.o(.data) for chassis_separate_flag
    chassis_task.o(.text) refers to judge.o(.bss) for judge_rece_mesg
    chassis_task.o(.text) refers to gimbal_task.o(.bss) for gim
    chassis_task.o(.text) refers to sin.o(i.__hardfp_sin) for __hardfp_sin
    chassis_task.o(.text) refers to cos.o(i.__hardfp_cos) for __hardfp_cos
    chassis_task.o(.text) refers to cdrcmple.o(.text) for __aeabi_cdrcmple
    chassis_task.o(.text) refers to cdcmple.o(.text) for __aeabi_cdcmple
    chassis_task.o(.text) refers to remote_task.o(.text) for GetInputMode
    chassis_task.o(.text) refers to canbustask.o(.text) for Set_CM_Speed
    chassis_task.o(.text) refers to memseta.o(.text) for __aeabi_memclr
    chassis_task.o(.text) refers to canbustask.o(.data) for not_receive_time
    remote_task.o(.text) refers to stm32f4xx_gpio.o(.text) for GPIO_SetBits
    remote_task.o(.text) refers to remote_task.o(.data) for workState
    remote_task.o(.text) refers to shoot_task.o(.data) for turn_friction_flag
    remote_task.o(.text) refers to gimbal_task.o(.bss) for gim
    remote_task.o(.text) refers to remote_task.o(.bss) for GimbalRef
    remote_task.o(.text) refers to gimbal_task.o(.data) for pitch_middle
    remote_task.o(.text) refers to autoangle_shoot.o(.data) for auto_angle_shot_flag
    remote_task.o(.text) refers to autoangle_shoot.o(.text) for auto_angle_control
    remote_task.o(.text) refers to chassis_task.o(.bss) for chassis
    remote_task.o(.text) refers to chassis_task.o(.data) for chassis_rotate_flag
    remote_task.o(.text) refers to control_task.o(.data) for time_tick_1ms
    remote_task.o(.text) refers to judge.o(.bss) for judge_rece_mesg
    remote_task.o(.text) refers to shoot_task.o(.text) for friction_lock
    remote_task.o(.text) refers to camera_gimbal_task.o(.data) for aim_scope_change_flag
    remote_task.o(.text) refers to client.o(.data) for draw_cnt
    remote_task.o(.text) refers to pid.o(.text) for pid_clr
    remote_task.o(.text) refers to ddiv.o(.text) for __aeabi_ddiv
[...]
    TIM_GetITStatus                          0x08011267   Thumb Code    34  stm32f4xx_tim.o(.text)
    TIM_ClearITPendingBit                    0x08011289   Thumb Code     6  stm32f4xx_tim.o(.text)
    TIM_DMAConfig                            0x0801128f   Thumb Code    10  stm32f4xx_tim.o(.text)
    TIM_DMACmd                               0x08011299   Thumb Code    18  stm32f4xx_tim.o(.text)
    TIM_SelectCCDMA                          0x080112ab   Thumb Code    24  stm32f4xx_tim.o(.text)
    TIM_InternalClockConfig                  0x080112c3   Thumb Code    12  stm32f4xx_tim.o(.text)
    TIM_SelectInputTrigger                   0x080112cf   Thumb Code    18  stm32f4xx_tim.o(.text)
    TIM_ITRxExternalClockConfig              0x080112e1   Thumb Code    24  stm32f4xx_tim.o(.text)
    TIM_TIxExternalClockConfig               0x080112f9   Thumb Code    62  stm32f4xx_tim.o(.text)
    TIM_ETRConfig                            0x08011337   Thumb Code    28  stm32f4xx_tim.o(.text)
    TIM_ETRClockMode1Config                  0x08011353   Thumb Code    54  stm32f4xx_tim.o(.text)
    TIM_ETRClockMode2Config                  0x08011389   Thumb Code    32  stm32f4xx_tim.o(.text)
    TIM_SelectOutputTrigger                  0x080113a9   Thumb Code    18  stm32f4xx_tim.o(.text)
    TIM_SelectSlaveMode                      0x080113bb   Thumb Code    18  stm32f4xx_tim.o(.text)
    TIM_SelectMasterSlaveMode                0x080113cd   Thumb Code    18  stm32f4xx_tim.o(.text)
    TIM_EncoderInterfaceConfig               0x080113df   Thumb Code    66  stm32f4xx_tim.o(.text)
    TIM_SelectHallSensor                     0x08011421   Thumb Code    24  stm32f4xx_tim.o(.text)
    TIM_RemapConfig                          0x08011439   Thumb Code     6  stm32f4xx_tim.o(.text)
    USART_DeInit                             0x08011441   Thumb Code   156  stm32f4xx_usart.o(.text)
    USART_Init                               0x080114dd   Thumb Code   204  stm32f4xx_usart.o(.text)
    USART_StructInit                         0x080115a9   Thumb Code    24  stm32f4xx_usart.o(.text)
    USART_ClockInit                          0x080115c1   Thumb Code    32  stm32f4xx_usart.o(.text)
    USART_ClockStructInit                    0x080115e1   Thumb Code    12  stm32f4xx_usart.o(.text)
    USART_Cmd                                0x080115ed   Thumb Code    24  stm32f4xx_usart.o(.text)
    USART_SetPrescaler                       0x08011605   Thumb Code    16  stm32f4xx_usart.o(.text)
    USART_OverSampling8Cmd                   0x08011615   Thumb Code    22  stm32f4xx_usart.o(.text)
    USART_OneBitMethodCmd                    0x0801162b   Thumb Code    24  stm32f4xx_usart.o(.text)
    USART_SendData                           0x08011643   Thumb Code     8  stm32f4xx_usart.o(.text)
    USART_ReceiveData                        0x0801164b   Thumb Code    10  stm32f4xx_usart.o(.text)
    USART_SetAddress                         0x08011655   Thumb Code    18  stm32f4xx_usart.o(.text)
    USART_ReceiverWakeUpCmd                  0x08011667   Thumb Code    24  stm32f4xx_usart.o(.text)
    USART_WakeUpConfig                       0x0801167f   Thumb Code    18  stm32f4xx_usart.o(.text)
    USART_LINBreakDetectLengthConfig         0x08011691   Thumb Code    18  stm32f4xx_usart.o(.text)
    USART_LINCmd                             0x080116a3   Thumb Code    24  stm32f4xx_usart.o(.text)
    USART_SendBreak                          0x080116bb   Thumb Code    10  stm32f4xx_usart.o(.text)
    USART_HalfDuplexCmd                      0x080116c5   Thumb Code    24  stm32f4xx_usart.o(.text)
    USART_SetGuardTime                       0x080116dd   Thumb Code    16  stm32f4xx_usart.o(.text)
    USART_SmartCardCmd                       0x080116ed   Thumb Code    24  stm32f4xx_usart.o(.text)
    USART_SmartCardNACKCmd                   0x08011705   Thumb Code    24  stm32f4xx_usart.o(.text)
    USART_IrDAConfig                         0x0801171d   Thumb Code    18  stm32f4xx_usart.o(.text)
    USART_IrDACmd                            0x0801172f   Thumb Code    24  stm32f4xx_usart.o(.text)
    USART_DMACmd                             0x08011747   Thumb Code    18  stm32f4xx_usart.o(.text)
    USART_ITConfig                           0x08011759   Thumb Code    74  stm32f4xx_usart.o(.text)
    USART_GetFlagStatus                      0x080117a3   Thumb Code    26  stm32f4xx_usart.o(.text)
    USART_ClearFlag                          0x080117bd   Thumb Code    18  stm32f4xx_usart.o(.text)
    USART_GetITStatus                        0x080117cf   Thumb Code   110  stm32f4xx_usart.o(.text)
    USART_ClearITPendingBit                  0x0801183d   Thumb Code    30  stm32f4xx_usart.o(.text)
    abs_limit                                0x0801185d   Thumb Code    46  pid.o(.text)
    pid_calc                                 0x080118cd   Thumb Code   504  pid.o(.text)
    pid_calc1                                0x08011ac5   Thumb Code   566  pid.o(.text)
    PID_struct_init                          0x08011cfb   Thumb Code    96  pid.o(.text)
    pid_clr                                  0x08011d5b   Thumb Code    58  pid.o(.text)
    crc4_itu                                 0x08011d9d   Thumb Code    56  crclib.o(.text)
    crc5_epc                                 0x08011dd5   Thumb Code    62  crclib.o(.text)
    crc5_itu                                 0x08011e13   Thumb Code    56  crclib.o(.text)
    crc5_usb                                 0x08011e4b   Thumb Code    60  crclib.o(.text)
    crc6_itu                                 0x08011e87   Thumb Code    56  crclib.o(.text)
    crc7_mmc                                 0x08011ebf   Thumb Code    62  crclib.o(.text)
    crc8                                     0x08011efd   Thumb Code    60  crclib.o(.text)
    crc8_itu                                 0x08011f39   Thumb Code    64  crclib.o(.text)
    crc8_rohc                                0x08011f79   Thumb Code    56  crclib.o(.text)
    crc8_maxim                               0x08011fb1   Thumb Code    56  crclib.o(.text)
    crc16_ibm                                0x08011fe9   Thumb Code    58  crclib.o(.text)
    crc16_maxim                              0x08012023   Thumb Code    62  crclib.o(.text)
    crc16_usb                                0x08012061   Thumb Code    64  crclib.o(.text)
    crc16_modbus                             0x080120a1   Thumb Code    60  crclib.o(.text)
    crc16_ccitt                              0x080120dd   Thumb Code    58  crclib.o(.text)
    crc16_ccitt_false                        0x08012117   Thumb Code    70  crclib.o(.text)
    crc16_x25                                0x0801215d   Thumb Code    64  crclib.o(.text)
    crc16_xmodem                             0x0801219d   Thumb Code    68  crclib.o(.text)
    crc16_dnp                                0x080121e1   Thumb Code    62  crclib.o(.text)
    crc32                                    0x0801221f   Thumb Code    60  crclib.o(.text)
    crc32_mpeg_2                             0x0801225b   Thumb Code    60  crclib.o(.text)
    device_to_host__frame__init              0x080122a1   Thumb Code    16  recieve.pb-c.o(.text)
    device_to_host__frame__get_packed_size   0x080122b1   Thumb Code    32  recieve.pb-c.o(.text)
    device_to_host__frame__pack              0x080122d1   Thumb Code    36  recieve.pb-c.o(.text)
    device_to_host__frame__pack_to_buffer    0x080122f5   Thumb Code    36  recieve.pb-c.o(.text)
    device_to_host__frame__unpack            0x08012319   Thumb Code    22  recieve.pb-c.o(.text)
    device_to_host__frame__free_unpacked     0x0801232f   Thumb Code    42  recieve.pb-c.o(.text)
    host_to_device__frame__init              0x080123b9   Thumb Code    16  send.pb-c.o(.text)
    host_to_device__frame__get_packed_size   0x080123c9   Thumb Code    32  send.pb-c.o(.text)
    host_to_device__frame__pack              0x080123e9   Thumb Code    36  send.pb-c.o(.text)
    host_to_device__frame__pack_to_buffer    0x0801240d   Thumb Code    36  send.pb-c.o(.text)
    host_to_device__frame__unpack            0x08012431   Thumb Code    22  send.pb-c.o(.text)
    host_to_device__frame__free_unpacked     0x08012447   Thumb Code    42  send.pb-c.o(.text)
    ITM_SendChar                             0x080124cd   Thumb Code    42  retarget_io.o(.text)
    ITM_ReceiveChar                          0x080124f7   Thumb Code    26  retarget_io.o(.text)
    fputc                                    0x0801251d   Thumb Code    26  retarget_io.o(.text)
    fgetc                                    0x08012537   Thumb Code     8  retarget_io.o(.text)
    __backspace                              0x0801253f   Thumb Code     8  retarget_io.o(.text)
    abort                                    0x08012547   Thumb Code     4  retarget_io.o(.text)
    __aeabi_assert                           0x0801254b   Thumb Code   110  retarget_io.o(.text)
    FIFO_Init                                0x080125f1   Thumb Code    78  fifo.o(.text)
    FIFO_Create                              0x0801263f   Thumb Code    80  fifo.o(.text)
    FIFO_Destory                             0x0801268f   Thumb Code    40  fifo.o(.text)
    FIFO_S_Init                              0x080126b7   Thumb Code    62  fifo.o(.text)
    FIFO_S_Create                            0x080126f5   Thumb Code    60  fifo.o(.text)
    FIFO_S_Destory                           0x08012731   Thumb Code    40  fifo.o(.text)
    FIFO_Put                                 0x08012759   Thumb Code   106  fifo.o(.text)
    FIFO_S_Put                               0x080127c3   Thumb Code    68  fifo.o(.text)
    FIFO_S_Puts                              0x08012807   Thumb Code    98  fifo.o(.text)
    FIFO_Get                                 0x08012869   Thumb Code   106  fifo.o(.text)
    FIFO_S_Get                               0x080128d3   Thumb Code    58  fifo.o(.text)
    FIFO_GetHead                             0x0801290d   Thumb Code   162  fifo.o(.text)
    FIFO_S_GetHead                           0x080129af   Thumb Code    76  fifo.o(.text)
    FIFO_PreRead                             0x080129fb   Thumb Code   108  fifo.o(.text)
    FIFO_S_PreRead                           0x08012a67   Thumb Code    48  fifo.o(.text)
    FIFO_IsEmpty                             0x08012a97   Thumb Code    24  fifo.o(.text)
    FIFO_S_IsEmpty                           0x08012aaf   Thumb Code    24  fifo.o(.text)
    FIFO_IsFull                              0x08012ac7   Thumb Code    24  fifo.o(.text)
    FIFO_S_IsFull                            0x08012adf   Thumb Code    24  fifo.o(.text)
    FIFO_CountUsed                           0x08012af7   Thumb Code    16  fifo.o(.text)
    FIFO_S_CountUsed                         0x08012b07   Thumb Code    16  fifo.o(.text)
    FIFO_CountFree                           0x08012b17   Thumb Code    16  fifo.o(.text)
    FIFO_S_CountFree                         0x08012b27   Thumb Code    16  fifo.o(.text)
    FIFO_Flush                               0x08012b37   Thumb Code    50  fifo.o(.text)
    FIFO_S_Flush                             0x08012b69   Thumb Code    44  fifo.o(.text)
    RampInit                                 0x08012b95   Thumb Code     8  ramp.o(.text)
    RampCalc                                 0x08012b9d   Thumb Code    66  ramp.o(.text)
    RampSetCounter                           0x08012bdf   Thumb Code     4  ramp.o(.text)
    RampResetCounter                         0x08012be3   Thumb Code     6  ramp.o(.text)
    RampSetScale                             0x08012be9   Thumb Code     4  ramp.o(.text)
    RampIsOverflow                           0x08012bed   Thumb Code    18  ramp.o(.text)
    LostCounterFeed                          0x08012c05   Thumb Code     8  lostcounter.o(.text)
    LostCounterCount                         0x08012c0d   Thumb Code    10  lostcounter.o(.text)
    LostCounterOverflowCheck                 0x08012c17   Thumb Code    14  lostcounter.o(.text)
    __aeabi_uldivmod                         0x08012c25   Thumb Code    98  uldiv.o(.text)
    __aeabi_llsl                             0x08012c87   Thumb Code    30  llshl.o(.text)
    _ll_shift_l                              0x08012c87   Thumb Code     0  llshl.o(.text)
    __aeabi_lasr                             0x08012ca5   Thumb Code    36  llsshr.o(.text)
    _ll_sshift_r                             0x08012ca5   Thumb Code     0  llsshr.o(.text)
    ___aeabi_memcpy8$move                    0x08012cc9   Thumb Code     0  memmovea.o(.text)
    __aeabi_memcpy                           0x08012cc9   Thumb Code    64  memmovea.o(.text)
    __aeabi_memcpy4                          0x08012cc9   Thumb Code     0  memmovea.o(.text)
    __aeabi_memmove                          0x08012cc9   Thumb Code     0  memmovea.o(.text)
    __aeabi_memmove4                         0x08012cc9   Thumb Code     0  memmovea.o(.text)
    __aeabi_memmove8                         0x08012cc9   Thumb Code     0  memmovea.o(.text)
    __aeabi_memset                           0x08012d09   Thumb Code    14  memseta.o(.text)
    __aeabi_memset4                          0x08012d09   Thumb Code     0  memseta.o(.text)
    __aeabi_memset8                          0x08012d09   Thumb Code     0  memseta.o(.text)
    __aeabi_memclr                           0x08012d17   Thumb Code     4  memseta.o(.text)
    __aeabi_memclr4                          0x08012d17   Thumb Code     0  memseta.o(.text)
    __aeabi_memclr8                          0x08012d17   Thumb Code     0  memseta.o(.text)
    _memset$wrapper                          0x08012d1b   Thumb Code    18  memseta.o(.text)
    strstr                                   0x08012d2d   Thumb Code    36  strstr.o(.text)
    strlen                                   0x08012d51   Thumb Code    14  strlen.o(.text)
    strcmp                                   0x08012d5f   Thumb Code    28  strcmp.o(.text)
    __aeabi_dadd                             0x08012d7b   Thumb Code   322  dadd.o(.text)
    __aeabi_dsub                             0x08012ebd   Thumb Code     6  dadd.o(.text)
    __aeabi_drsub                            0x08012ec3   Thumb Code     6  dadd.o(.text)
    __aeabi_dmul                             0x08012ec9   Thumb Code   228  dmul.o(.text)
    __aeabi_ddiv                             0x08012fad   Thumb Code   222  ddiv.o(.text)
    __aeabi_i2d                              0x0801308b   Thumb Code    34  dflti.o(.text)
    __aeabi_ui2d                             0x080130ad   Thumb Code    26  dfltui.o(.text)
    __aeabi_d2iz                             0x080130c7   Thumb Code    62  dfixi.o(.text)
    __aeabi_d2uiz                            0x08013105   Thumb Code    50  dfixui.o(.text)
    __aeabi_f2d                              0x08013137   Thumb Code    38  f2d.o(.text)
    __aeabi_cdcmpeq                          0x0801315d   Thumb Code     0  cdcmple.o(.text)
    __aeabi_cdcmple                          0x0801315d   Thumb Code    48  cdcmple.o(.text)
    __aeabi_cdrcmple                         0x0801318d   Thumb Code    48  cdrcmple.o(.text)
    __aeabi_d2f                              0x080131bd   Thumb Code    56  d2f.o(.text)
    __aeabi_uidiv                            0x080131f5   Thumb Code     0  uidiv.o(.text)
    __aeabi_uidivmod                         0x080131f5   Thumb Code    44  uidiv.o(.text)
    __aeabi_llsr                             0x08013221   Thumb Code    32  llushr.o(.text)
    _ll_ushift_r                             0x08013221   Thumb Code     0  llushr.o(.text)
    __I$use$fp                               0x08013241   Thumb Code     0  iusefp.o(.text)
    _float_round                             0x08013241   Thumb Code    18  fepilogue.o(.text)
    _float_epilogue                          0x08013253   Thumb Code    92  fepilogue.o(.text)
    _double_round                            0x080132af   Thumb Code    30  depilogue.o(.text)
    _double_epilogue                         0x080132cd   Thumb Code   156  depilogue.o(.text)
    _dsqrt                                   0x08013369   Thumb Code   162  dsqrt.o(.text)
    __aeabi_d2ulz                            0x0801340b   Thumb Code    48  dfixul.o(.text)
    __scatterload                            0x0801343d   Thumb Code    28  init.o(.text)
    __scatterload_rt2                        0x0801343d   Thumb Code     0  init.o(.text)
    __decompress                             0x08013461   Thumb Code     0  __dczerorl2.o(.text)
    __decompress1                            0x08013461   Thumb Code    86  __dczerorl2.o(.text)
    __0sprintf                               0x080134b9   Thumb Code    34  printfa.o(i.__0sprintf)
    __1sprintf                               0x080134b9   Thumb Code     0  printfa.o(i.__0sprintf)
    __2sprintf                               0x080134b9   Thumb Code     0  printfa.o(i.__0sprintf)
    __c89sprintf                             0x080134b9   Thumb Code     0  printfa.o(i.__0sprintf)
    sprintf                                  0x080134b9   Thumb Code     0  printfa.o(i.__0sprintf)
    __ARM_fpclassify                         0x080134e1   Thumb Code    48  fpclassify.o(i.__ARM_fpclassify)
    __hardfp_atan                            0x08013511   Thumb Code   622  atan.o(i.__hardfp_atan)
    __hardfp_cos                             0x080137e9   Thumb Code   180  cos.o(i.__hardfp_cos)
    __hardfp_fabs                            0x080138b1   Thumb Code    20  fabs.o(i.__hardfp_fabs)
    __hardfp_sin                             0x080138c9   Thumb Code   180  sin.o(i.__hardfp_sin)
    __hardfp_sqrt                            0x08013991   Thumb Code   122  sqrt.o(i.__hardfp_sqrt)
    __ieee754_rem_pio2                       0x08013a11   Thumb Code   938  rred.o(i.__ieee754_rem_pio2)
    __kernel_cos                             0x08013e49   Thumb Code   322  cos_i.o(i.__kernel_cos)
    __kernel_poly                            0x08013fb9   Thumb Code   248  poly.o(i.__kernel_poly)
    __kernel_sin                             0x080140b1   Thumb Code   280  sin_i.o(i.__kernel_sin)
    __mathlib_dbl_infnan                     0x080141e1   Thumb Code    20  dunder.o(i.__mathlib_dbl_infnan)
    __mathlib_dbl_invalid                    0x080141f9   Thumb Code    24  dunder.o(i.__mathlib_dbl_invalid)
    __mathlib_dbl_underflow                  0x08014219   Thumb Code    24  dunder.o(i.__mathlib_dbl_underflow)
    __scatterload_copy                       0x08014239   Thumb Code    14  handlers.o(i.__scatterload_copy)
    __scatterload_null                       0x08014247   Thumb Code     2  handlers.o(i.__scatterload_null)
    __scatterload_zeroinit                   0x08014249   Thumb Code    14  handlers.o(i.__scatterload_zeroinit)
    __set_errno                              0x08014259   Thumb Code     6  errno.o(i.__set_errno)
    fabs                                     0x08014af9   Thumb Code    24  fabs.o(i.fabs)
    fputs                                    0x08014b11   Thumb Code    24  fputs.o(i.fputs)
    free                                     0x08014b29   Thumb Code    76  malloc.o(i.free)
    malloc                                   0x08014b79   Thumb Code    92  malloc.o(i.malloc)
    lost_counter_len                         0x08014be4   Data          44  supervise.o(.constdata)
    CRC8_INIT                                0x08014c10   Data           1  judge.o(.constdata)
    CRC8_TAB                                 0x08014c11   Data         256  judge.o(.constdata)
    wCRC_Table                               0x08014d12   Data         512  judge.o(.constdata)
    protobuf_c_empty_string                  0x08014f14   Data           1  protobuf-c.o(.constdata)
    device_to_host__frame__descriptor        0x08015030   Data          60  recieve.pb-c.o(.constdata)
    host_to_device__frame__descriptor        0x080151bc   Data          60  send.pb-c.o(.constdata)
    Region$$Table$$Base                      0x08015530   Number         0  anon$$obj.o(Region$$Table)
    Region$$Table$$Limit                     0x08015550   Number         0  anon$$obj.o(Region$$Table)
    qweRamp                                  0x20000000   Data          36  main.o(.data)
    flag_flag                                0x20000024   Data           4  main.o(.data)
    GMPitchRamp                              0x20000028   Data          36  control_task.o(.data)
    GMPokeRamp                               0x2000004c   Data          36  control_task.o(.data)
    GMYawRamp                                0x20000070   Data          36  control_task.o(.data)
    now_count                                0x20000094   Data           4  control_task.o(.data)
    last_count                               0x20000098   Data           4  control_task.o(.data)
    now_current                              0x2000009c   Data           4  control_task.o(.data)
    last_current                             0x200000a0   Data           4  control_task.o(.data)
    time_tick_1ms                            0x200000a4   Data           4  control_task.o(.data)
    pwm_flag2                                0x200000a8   Data           4  control_task.o(.data)
    turn_speed                               0x200000ac   Data           4  chassis_task.o(.data)
    chassis_speed_mode                       0x200000b0   Data           1  chassis_task.o(.data)
    forward_back_speed                       0x200000b2   Data           2  chassis_task.o(.data)
    left_right_speed                         0x200000b4   Data           2  chassis_task.o(.data)
    chassis_rotate_flag                      0x200000b6   Data           1  chassis_task.o(.data)
    power_limit_rate                         0x200000b8   Data           4  chassis_task.o(.data)
    power_limit_model                        0x200000bc   Data           2  chassis_task.o(.data)
    CanVcap_flag                             0x200000be   Data           1  chassis_task.o(.data)
    total_chassis_wheel_speed_ref            0x200000c0   Data           4  chassis_task.o(.data)
    total_chassis_wheel_speed_limit          0x200000c4   Data           4  chassis_task.o(.data)
    pid_outmax                               0x200000c8   Data           4  chassis_task.o(.data)
    pid_ioutmax                              0x200000cc   Data           4  chassis_task.o(.data)
    pid_p                                    0x200000d0   Data           4  chassis_task.o(.data)
    pid_i                                    0x200000d4   Data           4  chassis_task.o(.data)
    pid_d                                    0x200000d8   Data           4  chassis_task.o(.data)
    pid_output_deadband                      0x200000dc   Data           4  chassis_task.o(.data)
    max_current                              0x200000e0   Data           4  chassis_task.o(.data)
    gimbal_chassis_diff                      0x200000e4   Data           4  chassis_task.o(.data)
    rotate_num_now                           0x200000e8   Data           4  chassis_task.o(.data)
    int_rotate_angle                         0x200000ec   Data           4  chassis_task.o(.data)
    stop_diff                                0x200000f0   Data           4  chassis_task.o(.data)
    reverse_time_count                       0x200000f4   Data           4  chassis_task.o(.data)
    reverse_flag                             0x200000f8   Data           4  chassis_task.o(.data)
    cacsaav                                  0x200000fc   Data           4  chassis_task.o(.data)
    return_speed_flag                        0x20000100   Data           4  chassis_task.o(.data)
    chassis_rotate_speed_vw_ref              0x20000104   Data           4  chassis_task.o(.data)
    real_angle                               0x20000108   Data           4  chassis_task.o(.data)
    Max_Power                                0x2000010c   Data           2  chassis_task.o(.data)
    Max_Current                              0x2000010e   Data           1  chassis_task.o(.data)
    Cap_Reset_flag                           0x2000010f   Data           1  chassis_task.o(.data)
    max_power                                0x20000110   Data           4  chassis_task.o(.data)
    volatilAo                                0x20000114   Data           4  chassis_task.o(.data)
    friction_wheel_state                     0x20000118   Data           1  remote_task.o(.data)
    friction_wheel_last_state                0x20000119   Data           1  remote_task.o(.data)
    ChassisSpeedRef                          0x2000011a   Data           6  remote_task.o(.data)
    friction_rotor                           0x20000120   Data           1  remote_task.o(.data)
    shootState                               0x20000121   Data           1  remote_task.o(.data)
    frictionRamp                             0x20000122   Data          36  remote_task.o(.data)
    LRSpeedRamp                              0x20000147   Data          36  remote_task.o(.data)
    FBSpeedRamp                              0x2000016b   Data          36  remote_task.o(.data)
    Chassis_Ramp                             0x2000018f   Data          36  remote_task.o(.data)
    rotate_num_ture                          0x200001b4   Data           4  remote_task.o(.data)
    lastWorkState                            0x200001b8   Data           1  remote_task.o(.data)
    workState                                0x200001b9   Data           1  remote_task.o(.data)
    ramp_count                               0x200001bc   Data           4  remote_task.o(.data)
    barriers_flag                            0x200001c0   Data           1  remote_task.o(.data)
    dir_change_flag                          0x200001c1   Data           1  remote_task.o(.data)
    auto_return_flag                         0x200001c4   Data           4  remote_task.o(.data)
    down_poke_off_flag                       0x200001c8   Data           4  remote_task.o(.data)
    rcflag                                   0x200001cc   Data           4  remote_task.o(.data)
    rotate_num                               0x200001d0   Data           4  remote_task.o(.data)
    close_rotate_flag                        0x200001d4   Data           1  remote_task.o(.data)
    auto_m_angle                             0x200001d8   Data           4  remote_task.o(.data)
    auto_n_angle                             0x200001dc   Data           4  remote_task.o(.data)
    rotate_key_flag                          0x200001e0   Data           1  remote_task.o(.data)
    reverse_key_flag                         0x200001e1   Data           1  remote_task.o(.data)
    rotate_change_time                       0x200001e4   Data           4  remote_task.o(.data)
    reverse_change_time                      0x200001e8   Data           4  remote_task.o(.data)
    separate_change_time                     0x200001ec   Data           4  remote_task.o(.data)
    separate_reverse_flag                    0x200001f0   Data           1  remote_task.o(.data)
    separate_reverse_time                    0x200001f4   Data           4  remote_task.o(.data)
    ctrl_flag                                0x200001f8   Data           1  remote_task.o(.data)
    key_ctrl_flag                            0x200001f9   Data           1  remote_task.o(.data)
    key_ctrl_change_time                     0x200001fc   Data           4  remote_task.o(.data)
    key_ctrl_return_change_time              0x20000200   Data           4  remote_task.o(.data)
    rotate_change_flag                       0x20000204   Data           1  remote_task.o(.data)
    rotate_return_flag                       0x20000205   Data           1  remote_task.o(.data)
    reverse_state                            0x20000206   Data           1  remote_task.o(.data)
    key_X_push_times                         0x20000208   Data           4  remote_task.o(.data)
    key_r                                    0x2000020c   Data           1  remote_task.o(.data)
    key_z                                    0x2000020d   Data           1  remote_task.o(.data)
    last_key_z                               0x2000020e   Data           1  remote_task.o(.data)
    rear_flag                                0x2000020f   Data           1  remote_task.o(.data)
    key_X_mode                               0x20000210   Data           1  remote_task.o(.data)
    last_key_X_mode                          0x20000211   Data           1  remote_task.o(.data)
    key_barriers_change_flag                 0x20000212   Data           1  remote_task.o(.data)
    low_speed_flag                           0x20000213   Data           1  remote_task.o(.data)
    high_speed_flag                          0x20000214   Data           1  remote_task.o(.data)
    chassis_separate_flag                    0x20000215   Data           1  remote_task.o(.data)
    last_chassis_separate_flag               0x20000216   Data           1  remote_task.o(.data)
    auto_angle_key_flag                      0x20000218   Data           4  remote_task.o(.data)
    switch_mode_flag                         0x2000021c   Data           1  remote_task.o(.data)
    switch_mode_time1                        0x20000220   Data           4  remote_task.o(.data)
    switch_mode_time2                        0x20000224   Data           4  remote_task.o(.data)
    dir_mov_flag                             0x20000228   Data           1  remote_task.o(.data)
    yaw_init                                 0x2000022c   Data           4  remote_task.o(.data)
    position_flag                            0x20000230   Data           4  remote_task.o(.data)
    position_stop_time                       0x20000234   Data           4  remote_task.o(.data)
    position_stop_flag                       0x20000238   Data           1  remote_task.o(.data)
    last_key_r                               0x20000239   Data           1  remote_task.o(.data)
    closeDelayCount                          0x2000023a   Data           2  remote_task.o(.data)
    capacitance_message2                     0x20000248   Data           8  canbustask.o(.data)
    can_buf                                  0x20000250   Data           8  canbustask.o(.data)
    not_receive_time                         0x20000258   Data           4  canbustask.o(.data)
    BUS1_CM2Encoder_readtime                 0x2000025c   Data           4  canbustask.o(.data)
    camera_gimbal_mode                       0x20000260   Data           1  camera_gimbal_task.o(.data)
    aim_scope_flag                           0x20000264   Data           4  camera_gimbal_task.o(.data)
    aim_scope_change_flag                    0x20000268   Data           4  camera_gimbal_task.o(.data)
    aim_scope_time                           0x2000026c   Data           4  camera_gimbal_task.o(.data)
    aim_init_flag                            0x20000270   Data           4  camera_gimbal_task.o(.data)
    scope_set_time                           0x20000274   Data           4  camera_gimbal_task.o(.data)
    scope_angle                              0x20000278   Data           4  camera_gimbal_task.o(.data)
    k_angle                                  0x2000027c   Data           4  camera_gimbal_task.o(.data)
    scope_position                           0x20000280   Data           4  camera_gimbal_task.o(.data)
    init_angle                               0x20000284   Data           4  camera_gimbal_task.o(.data)
    cangle                                   0x20000288   Data           4  camera_gimbal_task.o(.data)
    cam_angle                                0x2000028c   Data           4  camera_gimbal_task.o(.data)
    lcam_angle                               0x20000290   Data           4  camera_gimbal_task.o(.data)
    lcam_angle_err                           0x20000294   Data           4  camera_gimbal_task.o(.data)
    Delta_Dect_Angle_Yaw                     0x20000298   Data           4  gimbal_task.o(.data)
    Delta_Dect_Angle_Pit                     0x2000029c   Data           4  gimbal_task.o(.data)
    Machine_Yaw_Compensation                 0x200002a0   Data           4  gimbal_task.o(.data)
    Machine_Pitch_Compensation               0x200002a4   Data           4  gimbal_task.o(.data)
    Army_Speed_Yaw                           0x200002a8   Data           4  gimbal_task.o(.data)
    Army_Speed_Pit                           0x200002ac   Data           4  gimbal_task.o(.data)
    yaw_speed_ratio                          0x200002b0   Data           4  gimbal_task.o(.data)
    Speed_Distence_Compensation              0x200002b4   Data           4  gimbal_task.o(.data)
    now_distance                             0x200002b8   Data           4  gimbal_task.o(.data)
    last_distance                            0x200002bc   Data           4  gimbal_task.o(.data)
    Rotate_compensation                      0x200002c0   Data           4  gimbal_task.o(.data)
    Safe_flag                                0x200002c4   Data           1  gimbal_task.o(.data)
    autoshoot_mode                           0x200002c5   Data           1  gimbal_task.o(.data)
    init_pitch_round_cnt                     0x200002c8   Data           4  gimbal_task.o(.data)
    yaw_temp_time                            0x200002cc   Data           4  gimbal_task.o(.data)
    now_pid_out                              0x200002d0   Data           4  gimbal_task.o(.data)
    last_pid_out                             0x200002d4   Data           4  gimbal_task.o(.data)
    ll_pid_out                               0x200002d8   Data           4  gimbal_task.o(.data)
    pid_tend                                 0x200002dc   Data           4  gimbal_task.o(.data)
    init_rotate_num                          0x200002e0   Data           4  gimbal_task.o(.data)
    init_Yaw_angle                           0x200002e4   Data           4  gimbal_task.o(.data)
    init_get_time                            0x200002e8   Data           4  gimbal_task.o(.data)
    init_count                               0x200002ec   Data           4  gimbal_task.o(.data)
    pitch_middle                             0x200002f0   Data           4  gimbal_task.o(.data)
    new_locationx_last                       0x200002f4   Data           4  gimbal_task.o(.data)
    new_locationy_last                       0x200002f8   Data           4  gimbal_task.o(.data)
    x_temp                                   0x200002fc   Data           4  gimbal_task.o(.data)
    y_temp                                   0x20000300   Data           4  gimbal_task.o(.data)
    shoot_angle_speed                        0x20000308   Data           8  gimbal_task.o(.data)
    distance_s                               0x20000310   Data           8  gimbal_task.o(.data)
    distance_x                               0x20000318   Data           8  gimbal_task.o(.data)
    distance_y                               0x20000320   Data           8  gimbal_task.o(.data)
    x1                                       0x20000328   Data           8  gimbal_task.o(.data)
    x2                                       0x20000330   Data           8  gimbal_task.o(.data)
    x3                                       0x20000338   Data           8  gimbal_task.o(.data)
    x4                                       0x20000340   Data           8  gimbal_task.o(.data)
    angle_tan                                0x20000348   Data           4  gimbal_task.o(.data)
    shoot_radian                             0x2000034c   Data           4  gimbal_task.o(.data)
    auto_shoot_angle                         0x20000350   Data           4  gimbal_task.o(.data)
    compensate                               0x20000354   Data           4  gimbal_task.o(.data)
    pit_compensate                           0x20000358   Data           4  gimbal_task.o(.data)
    pit_station_compensate                   0x2000035c   Data           4  gimbal_task.o(.data)
    yaw_station_compensate                   0x20000360   Data           4  gimbal_task.o(.data)
    pit_const                                0x20000364   Data           4  gimbal_task.o(.data)
    yaw_compensate                           0x20000368   Data           4  gimbal_task.o(.data)
    last_yaw_angle                           0x2000036c   Data           4  gimbal_task.o(.data)
    last_pitch_angle_ref                     0x20000370   Data           4  gimbal_task.o(.data)
    last_pitch_angle_fdb                     0x20000374   Data           4  gimbal_task.o(.data)
    auto_time                                0x20000378   Data           4  gimbal_task.o(.data)
    x_diff                                   0x2000037c   Data           4  gimbal_task.o(.data)
    delay_flag                               0x20000380   Data           4  gimbal_task.o(.data)
    break_time                               0x20000384   Data           4  gimbal_task.o(.data)
    delay_time                               0x20000388   Data           4  gimbal_task.o(.data)
    dir_diff                                 0x2000038c   Data           4  gimbal_task.o(.data)
    last_dir_x                               0x20000390   Data           4  gimbal_task.o(.data)
    last_dir_yaw                             0x20000394   Data           4  gimbal_task.o(.data)
    compensate_time1                         0x20000398   Data           4  gimbal_task.o(.data)
    factor                                   0x2000039c   Data           4  gimbal_task.o(.data)
    dis_point                                0x200003a0   Data           4  gimbal_task.o(.data)
    pit_angle_lim                            0x200003a4   Data           4  gimbal_task.o(.data)
    over_heat                                0x200003ac   Data           1  shoot_task.o(.data)
    press_l_first_in                         0x200003ad   Data           1  shoot_task.o(.data)
    max_back_lock_time                       0x200003b0   Data           4  shoot_task.o(.data)
    max_forward_lock_time                    0x200003b4   Data           4  shoot_task.o(.data)
    residue_heart                            0x200003b8   Data           4  shoot_task.o(.data)
    shot_state                               0x200003bc   Data           1  shoot_task.o(.data)
    over_hot_motor                           0x200003c0   Data           4  shoot_task.o(.data)
    shoot_flag                               0x200003c4   Data           4  shoot_task.o(.data)
    frictionSpeed                            0x200003c8   Data           2  shoot_task.o(.data)
    frictionSpeed1                           0x200003cc   Data           4  shoot_task.o(.data)
    init_speed_flag                          0x200003d0   Data           4  shoot_task.o(.data)
    friction_back_flag                       0x200003d4   Data           4  shoot_task.o(.data)
    friction_back_count                      0x200003d8   Data           4  shoot_task.o(.data)
    friction_rotor_may_lock                  0x200003dc   Data           4  shoot_task.o(.data)
    friction_rotor_error                     0x200003e0   Data           4  shoot_task.o(.data)
    BUS1_CMEncoder_Rate1                     0x200003e4   Data           4  shoot_task.o(.data)
    BUS1_CMEncoder_Rate2                     0x200003e8   Data           4  shoot_task.o(.data)
    BUS1_CMEncoder_readtime2                 0x200003ec   Data           4  shoot_task.o(.data)
    friction_rotor_DIV                       0x200003f0   Data           4  shoot_task.o(.data)
    sac_time                                 0x200003f4   Data           4  shoot_task.o(.data)
    sac_flag                                 0x200003f8   Data           4  shoot_task.o(.data)
    raw_value                                0x200003fc   Data           4  shoot_task.o(.data)
    last_raw_value                           0x20000400   Data           4  shoot_task.o(.data)
    shot_flag                                0x20000404   Data           1  shoot_task.o(.data)
    shot_judge_flag                          0x20000405   Data           1  shoot_task.o(.data)
    shot_space_time                          0x20000408   Data           4  shoot_task.o(.data)
    bullet_flag                              0x2000040c   Data           1  shoot_task.o(.data)
    count_time                               0x20000410   Data           4  shoot_task.o(.data)
    bullet_flag_time                         0x20000414   Data           4  shoot_task.o(.data)
    last_taget_angle                         0x20000418   Data           4  shoot_task.o(.data)
    ignore_heat                              0x2000041c   Data           1  shoot_task.o(.data)
    stop_bullet_flag                         0x20000420   Data           4  shoot_task.o(.data)
    stop_friction_flag                       0x20000424   Data           4  shoot_task.o(.data)
    turn_friction_flag                       0x20000428   Data           4  shoot_task.o(.data)
    lock_flag                                0x2000042c   Data           1  shoot_task.o(.data)
    lock_time                                0x20000430   Data           4  shoot_task.o(.data)
    lock_cilent_flag                         0x20000434   Data           4  shoot_task.o(.data)
    return_flag                              0x20000438   Data           1  shoot_task.o(.data)
    return_time                              0x20000439   Data           1  shoot_task.o(.data)
    position_time                            0x2000043a   Data           1  shoot_task.o(.data)
    position_set_flag                        0x2000043b   Data           1  shoot_task.o(.data)
    pid_compenstae                           0x2000043c   Data           4  shoot_task.o(.data)
    k_speed                                  0x20000440   Data           4  shoot_task.o(.data)
    taget_angle_2                            0x20000444   Data           4  shoot_task.o(.data)
    Torque_current                           0x20000448   Data           4  shoot_task.o(.data)
    poke_max_out                             0x2000044c   Data           4  shoot_task.o(.data)
    set_time                                 0x20000450   Data           4  shoot_task.o(.data)
    change_pid_flag                          0x20000454   Data           4  shoot_task.o(.data)
    stable_time                              0x20000458   Data           4  shoot_task.o(.data)
    friction_normal_flag                     0x2000045c   Data           1  shoot_task.o(.data)
    last_pit_angle                           0x20000460   Data           4  shoot_task.o(.data)
    last_control_angle                       0x20000464   Data           4  shoot_task.o(.data)
    gravity                                  0x20000470   Data           8  autoangle_shoot.o(.data)
    image_muzzle_angle                       0x20000478   Data           8  autoangle_shoot.o(.data)
    projectile_speed                         0x20000480   Data           8  autoangle_shoot.o(.data)
    shoot_angle                              0x20000488   Data           4  autoangle_shoot.o(.data)
    beta                                     0x2000048c   Data           4  autoangle_shoot.o(.data)
    a1                                       0x20000490   Data           4  autoangle_shoot.o(.data)
    a2                                       0x20000494   Data           4  autoangle_shoot.o(.data)
    molecule                                 0x20000498   Data           4  autoangle_shoot.o(.data)
    denominator                              0x2000049c   Data           4  autoangle_shoot.o(.data)
    projectile_16_speed_offset               0x200004a0   Data           4  autoangle_shoot.o(.data)
    projectile_10_speed_offset               0x200004a4   Data           4  autoangle_shoot.o(.data)
    speed_compensate                         0x200004a8   Data           4  autoangle_shoot.o(.data)
    avg_shot_speed                           0x200004ac   Data           4  autoangle_shoot.o(.data)
    auto_angle_flag                          0x200004b0   Data           1  autoangle_shoot.o(.data)
    auto_angle_change_time                   0x200004b4   Data           4  autoangle_shoot.o(.data)
    accelerate_flag                          0x200004b8   Data           1  autoangle_shoot.o(.data)
    auto_w_flag                              0x200004b9   Data           1  autoangle_shoot.o(.data)
    auto_w_time                              0x200004bc   Data           4  autoangle_shoot.o(.data)
    auto_s_flag                              0x200004c0   Data           1  autoangle_shoot.o(.data)
    auto_s_time                              0x200004c4   Data           4  autoangle_shoot.o(.data)
    auto_a_flag                              0x200004c8   Data           1  autoangle_shoot.o(.data)
    auto_a_time                              0x200004cc   Data           4  autoangle_shoot.o(.data)
    auto_d_flag                              0x200004d0   Data           1  autoangle_shoot.o(.data)
    auto_d_time                              0x200004d4   Data           4  autoangle_shoot.o(.data)
    shot_radar_flag                          0x200004d8   Data           1  autoangle_shoot.o(.data)
    shot_angle_offset                        0x200004dc   Data           4  autoangle_shoot.o(.data)
    shot_radar_dis                           0x200004e0   Data           4  autoangle_shoot.o(.data)
    beta_compensate                          0x200004e4   Data           4  autoangle_shoot.o(.data)
    dis_compensate                           0x200004e8   Data           4  autoangle_shoot.o(.data)
    shot_angle_compensate                    0x200004ec   Data           4  autoangle_shoot.o(.data)
    shot_yaw_compensate                      0x200004f0   Data           4  autoangle_shoot.o(.data)
    angle                                    0x200004f4   Data           4  autoangle_shoot.o(.data)
    auto_angle_shot_flag                     0x200004f8   Data           1  autoangle_shoot.o(.data)
    b_12_speed_flag                          0x200004f9   Data           1  autoangle_shoot.o(.data)
    angle_cal                                0x200004fc   Data           4  autoangle_shoot.o(.data)
    shot_speed_num                           0x20000500   Data           4  autoangle_shoot.o(.data)
    lost_counter                             0x20000504   Data          44  supervise.o(.data)
    lost_err                                 0x20000530   Data           4  supervise.o(.data)
    receive                                  0x20000540   Data           4  autoshoot_control_task.o(.data)
    robot_color                              0x20000544   Data           1  autoshoot_control_task.o(.data)
    wExpected                                0x20000548   Data           4  autoshoot_control_task.o(.data)
    Uart4_Protobuf_Receive_Gimbal_Angle      0x2000054c   Data           4  autoshoot_control_task.o(.data)
    counter_receive                          0x20000550   Data           4  autoshoot_control_task.o(.data)
    counter_complete                         0x20000554   Data           4  autoshoot_control_task.o(.data)
    counter_crc_passed                       0x20000558   Data           4  autoshoot_control_task.o(.data)
    first_len                                0x2000055c   Data           4  autoshoot_control_task.o(.data)
    content_size                             0x20000560   Data           2  autoshoot_control_task.o(.data)
    content_size1                            0x20000562   Data           2  autoshoot_control_task.o(.data)
    ab1                                      0x20000564   Data           4  autoshoot_control_task.o(.data)
    ab2                                      0x20000568   Data           4  autoshoot_control_task.o(.data)
    flag_x                                   0x2000056c   Data           4  autoshoot_control_task.o(.data)
    flag_y                                   0x20000570   Data           4  autoshoot_control_task.o(.data)
    last_x                                   0x20000574   Data           4  autoshoot_control_task.o(.data)
    last_y                                   0x20000578   Data           4  autoshoot_control_task.o(.data)
    i                                        0x2000057c   Data           4  autoshoot_control_task.o(.data)
    DateLength                               0x20000580   Data           1  autoshoot_control_task.o(.data)
    CRC_SEND_COLOR_BUF                       0x20000584   Data           5  judge.o(.data)
    CRC_INIT                                 0x2000058a   Data           2  judge.o(.data)
    UART5_TranFifo                           0x2000058c   Data           4  judge.o(.data)
    COUNTER                                  0x20000590   Data           4  judge.o(.data)
    hero_42mm_shot_bullet_num                0x20000594   Data           4  judge.o(.data)
    hero_remain_hp                           0x20000598   Data           4  judge.o(.data)
    hero_remain_last_hp                      0x2000059c   Data           4  judge.o(.data)
    event_data                               0x200005a0   Data           4  judge.o(.data)
    event_X2_data                            0x200005a4   Data           4  judge.o(.data)
    event_X3_data                            0x200005a8   Data           4  judge.o(.data)
    event_X4_data                            0x200005ac   Data           4  judge.o(.data)
    robo_recive                              0x200005b0   Data           4  judge.o(.data)
    pitch_data                               0x200005b4   Data           4  judge.o(.data)
    yaw_data                                 0x200005b8   Data           4  judge.o(.data)
    receive_Dart                             0x200005c0   Data           4  vehicle_com_task.o(.data)
    receive_Sentinel                         0x200005c4   Data           4  vehicle_com_task.o(.data)
    Test_Info                                0x200005c8   Data           2  vehicle_com_task.o(.data)
    VehicleReserveInfo                       0x200005ca   Data           6  vehicle_com_task.o(.data)
    VehicleShootFlagLow                      0x200005d0   Data           1  vehicle_com_task.o(.data)
    VehicleShootFlagUp                       0x200005d1   Data           1  vehicle_com_task.o(.data)
    VehicleGimbalFlag                        0x200005d2   Data           1  vehicle_com_task.o(.data)
    barriers_mode                            0x200005d4   Data           1  barriers_task.o(.data)
    barriers_zero_flag                       0x200005d5   Data           1  barriers_task.o(.data)
    return_zero_flag                         0x200005d6   Data           1  barriers_task.o(.data)
    stop_barriers_flag                       0x200005d7   Data           1  barriers_task.o(.data)
    Remove_Barrier_set_angle                 0x200005d8   Data           8  barriers_task.o(.data)
    Remove_Barrier_start_angle               0x200005e0   Data           8  barriers_task.o(.data)
    Remove_Barrier_stop_angle                0x200005e8   Data           8  barriers_task.o(.data)
    Remove_Barrier_end_angle                 0x200005f0   Data           8  barriers_task.o(.data)
    zero_time                                0x200005f8   Data           1  barriers_task.o(.data)
    draw_cnt                                 0x2000060c   Data           1  client.o(.data)
    draw_data_ID                             0x2000060e   Data           2  client.o(.data)
    data_ID                                  0x20000610   Data           2  client.o(.data)
    client_custom_ID                         0x20000612   Data           2  client.o(.data)
    robot_level_flag                         0x20000614   Data           4  client.o(.data)
    yaw_Angle                                0x20000618   Data           4  hi220.o(.data)
    pitch_Angle                              0x2000061c   Data           4  hi220.o(.data)
    roll_Angle                               0x20000620   Data           4  hi220.o(.data)
    pitch_Gyro                               0x20000624   Data           4  hi220.o(.data)
    yaw_Gyro                                 0x20000628   Data           4  hi220.o(.data)
    roll_Gyro                                0x2000062c   Data           4  hi220.o(.data)
    Hi220_Flags                              0x20000630   Data           2  hi220.o(.data)
    p2                                       0x20000634   Data           4  hi220.o(.data)
    TF02                                     0x2000065c   Data           8  tf02.o(.data)
    speed_ddt                                0x20000664   Data           2  ddt_motor.o(.data)
    crc                                      0x20000666   Data           1  ddt_motor.o(.data)
    SystemCoreClock                          0x20000668   Data           4  system_stm32f4xx.o(.data)
    AHBPrescTable                            0x2000066c   Data          16  system_stm32f4xx.o(.data)
    ITM_RxBuffer                             0x2000068c   Data           4  retarget_io.o(.data)
    __stderr                                 0x20000690   Data           4  stderr.o(.data)
    __microlib_freelist                      0x20000694   Data           4  mvars.o(.data)
    __microlib_freelist_initialised          0x20000698   Data           4  mvars.o(.data)
    OutData                                  0x200006a0   Data          16  main.o(.bss)
    Power_Control                            0x200006b0   Data          17  control_task.o(.bss)
    chassis                                  0x200006c1   Data          63  chassis_task.o(.bss)
    chassis_rotate_speed                     0x20000700   Data          48  chassis_task.o(.bss)
    RC_CtrlData                              0x20000730   Data          26  remote_task.o(.bss)
    GimbalRef                                0x2000074a   Data          36  remote_task.o(.bss)
    Key_Flag                                 0x20000785   Data          11  remote_task.o(.bss)
    BUS2_CM1Encoder                          0x20000790   Data          88  canbustask.o(.bss)
    BUS2_CM2Encoder                          0x200007e8   Data          88  canbustask.o(.bss)
    BUS2_CM3Encoder                          0x20000840   Data          88  canbustask.o(.bss)
    BUS2_CM4Encoder                          0x20000898   Data          88  canbustask.o(.bss)
    BUS2_CM5_Poke_Encoder                    0x200008f0   Data          88  canbustask.o(.bss)
    BUS1_CM1Encoder                          0x20000948   Data          88  canbustask.o(.bss)
    BUS1_CM2Encoder                          0x200009a0   Data          88  canbustask.o(.bss)
    BUS1_CM8Encoder                          0x200009f8   Data          88  canbustask.o(.bss)
    BUS1_CM9Encoder                          0x20000a50   Data          88  canbustask.o(.bss)
    GMYawEncoder                             0x20000aa8   Data          88  canbustask.o(.bss)
    GMPitchEncoder                           0x20000b00   Data          88  canbustask.o(.bss)
    capacitance_message1                     0x20000b58   Data          61  canbustask.o(.bss)
    capacitance_message3                     0x20000b95   Data          22  canbustask.o(.bss)
    BUS1_CM5_Poke_Encoder                    0x20000bac   Data          28  canbustask.o(.bss)
    camera_gim_angle                         0x20000bc8   Data          76  camera_gimbal_task.o(.bss)
    camera_gim_speed                         0x20000c14   Data          76  camera_gimbal_task.o(.bss)
    aim_scope_angle                          0x20000c60   Data          76  camera_gimbal_task.o(.bss)
    aim_scope_speed                          0x20000cac   Data          76  camera_gimbal_task.o(.bss)
    aim_rotate                               0x20000cf8   Data          76  camera_gimbal_task.o(.bss)
    gim                                      0x20000d44   Data          97  gimbal_task.o(.bss)
    Gimbal_Auto_Shoot                        0x20000da5   Data         208  gimbal_task.o(.bss)
    auto_angle_data                          0x20000e75   Data          44  gimbal_task.o(.bss)
    auto_angle                               0x20000eb8   Data          76  autoangle_shoot.o(.bss)
    auto_angle_speed                         0x20000f04   Data          76  autoangle_shoot.o(.bss)
    new_location                             0x20000f64   Data          22  autoshoot_control_task.o(.bss)
    getaddress                               0x20000f7a   Data         100  autoshoot_control_task.o(.bss)
    msg                                      0x20000fe0   Data          32  autoshoot_control_task.o(.bss)
    judge_dma_rxbuff                         0x2000135d   Data        2048  judge.o(.bss)
    judge_rece_mesg                          0x20001b5d   Data         283  judge.o(.bss)
    tx_buf                                   0x20001c78   Data         119  judge.o(.bss)
    pdata                                    0x20001cef   Data          19  judge.o(.bss)
    ddata                                    0x20001d02   Data          62  judge.o(.bss)
    _UART5_DMA_RX_BUF                        0x20001d40   Data        1024  judge.o(.bss)
    _UART5_RX_FIFO                           0x20005940   Data          24  judge.o(.bss)
    ladrc_num                                0x20005958   Data          76  ladrc.o(.bss)
    ladrc_angle                              0x200059a4   Data          76  ladrc.o(.bss)
    USART2_DMA_RX_BUF                        0x20005c49   Data          10  usart2.o(.bss)
    USART2_DMA_TX_BUF                        0x20005c53   Data          10  usart2.o(.bss)
    USART3_DMA_RX_BUF                        0x20005c5d   Data         100  usart3.o(.bss)
    USART3_DMA_TX_BUF                        0x20005cc1   Data         100  usart3.o(.bss)
    UART4_DMA_RX_BUF                         0x20005d25   Data         100  usart4.o(.bss)
    UART4_DMA_TX_BUF                         0x20005d89   Data         100  usart4.o(.bss)
    client_custom_friction_rotor_state       0x20005ded   Data          45  client.o(.bss)
    client_custom_friction_rotor_state1      0x20005e1a   Data          45  client.o(.bss)
    client_custom_seperate_state             0x20005e47   Data          45  client.o(.bss)
    client_custom_shot_state                 0x20005e74   Data          45  client.o(.bss)
    client_custom_cale_character             0x20005ea1   Data          45  client.o(.bss)
    client_custom_radar_dis                  0x20005ece   Data          45  client.o(.bss)
    client_custom_dis_state                  0x20005efb   Data          45  client.o(.bss)
    client_custom_roll_Angle                 0x20005f28   Data          45  client.o(.bss)
    client_angle_state                       0x20005f55   Data          45  client.o(.bss)
    cilent_clean_poke_lock                   0x20005f82   Data          45  client.o(.bss)
    client_custom_graphic_vol                0x20005faf   Data          15  client.o(.bss)
    client_custom_graphic_shot_state         0x20005fbe   Data          30  client.o(.bss)
    client_custom_graphic_five1              0x20005fdc   Data          75  client.o(.bss)
    client_custom_graphic_seven_aim1         0x20006027   Data         105  client.o(.bss)
    client_custom_graphic_seven_auto         0x20006090   Data         105  client.o(.bss)
    HI220_Data_From_Usart                    0x200060f9   Data          71  hi220.o(.bss)
    USART6_DMA_RX_BUF                        0x20006140   Data         100  hi220.o(.bss)
    ddt_Encoder                              0x200061a4   Data          28  ddt_motor.o(.bss)
    ddt_data                                 0x200061c0   Data          10  ddt_motor.o(.bss)
    pid_yaw_follow                           0x200061cc   Data          76  pid.o(.bss)
    pid_pit_follow                           0x20006218   Data          76  pid.o(.bss)
    pid_pit_speed_follow                     0x20006264   Data          76  pid.o(.bss)
    pid_yaw_speed_follow                     0x200062b0   Data          76  pid.o(.bss)
    pid_yaw_station                          0x200062fc   Data          76  pid.o(.bss)
    pid_pit_station                          0x20006348   Data          76  pid.o(.bss)
    pid_pit_speed_station                    0x20006394   Data          76  pid.o(.bss)
    pid_yaw_speed_station                    0x200063e0   Data          76  pid.o(.bss)
    pid_yaw_auto_angle                       0x2000642c   Data          76  pid.o(.bss)
    pid_pit_auto_angle                       0x20006478   Data          76  pid.o(.bss)
    pid_pit_speed_auto_angle                 0x200064c4   Data          76  pid.o(.bss)
    pid_yaw_speed_auto_angle                 0x20006510   Data          76  pid.o(.bss)
    pid_yaw_follow_chassis_angle             0x2000655c   Data          76  pid.o(.bss)
    pid_yaw_follow_chassis_speed             0x200065a8   Data          76  pid.o(.bss)
    pid_yaw                                  0x200065f4   Data          76  pid.o(.bss)
    pid_pit                                  0x20006640   Data          76  pid.o(.bss)
    pid_pit_safe                             0x2000668c   Data          76  pid.o(.bss)
    pid_pit_speed_safe                       0x200066d8   Data          76  pid.o(.bss)
    pid_yaw_speed                            0x20006724   Data          76  pid.o(.bss)
    pid_pit_speed                            0x20006770   Data          76  pid.o(.bss)
    pid_spd                                  0x200067bc   Data         304  pid.o(.bss)
    pid_chassis_angle                        0x200068ec   Data          76  pid.o(.bss)
    pid_trigger                              0x20006938   Data          76  pid.o(.bss)
    pid_trigger_speed                        0x20006984   Data          76  pid.o(.bss)
    pid_rotate                               0x200069d0   Data         304  pid.o(.bss)
    pid_imu_tmp                              0x20006b00   Data          76  pid.o(.bss)
    pid_voltage                              0x20006b4c   Data          76  pid.o(.bss)
    pid_software_limit                       0x20006b98   Data          76  pid.o(.bss)
    pid_speed_bias                           0x20006be4   Data          76  pid.o(.bss)
    pid_front_distance                       0x20006c30   Data          76  pid.o(.bss)
    pid_right_distance                       0x20006c7c   Data          76  pid.o(.bss)
    pid_angle_distance                       0x20006cc8   Data          76  pid.o(.bss)
    pid_spring                               0x20006d14   Data         152  pid.o(.bss)
    pid_shoot_bullet_position_speed_loop     0x20006dac   Data          76  pid.o(.bss)
    pid_shoot_bullet_position_angle_loop_2   0x20006df8   Data          76  pid.o(.bss)
    pid_shoot_bullet_position_speed_loop_2   0x20006e44   Data          76  pid.o(.bss)
    pid_remove_barrier                       0x20006e90   Data         152  pid.o(.bss)
    pid_remove_barrier_speed                 0x20006f28   Data         152  pid.o(.bss)
    pid_shoot_current                        0x20006fc0   Data         228  pid.o(.bss)
    __heap_base                              0x200070a8   Data           0  startup_stm32f4xx.o(HEAP)
    __heap_limit                             0x200078a8   Data           0  startup_stm32f4xx.o(HEAP)
    __initial_sp                             0x200088a8   Data           0  startup_stm32f4xx.o(STACK)



==============================================================================

Memory Map of the image

  Image Entry point : 0x08000189

  Load Region LR_IROM1 (Base: 0x08000000, Size: 0x00015bf0, Max: 0x00100000, ABSOLUTE, COMPRESSED[0x00015644])

    Execution Region ER_IROM1 (Exec base: 0x08000000, Load base: 0x08000000, Size: 0x00015550, Max: 0x00100000, ABSOLUTE)

    Exec Addr    Load Addr    Size         Type   Attr      Idx    E Section Name        Object

    0x08000000   0x08000000   0x00000188   Data   RO         1525    RESET               startup_stm32f4xx.o
    0x08000188   0x08000188   0x00000000   Code   RO         5214  * .ARM.Collect$$$$00000000  mc_w.l(entry.o)
    0x08000188   0x08000188   0x00000004   Code   RO         5615    .ARM.Collect$$$$00000001  mc_w.l(entry2.o)
    0x0800018c   0x0800018c   0x00000004   Code   RO         5618    .ARM.Collect$$$$00000004  mc_w.l(entry5.o)
    0x08000190   0x08000190   0x00000000   Code   RO         5620    .ARM.Collect$$$$00000008  mc_w.l(entry7b.o)
    0x08000190   0x08000190   0x00000000   Code   RO         5622    .ARM.Collect$$$$0000000A  mc_w.l(entry8b.o)
    0x08000190   0x08000190   0x00000008   Code   RO         5623    .ARM.Collect$$$$0000000B  mc_w.l(entry9a.o)
    0x08000198   0x08000198   0x00000004   Code   RO         5630    .ARM.Collect$$$$0000000E  mc_w.l(entry12b.o)
    0x0800019c   0x0800019c   0x00000000   Code   RO         5625    .ARM.Collect$$$$0000000F  mc_w.l(entry10a.o)
    0x0800019c   0x0800019c   0x00000000   Code   RO         5627    .ARM.Collect$$$$00000011  mc_w.l(entry11a.o)
    0x0800019c   0x0800019c   0x00000004   Code   RO         5616    .ARM.Collect$$$$00002712  mc_w.l(entry2.o)
    0x080001a0   0x080001a0   0x00000088   Code   RO            4    .text               main.o
    0x08000228   0x08000228   0x0000023c   Code   RO          388    .text               control_task.o
    0x08000464   0x08000464   0x00001914   Code   RO          505    .text               chassis_task.o
    0x08001d78   0x08001d78   0x000015a0   Code   RO          541    .text               remote_task.o
    0x08003318   0x08003318   0x00000b94   Code   RO          645    .text               canbustask.o
    0x08003eac   0x08003eac   0x000005bc   Code   RO          676    .text               camera_gimbal_task.o
    0x08004468   0x08004468   0x00001088   Code   RO          707    .text               gimbal_task.o
    0x080054f0   0x080054f0   0x000000e4   Code   RO          739    .text               modeswitch.o
    0x080055d4   0x080055d4   0x00000b90   Code   RO          763    .text               shoot_task.o
    0x08006164   0x08006164   0x00000710   Code   RO          794    .text               autoangle_shoot.o
    0x08006874   0x08006874   0x000002fc   Code   RO          826    .text               supervise.o
    0x08006b70   0x08006b70   0x000002e0   Code   RO          858    .text               autoshoot_control_task.o
    0x08006e50   0x08006e50   0x00000a50   Code   RO          889    .text               judge.o
    0x080078a0   0x080078a0   0x0000013c   Code   RO          922    .text               vehicle_com_task.o
    0x080079dc   0x080079dc   0x00000324   Code   RO          953    .text               barriers_task.o
    0x08007d00   0x08007d00   0x000001e0   Code   RO          983    .text               ladrc.o
    0x08007ee0   0x08007ee0   0x0000007c   Code   RO         1013    .text               bsp.o
    0x08007f5c   0x08007f5c   0x0000006c   Code   RO         1037    .text               delay.o
    0x08007fc8   0x08007fc8   0x000001e4   Code   RO         1061    .text               timer.o
    0x080081ac   0x080081ac   0x0000003c   Code   RO         1088    .text               laser.o
    0x080081e8   0x080081e8   0x00000098   Code   RO         1142    .text               led.o
    0x08008280   0x08008280   0x00000138   Code   RO         1166    .text               can1.o
    0x080083b8   0x080083b8   0x00000138   Code   RO         1190    .text               can2.o
    0x080084f0   0x080084f0   0x0000022c   Code   RO         1214    .text               usart.o
    0x0800871c   0x0800871c   0x000002a8   Code   RO         1241    .text               usart2.o
    0x080089c4   0x080089c4   0x0000029c   Code   RO         1271    .text               usart3.o
    0x08008c60   0x08008c60   0x00000298   Code   RO         1313    .text               usart4.o
    0x08008ef8   0x08008ef8   0x00000100   Code   RO         1344    .text               output2vs.o
    0x08008ff8   0x08008ff8   0x00002ec8   Code   RO         1365    .text               protobuf-c.o
    0x0800bec0   0x0800bec0   0x00002644   Code   RO         1397    .text               client.o
    0x0800e504   0x0800e504   0x000007b4   Code   RO         1430    .text               hi220.o
    0x0800ecb8   0x0800ecb8   0x00000044   Code   RO         1461    .text               tf02.o
    0x0800ecfc   0x0800ecfc   0x000001b4   Code   RO         1495    .text               ddt_motor.o
    0x0800eeb0   0x0800eeb0   0x00000024   Code   RO         1526    .text               startup_stm32f4xx.o
    0x0800eed4   0x0800eed4   0x00000210   Code   RO         1533    .text               system_stm32f4xx.o
    0x0800f0e4   0x0800f0e4   0x0000001a   Code   RO         1563    .text               stm32f4xx_it.o
    0x0800f0fe   0x0800f0fe   0x00000002   PAD
    0x0800f100   0x0800f100   0x000000e0   Code   RO         1587    .text               misc.o
    0x0800f1e0   0x0800f1e0   0x000009f0   Code   RO         1664    .text               stm32f4xx_can.o
    0x0800fbd0   0x0800fbd0   0x000003a8   Code   RO         1745    .text               stm32f4xx_dma.o
    0x0800ff78   0x0800ff78   0x0000025c   Code   RO         1826    .text               stm32f4xx_gpio.o
    0x080101d4   0x080101d4   0x00000040   Code   RO         1880    .text               stm32f4xx_iwdg.o
    0x08010214   0x08010214   0x00000588   Code   RO         1934    .text               stm32f4xx_rcc.o
    0x0801079c   0x0801079c   0x00000ca2   Code   RO         2017    .text               stm32f4xx_tim.o
    0x0801143e   0x0801143e   0x00000002   PAD
    0x08011440   0x08011440   0x0000041a   Code   RO         2044    .text               stm32f4xx_usart.o
    0x0801185a   0x0801185a   0x00000002   PAD
    0x0801185c   0x0801185c   0x00000540   Code   RO         2071    .text               pid.o
    0x08011d9c   0x08011d9c   0x00000504   Code   RO         2126    .text               crclib.o
    0x080122a0   0x080122a0   0x00000118   Code   RO         2141    .text               recieve.pb-c.o
    0x080123b8   0x080123b8   0x00000114   Code   RO         2167    .text               send.pb-c.o
    0x080124cc   0x080124cc   0x00000124   Code   RO         4742    .text               retarget_io.o
    0x080125f0   0x080125f0   0x000005a4   Code   RO         4770    .text               RMLib.lib(fifo.o)
    0x08012b94   0x08012b94   0x00000070   Code   RO         4862    .text               RMLib.lib(ramp.o)
    0x08012c04   0x08012c04   0x00000020   Code   RO         4995    .text               RMLib.lib(lostcounter.o)
    0x08012c24   0x08012c24   0x00000062   Code   RO         5222    .text               mc_w.l(uldiv.o)
    0x08012c86   0x08012c86   0x0000001e   Code   RO         5226    .text               mc_w.l(llshl.o)
    0x08012ca4   0x08012ca4   0x00000024   Code   RO         5228    .text               mc_w.l(llsshr.o)
    0x08012cc8   0x08012cc8   0x00000040   Code   RO         5232    .text               mc_w.l(memmovea.o)
    0x08012d08   0x08012d08   0x00000024   Code   RO         5234    .text               mc_w.l(memseta.o)
    0x08012d2c   0x08012d2c   0x00000024   Code   RO         5236    .text               mc_w.l(strstr.o)
    0x08012d50   0x08012d50   0x0000000e   Code   RO         5238    .text               mc_w.l(strlen.o)
    0x08012d5e   0x08012d5e   0x0000001c   Code   RO         5240    .text               mc_w.l(strcmp.o)
    0x08012d7a   0x08012d7a   0x0000014e   Code   RO         5535    .text               mf_w.l(dadd.o)
    0x08012ec8   0x08012ec8   0x000000e4   Code   RO         5537    .text               mf_w.l(dmul.o)
    0x08012fac   0x08012fac   0x000000de   Code   RO         5539    .text               mf_w.l(ddiv.o)
    0x0801308a   0x0801308a   0x00000022   Code   RO         5543    .text               mf_w.l(dflti.o)
    0x080130ac   0x080130ac   0x0000001a   Code   RO         5545    .text               mf_w.l(dfltui.o)
    0x080130c6   0x080130c6   0x0000003e   Code   RO         5549    .text               mf_w.l(dfixi.o)
    0x08013104   0x08013104   0x00000032   Code   RO         5551    .text               mf_w.l(dfixui.o)
    0x08013136   0x08013136   0x00000026   Code   RO         5555    .text               mf_w.l(f2d.o)
    0x0801315c   0x0801315c   0x00000030   Code   RO         5557    .text               mf_w.l(cdcmple.o)
    0x0801318c   0x0801318c   0x00000030   Code   RO         5559    .text               mf_w.l(cdrcmple.o)
    0x080131bc   0x080131bc   0x00000038   Code   RO         5561    .text               mf_w.l(d2f.o)
    0x080131f4   0x080131f4   0x0000002c   Code   RO         5632    .text               mc_w.l(uidiv.o)
    0x08013220   0x08013220   0x00000020   Code   RO         5634    .text               mc_w.l(llushr.o)
    0x08013240   0x08013240   0x00000000   Code   RO         5645    .text               mc_w.l(iusefp.o)
    0x08013240   0x08013240   0x0000006e   Code   RO         5646    .text               mf_w.l(fepilogue.o)
    0x080132ae   0x080132ae   0x000000ba   Code   RO         5648    .text               mf_w.l(depilogue.o)
    0x08013368   0x08013368   0x000000a2   Code   RO         5650    .text               mf_w.l(dsqrt.o)
    0x0801340a   0x0801340a   0x00000030   Code   RO         5652    .text               mf_w.l(dfixul.o)
    0x0801343a   0x0801343a   0x00000002   PAD
    0x0801343c   0x0801343c   0x00000024   Code   RO         5656    .text               mc_w.l(init.o)
    0x08013460   0x08013460   0x00000056   Code   RO         5666    .text               mc_w.l(__dczerorl2.o)
    0x080134b6   0x080134b6   0x00000002   PAD
    0x080134b8   0x080134b8   0x00000028   Code   RO         5481    i.__0sprintf        mc_w.l(printfa.o)
    0x080134e0   0x080134e0   0x00000030   Code   RO         5580    i.__ARM_fpclassify  m_wm.l(fpclassify.o)
    0x08013510   0x08013510   0x000002d8   Code   RO         5040    i.__hardfp_atan     m_wm.l(atan.o)
    0x080137e8   0x080137e8   0x000000c8   Code   RO         5066    i.__hardfp_cos      m_wm.l(cos.o)
    0x080138b0   0x080138b0   0x00000014   Code   RO         5106    i.__hardfp_fabs     m_wm.l(fabs.o)
    0x080138c4   0x080138c4   0x00000004   PAD
    0x080138c8   0x080138c8   0x000000c8   Code   RO         5154    i.__hardfp_sin      m_wm.l(sin.o)
    0x08013990   0x08013990   0x0000007a   Code   RO         5166    i.__hardfp_sqrt     m_wm.l(sqrt.o)
    0x08013a0a   0x08013a0a   0x00000006   PAD
    0x08013a10   0x08013a10   0x00000438   Code   RO         5601    i.__ieee754_rem_pio2  m_wm.l(rred.o)
    0x08013e48   0x08013e48   0x00000170   Code   RO         5563    i.__kernel_cos      m_wm.l(cos_i.o)
    0x08013fb8   0x08013fb8   0x000000f8   Code   RO         5598    i.__kernel_poly     m_wm.l(poly.o)
    0x080140b0   0x080140b0   0x00000130   Code   RO         5609    i.__kernel_sin      m_wm.l(sin_i.o)
    0x080141e0   0x080141e0   0x00000014   Code   RO         5567    i.__mathlib_dbl_infnan  m_wm.l(dunder.o)
    0x080141f4   0x080141f4   0x00000004   PAD
    0x080141f8   0x080141f8   0x00000020   Code   RO         5569    i.__mathlib_dbl_invalid  m_wm.l(dunder.o)
    0x08014218   0x08014218   0x00000020   Code   RO         5572    i.__mathlib_dbl_underflow  m_wm.l(dunder.o)
    0x08014238   0x08014238   0x0000000e   Code   RO         5660    i.__scatterload_copy  mc_w.l(handlers.o)
    0x08014246   0x08014246   0x00000002   Code   RO         5661    i.__scatterload_null  mc_w.l(handlers.o)
    0x08014248   0x08014248   0x0000000e   Code   RO         5662    i.__scatterload_zeroinit  mc_w.l(handlers.o)
    0x08014256   0x08014256   0x00000002   PAD
    0x08014258   0x08014258   0x0000000c   Code   RO         5640    i.__set_errno       mc_w.l(errno.o)
    0x08014264   0x08014264   0x00000184   Code   RO         5486    i._fp_digits        mc_w.l(printfa.o)
    0x080143e8   0x080143e8   0x000006b4   Code   RO         5487    i._printf_core      mc_w.l(printfa.o)
    0x08014a9c   0x08014a9c   0x00000024   Code   RO         5488    i._printf_post_padding  mc_w.l(printfa.o)
    0x08014ac0   0x08014ac0   0x0000002e   Code   RO         5489    i._printf_pre_padding  mc_w.l(printfa.o)
    0x08014aee   0x08014aee   0x0000000a   Code   RO         5491    i._sputc            mc_w.l(printfa.o)
    0x08014af8   0x08014af8   0x00000018   Code   RO         5108    i.fabs              m_wm.l(fabs.o)
    0x08014b10   0x08014b10   0x00000018   Code   RO         5217    i.fputs             mc_w.l(fputs.o)
    0x08014b28   0x08014b28   0x00000050   Code   RO         5507    i.free              mc_w.l(malloc.o)
    0x08014b78   0x08014b78   0x0000006c   Code   RO         5508    i.malloc            mc_w.l(malloc.o)
    0x08014be4   0x08014be4   0x0000002c   Data   RO          828    .constdata          supervise.o
    0x08014c10   0x08014c10   0x00000302   Data   RO          891    .constdata          judge.o
    0x08014f12   0x08014f12   0x00000002   PAD
    0x08014f14   0x08014f14   0x0000001c   Data   RO         1366    .constdata          protobuf-c.o
    0x08014f30   0x08014f30   0x0000015c   Data   RO         2142    .constdata          recieve.pb-c.o
    0x0801508c   0x0801508c   0x00000190   Data   RO         2168    .constdata          send.pb-c.o
    0x0801521c   0x0801521c   0x00000004   PAD
    0x08015220   0x08015220   0x00000098   Data   RO         5043    .constdata          m_wm.l(atan.o)
    0x080152b8   0x080152b8   0x00000030   Data   RO         5564    .constdata          m_wm.l(cos_i.o)
    0x080152e8   0x080152e8   0x000000c8   Data   RO         5603    .constdata          m_wm.l(rred.o)
    0x080153b0   0x080153b0   0x00000028   Data   RO         5610    .constdata          m_wm.l(sin_i.o)
    0x080153d8   0x080153d8   0x00000047   Data   RO         1367    .conststring        protobuf-c.o
    0x0801541f   0x0801541f   0x00000001   PAD
    0x08015420   0x08015420   0x0000008b   Data   RO         2143    .conststring        recieve.pb-c.o
    0x080154ab   0x080154ab   0x00000001   PAD
    0x080154ac   0x080154ac   0x00000082   Data   RO         2169    .conststring        send.pb-c.o
    0x0801552e   0x0801552e   0x00000002   PAD
    0x08015530   0x08015530   0x00000020   Data   RO         5658    Region$$Table       anon$$obj.o


    Execution Region RW_IRAM2 (Exec base: 0x10000000, Load base: 0x08015644, Size: 0x00000000, Max: 0x00010000, ABSOLUTE)

    **** No section assigned to this execution region ****


    Execution Region RW_IRAM1 (Exec base: 0x20000000, Load base: 0x08015550, Size: 0x000088a8, Max: 0x00020000, ABSOLUTE, COMPRESSED[0x000000f4])

    Exec Addr    Load Addr    Size         Type   Attr      Idx    E Section Name        Object

    0x20000000   COMPRESSED   0x00000028   Data   RW            6    .data               main.o
    0x20000028   COMPRESSED   0x00000084   Data   RW          390    .data               control_task.o
    0x200000ac   COMPRESSED   0x0000006c   Data   RW          507    .data               chassis_task.o
    0x20000118   COMPRESSED   0x00000128   Data   RW          543    .data               remote_task.o
    0x20000240   COMPRESSED   0x00000020   Data   RW          647    .data               canbustask.o
    0x20000260   COMPRESSED   0x00000038   Data   RW          678    .data               camera_gimbal_task.o
    0x20000298   COMPRESSED   0x00000111   Data   RW          709    .data               gimbal_task.o
    0x200003a9   COMPRESSED   0x00000003   PAD
    0x200003ac   COMPRESSED   0x000000c0   Data   RW          764    .data               shoot_task.o
    0x2000046c   COMPRESSED   0x00000004   PAD
    0x20000470   COMPRESSED   0x00000094   Data   RW          796    .data               autoangle_shoot.o
    0x20000504   COMPRESSED   0x0000003c   Data   RW          829    .data               supervise.o
    0x20000540   COMPRESSED   0x00000041   Data   RW          860    .data               autoshoot_control_task.o
    0x20000581   COMPRESSED   0x00000003   PAD
    0x20000584   COMPRESSED   0x0000003c   Data   RW          892    .data               judge.o
    0x200005c0   COMPRESSED   0x00000013   Data   RW          923    .data               vehicle_com_task.o
    0x200005d3   COMPRESSED   0x00000001   PAD
    0x200005d4   COMPRESSED   0x00000025   Data   RW          954    .data               barriers_task.o
    0x200005f9   COMPRESSED   0x00000003   PAD
    0x200005fc   COMPRESSED   0x00000004   Data   RW         1216    .data               usart.o
    0x20000600   COMPRESSED   0x0000000c   Data   RW         1368    .data               protobuf-c.o
    0x2000060c   COMPRESSED   0x0000000c   Data   RW         1399    .data               client.o
    0x20000618   COMPRESSED   0x00000044   Data   RW         1432    .data               hi220.o
    0x2000065c   COMPRESSED   0x00000008   Data   RW         1462    .data               tf02.o
    0x20000664   COMPRESSED   0x00000003   Data   RW         1497    .data               ddt_motor.o
    0x20000667   COMPRESSED   0x00000001   PAD
    0x20000668   COMPRESSED   0x00000014   Data   RW         1534    .data               system_stm32f4xx.o
    0x2000067c   COMPRESSED   0x00000010   Data   RW         1935    .data               stm32f4xx_rcc.o
    0x2000068c   COMPRESSED   0x00000004   Data   RW         4743    .data               retarget_io.o
    0x20000690   COMPRESSED   0x00000004   Data   RW         5221    .data               mc_w.l(stderr.o)
    0x20000694   COMPRESSED   0x00000004   Data   RW         5636    .data               mc_w.l(mvars.o)
    0x20000698   COMPRESSED   0x00000004   Data   RW         5637    .data               mc_w.l(mvars.o)
    0x2000069c   COMPRESSED   0x00000004   Data   RW         5641    .data               mc_w.l(errno.o)
    0x200006a0        -       0x00000010   Zero   RW            5    .bss                main.o
    0x200006b0        -       0x00000011   Zero   RW          389    .bss                control_task.o
    0x200006c1        -       0x0000006f   Zero   RW          506    .bss                chassis_task.o
    0x20000730        -       0x00000060   Zero   RW          542    .bss                remote_task.o
    0x20000790        -       0x00000438   Zero   RW          646    .bss                canbustask.o
    0x20000bc8        -       0x0000017c   Zero   RW          677    .bss                camera_gimbal_task.o
    0x20000d44        -       0x00000174   Zero   RW          708    .bss                gimbal_task.o
    0x20000eb8        -       0x000000ac   Zero   RW          795    .bss                autoangle_shoot.o
    0x20000f64        -       0x0000009c   Zero   RW          859    .bss                autoshoot_control_task.o
    0x20001000        -       0x00004958   Zero   RW          890    .bss                judge.o
    0x20005958        -       0x00000098   Zero   RW          984    .bss                ladrc.o
    0x200059f0        -       0x00000259   Zero   RW         1215    .bss                usart.o
    0x20005c49        -       0x00000014   Zero   RW         1242    .bss                usart2.o
    0x20005c5d        -       0x000000c8   Zero   RW         1272    .bss                usart3.o
    0x20005d25        -       0x000000c8   Zero   RW         1314    .bss                usart4.o
    0x20005ded        -       0x0000030c   Zero   RW         1398    .bss                client.o
    0x200060f9        -       0x000000ab   Zero   RW         1431    .bss                hi220.o
    0x200061a4        -       0x00000026   Zero   RW         1496    .bss                ddt_motor.o
    0x200061ca   COMPRESSED   0x00000002   PAD
    0x200061cc        -       0x00000ed8   Zero   RW         2072    .bss                pid.o
    0x200070a4   COMPRESSED   0x00000004   PAD
    0x200070a8        -       0x00000800   Zero   RW         1524    HEAP                startup_stm32f4xx.o
    0x200078a8        -       0x00001000   Zero   RW         1523    STACK               startup_stm32f4xx.o


==============================================================================

Image component sizes


      Code (inc. data)   RO Data    RW Data    ZI Data      Debug   Object Name

      1808        236          0        148        172       3824   autoangle_shoot.o
       736         94          0         65        156       3503   autoshoot_control_task.o
       804         84          0         37          0       2773   barriers_task.o
       124         18          0          0          0        519   bsp.o
      1468        138          0         56        380       3152   camera_gimbal_task.o
       312         14          0          0          0       1036   can1.o
       312         10          0          0          0       1036   can2.o
      2964        158          0         32       1080      10082   canbustask.o
      6420        554          0        108        111       9757   chassis_task.o
      9796        392          0         12        780       6847   client.o
       572         50          0        132         17     242574   control_task.o
      1284         10          0          0          0       7166   crclib.o
       436         18          0          3         38       2529   ddt_motor.o
       108          0          0          0          0       1206   delay.o
      4232        516          0        273        372       9709   gimbal_task.o
      1972        182          0         68        171       6365   hi220.o
      2640        188        770         60      18776      16637   judge.o
       480         26          0          0        152       2453   ladrc.o
        60          6          0          0          0        514   laser.o
       152         10          0          0          0        552   led.o
       136         22          0         40         16      82556   main.o
       224         20          0          0          0     210813   misc.o
       228         18          0          0          0       1198   modeswitch.o
       256          6          0          0          0       1248   output2vs.o
      1344         16          0          0       3800       6549   pid.o
     11976        600         99         12          0      51345   protobuf-c.o
       280         96        487          0          0       8824   recieve.pb-c.o
      5536        650          0        296         96     258888   remote_task.o
       292         56          0          4          0       4303   retarget_io.o
       276         92        530          0          0       3414   send.pb-c.o
      2960        380          0        192          0       7045   shoot_task.o
        36          8        392          0       6144        812   startup_stm32f4xx.o
      2544         38          0          0          0      16304   stm32f4xx_can.o
       936         32          0          0          0      18869   stm32f4xx_dma.o
       604         36          0          0          0      10353   stm32f4xx_gpio.o
        26          0          0          0          0       1230   stm32f4xx_it.o
        64          6          0          0          0       1325   stm32f4xx_iwdg.o
      1416         48          0         16          0      23807   stm32f4xx_rcc.o
      3234         60          0          0          0      42652   stm32f4xx_tim.o
      1050         26          0          0          0      13688   stm32f4xx_usart.o
       764         30         44         60          0       5183   supervise.o
       528         46          0         20          0       1795   system_stm32f4xx.o
        68          8          0          8          0        951   tf02.o
       484         18          0          0          0       1746   timer.o
       556         32          0          4        601       1877   usart.o
       680         30          0          0         20       2496   usart2.o
       668         26          0          0        200       2488   usart3.o
       664         30          0          0        200       2532   usart4.o
       316         26          0         19          0       2053   vehicle_com_task.o

    ----------------------------------------------------------------------
     74832       5160       2364       1680      33288    1118578   Object Totals
         0          0         32          0          0          0   (incl. Generated)
         6          0         10         15          6          0   (incl. Padding)

    ----------------------------------------------------------------------

      Code (inc. data)   RO Data    RW Data    ZI Data      Debug   Library Member Name

      1444          0          0          0          0      11304   fifo.o
        32          0          0          0          0       1640   lostcounter.o
       112          6          0          0          0       2612   ramp.o
       728        106        152          0          0        228   atan.o
       200         20          0          0          0        164   cos.o
       368         46         48          0          0        200   cos_i.o
        84         16          0          0          0        372   dunder.o
        44          0          0          0          0        248   fabs.o
        48          0          0          0          0        124   fpclassify.o
       248          0          0          0          0        152   poly.o
      1080        142        200          0          0        188   rred.o
       200         20          0          0          0        164   sin.o
       304         24         40          0          0        208   sin_i.o
       122          0          0          0          0        148   sqrt.o
        86          0          0          0          0          0   __dczerorl2.o
         0          0          0          0          0          0   entry.o
         0          0          0          0          0          0   entry10a.o
         0          0          0          0          0          0   entry11a.o
         4          0          0          0          0          0   entry12b.o
         8          4          0          0          0          0   entry2.o
         4          0          0          0          0          0   entry5.o
         0          0          0          0          0          0   entry7b.o
         0          0          0          0          0          0   entry8b.o
         8          4          0          0          0          0   entry9a.o
        12          6          0          4          0         68   errno.o
        24          0          0          0          0         80   fputs.o
        30          0          0          0          0          0   handlers.o
        36          8          0          0          0         68   init.o
         0          0          0          0          0          0   iusefp.o
        30          0          0          0          0         68   llshl.o
        36          0          0          0          0         68   llsshr.o
        32          0          0          0          0         68   llushr.o
       188         20          0          0          0        160   malloc.o
        64          0          0          0          0         76   memmovea.o
        36          0          0          0          0        108   memseta.o
         0          0          0          8          0          0   mvars.o
      2236         86          0          0          0        532   printfa.o
         0          0          0          4          0          0   stderr.o
        28          0          0          0          0         76   strcmp.o
        14          0          0          0          0         68   strlen.o
        36          0          0          0          0         80   strstr.o
        44          0          0          0          0         80   uidiv.o
        98          0          0          0          0         92   uldiv.o
        48          0          0          0          0         68   cdcmple.o
        48          0          0          0          0         68   cdrcmple.o
        56          0          0          0          0         88   d2f.o
       334          0          0          0          0        148   dadd.o
       222          0          0          0          0        100   ddiv.o
       186          0          0          0          0        176   depilogue.o
        62          0          0          0          0         80   dfixi.o
        50          0          0          0          0         76   dfixui.o
        48          0          0          0          0         68   dfixul.o
        34          0          0          0          0         76   dflti.o
        26          0          0          0          0         76   dfltui.o
       228          0          0          0          0         96   dmul.o
       162          0          0          0          0        100   dsqrt.o
        38          0          0          0          0         68   f2d.o
       110          0          0          0          0        168   fepilogue.o

    ----------------------------------------------------------------------
      9740        508        440         16          0      20900   Library Totals
        20          0          0          0          0          0   (incl. Padding)

    ----------------------------------------------------------------------

      Code (inc. data)   RO Data    RW Data    ZI Data      Debug   Library Name

      1588          6          0          0          0      15556   RMLib.lib
      3426        374        440          0          0       2196   m_wm.l
      3054        128          0         16          0       1692   mc_w.l
      1652          0          0          0          0       1456   mf_w.l

    ----------------------------------------------------------------------
      9740        508        440         16          0      20900   Library Totals

    ----------------------------------------------------------------------

==============================================================================


      Code (inc. data)   RO Data    RW Data    ZI Data      Debug   

     84572       5668       2804       1696      33288    1126346   Grand Totals
     84572       5668       2804        244      33288    1126346   ELF Image Totals (compressed)
     84572       5668       2804        244          0          0   ROM Totals

==============================================================================

    Total RO  Size (Code + RO Data)                87376 (  85.33kB)
    Total RW  Size (RW Data + ZI Data)             34984 (  34.16kB)
    Total ROM Size (Code + RO Data + RW Data)      87620 (  85.57kB)

==============================================================================

